92.118.160.1 - - [05/Oct/2025:14:29:36 +0200] "GET /docs HTTP/1.1" 500 8028 "https://github.com/" "curl/7.68.0"
180.149.125.89 - - [03/Oct/2025:19:13:36 +0200] "GET / HTTP/1.1" 404 9315 "https://www.reddit.com/r/programming" "Mozilla/5.0 (iPhone; CPU iPhone OS 14_6 like Mac OS X) Safari/604.1"
198.51.100.23 - - [08/Oct/2025:13:09:36 +0200] "GET /blog/post-1 HTTP/1.1" 200 569 "https://twitter.com/" "curl/7.68.0"
127.0.0.1 - - [03/Oct/2025:12:55:36 +0200] "PUT /about.html HTTP/1.1" 200 6218 "https://www.reddit.com/r/programming" "Mozilla/5.0 (iPhone; CPU iPhone OS 14_6 like Mac OS X) Safari/604.1"
180.149.125.89 - - [03/Oct/2025:10:49:36 +0200] "GET /blog/post-1 HTTP/1.1" 500 1601 "https://github.com/" "Go-http-client/1.1"
185.125.190.39 - - [03/Oct/2025:02:53:36 +0200] "GET /pricing HTTP/1.1" 200 9245 "-" "Go-http-client/1.1"
185.199.108.153 - - [04/Oct/2025:06:29:36 +0200] "GET /admin HTTP/1.1" 200 8763 "-" "python-requests/2.25.1"
78.46.89.147 - - [05/Oct/2025:11:16:36 +0200] "POST /blog/post-2 HTTP/1.1" 503 3478 "https://twitter.com/" "Mozilla/5.0 (iPhone; CPU iPhone OS 14_6 like Mac OS X) Safari/604.1"
192.168.1.10 - - [06/Oct/2025:23:07:36 +0200] "PUT /cart HTTP/1.1" 200 6950 "https://www.google.com/search?q=nginx" "Mozilla/5.0 (iPhone; CPU iPhone OS 14_6 like Mac OS X) Safari/604.1"
41.190.3.50 - - [04/Oct/2025:20:33:36 +0200] "PUT /api/v1/status HTTP/1.1" 200 5593 "https://www.reddit.com/r/programming" "Mozilla/5.0 (Macintosh; Intel Mac OS X 10_15_7) AppleWebKit/537.36 Safari/605.1.15"
192.168.1.10 - - [09/Oct/2025:07:51:36 +0200] "GET /pricing HTTP/1.1" 503 9560 "https://www.google.com/search?q=nginx" "Mozilla/5.0 (iPhone; CPU iPhone OS 14_6 like Mac OS X) Safari/604.1"
192.168.1.10 - - [04/Oct/2025:06:46:36 +0200] "GET /blog/post-2 HTTP/1.1" 200 2061 "https://twitter.com/" "Mozilla/5.0 (X11; Linux x86_64) AppleWebKit/537.36 Chrome/91.0"
185.199.108.153 - - [06/Oct/2025:08:31:36 +0200] "PUT /contact.html HTTP/1.1" 502 3676 "https://github.com/" "curl/7.68.0"
200.56.23.188 - - [08/Oct/2025:15:38:36 +0200] "GET /checkout HTTP/1.1" 304 7005 "https://twitter.com/" "Go-http-client/1.1"
200.56.23.188 - - [03/Oct/2025:05:03:36 +0200] "GET /checkout HTTP/1.1" 200 2627 "https://github.com/" "python-requests/2.25.1"
151.80.31.45 - - [06/Oct/2025:06:55:36 +0200] "GET /contact.html HTTP/1.1" 200 8898 "https://www.google.com/search?q=nginx" "Mozilla/5.0 (Macintosh; Intel Mac OS X 10_15_7) AppleWebKit/537.36 Safari/605.1.15"
185.70.41.130 - - [04/Oct/2025:08:09:36 +0200] "GET /docs HTTP/1.1" 404 7770 "https://github.com/" "Mozilla/5.0 (X11; Linux x86_64) AppleWebKit/537.36 Chrome/91.0"
192.168.1.10 - - [08/Oct/2025:00:01:36 +0200] "GET /logout HTTP/1.1" 502 4599 "https://www.reddit.com/r/programming" "Go-http-client/1.1"
223.165.16.232 - - [08/Oct/2025:00:01:36 +0200] "GET /about.html HTTP/1.1" 200 7001 "https://twitter.com/" "python-requests/2.25.1"
198.51.100.23 - - [04/Oct/2025:01:01:36 +0200] "GET /pricing HTTP/1.1" 500 9838 "https://twitter.com/" "Go-http-client/1.1"
185.125.190.39 - - [09/Oct/2025:05:21:36 +0200] "POST /search HTTP/1.1" 503 694 "-" "python-requests/2.25.1"
8.8.8.8 - - [08/Oct/2025:22:48:36 +0200] "GET /api/v2/orders HTTP/1.1" 200 4445 "https://www.google.com/search?q=nginx" "Go-http-client/1.1"
78.46.89.147 - - [04/Oct/2025:16:28:36 +0200] "POST /logout HTTP/1.1" 200 5488 "https://www.reddit.com/r/programming" "Mozilla/5.0 (Windows NT 10.0; Win64; x64) AppleWebKit/537.36 Chrome/91.0.4472.124"
41.190.3.50 - - [06/Oct/2025:02:37:36 +0200] "GET /blog/post-1 HTTP/1.1" 200 9409 "https://news.ycombinator.com/" "curl/7.68.0"
185.70.41.130 - - [08/Oct/2025:02:11:36 +0200] "PUT /api/v1/data HTTP/1.1" 304 1916 "https://www.google.com/search?q=nginx" "Go-http-client/1.1"
185.199.108.153 - - [04/Oct/2025:00:02:36 +0200] "GET /pricing HTTP/1.1" 404 7713 "-" "Mozilla/5.0 (Windows NT 10.0; Win64; x64) AppleWebKit/537.36 Chrome/91.0.4472.124"
185.125.190.39 - - [05/Oct/2025:07:19:36 +0200] "DELETE /logout HTTP/1.1" 200 999 "https://twitter.com/" "Mozilla/5.0 (iPhone; CPU iPhone OS 14_6 like Mac OS X) Safari/604.1"
37.59.123.45 - - [09/Oct/2025:20:51:36 +0200] "POST /api/v2/orders HTTP/1.1" 200 2987 "https://twitter.com/" "curl/7.68.0"
172.16.0.5 - - [09/Oct/2025:20:58:36 +0200] "PUT /contact.html HTTP/1.1" 200 1263 "https://www.google.com/search?q=nginx" "Mozilla/5.0 (Windows NT 10.0; Win64; x64) AppleWebKit/537.36 Chrome/91.0.4472.124"
62.210.152.99 - - [08/Oct/2025:09:09:36 +0200] "GET / HTTP/1.1" 503 9288 "-" "Mozilla/5.0 (iPhone; CPU iPhone OS 14_6 like Mac OS X) Safari/604.1"
223.165.16.232 - - [04/Oct/2025:15:20:36 +0200] "GET /logout HTTP/1.1" 200 5785 "https://www.reddit.com/r/programming" "Mozilla/5.0 (Macintosh; Intel Mac OS X 10_15_7) AppleWebKit/537.36 Safari/605.1.15"
198.51.100.23 - - [07/Oct/2025:10:42:36 +0200] "PUT /docs HTTP/1.1" 200 10087 "https://www.google.com/search?q=nginx" "Mozilla/5.0 (X11; Linux x86_64; rv:89.0) Gecko/20100101 Firefox/89.0"
223.165.16.232 - - [03/Oct/2025:03:41:36 +0200] "GET /profile HTTP/1.1" 200 3751 "-" "Mozilla/5.0 (X11; Linux x86_64; rv:89.0) Gecko/20100101 Firefox/89.0"
192.168.1.10 - - [03/Oct/2025:21:35:36 +0200] "GET /pricing HTTP/1.1" 404 3579 "https://www.reddit.com/r/programming" "Go-http-client/1.1"
41.190.3.50 - - [05/Oct/2025:19:05:36 +0200] "GET /search HTTP/1.1" 200 1590 "-" "Mozilla/5.0 (X11; Linux x86_64) AppleWebKit/537.36 Chrome/91.0"
200.56.23.188 - - [08/Oct/2025:15:40:36 +0200] "GET /dashboard HTTP/1.1" 200 9028 "https://github.com/" "Mozilla/5.0 (Macintosh; Intel Mac OS X 10_15_7) AppleWebKit/537.36 Safari/605.1.15"
180.149.125.89 - - [03/Oct/2025:15:32:36 +0200] "GET / HTTP/1.1" 200 2123 "https://github.com/" "Mozilla/5.0 (iPhone; CPU iPhone OS 14_6 like Mac OS X) Safari/604.1"
202.177.215.73 - - [03/Oct/2025:03:37:36 +0200] "PUT /download HTTP/1.1" 404 2802 "https://www.reddit.com/r/programming" "Mozilla/5.0 (X11; Linux x86_64) AppleWebKit/537.36 Chrome/91.0"
10.0.0.45 - - [03/Oct/2025:18:39:36 +0200] "GET /docs HTTP/1.1" 200 5475 "-" "Go-http-client/1.1"
185.70.41.130 - - [05/Oct/2025:03:50:36 +0200] "GET /dashboard HTTP/1.1" 502 4997 "-" "Mozilla/5.0 (Windows NT 10.0; Win64; x64) AppleWebKit/537.36 Chrome/91.0.4472.124"
151.80.31.45 - - [03/Oct/2025:23:09:36 +0200] "PUT /settings HTTP/1.1" 200 6861 "https://twitter.com/" "Mozilla/5.0 (X11; Linux x86_64; rv:89.0) Gecko/20100101 Firefox/89.0"
203.0.113.5 - - [09/Oct/2025:13:37:36 +0200] "GET /checkout HTTP/1.1" 200 976 "https://twitter.com/" "Go-http-client/1.1"
180.149.125.89 - - [07/Oct/2025:15:46:36 +0200] "POST / HTTP/1.1" 304 4745 "-" "Mozilla/5.0 (Macintosh; Intel Mac OS X 10_15_7) AppleWebKit/537.36 Safari/605.1.15"
127.0.0.1 - - [03/Oct/2025:14:18:36 +0200] "GET /blog/post-2 HTTP/1.1" 200 1096 "https://stackoverflow.com/" "Mozilla/5.0 (Macintosh; Intel Mac OS X 10_15_7) AppleWebKit/537.36 Safari/605.1.15"
37.59.123.45 - - [04/Oct/2025:04:49:36 +0200] "GET /index.html HTTP/1.1" 200 7472 "-" "python-requests/2.25.1"
62.210.152.99 - - [04/Oct/2025:12:02:36 +0200] "GET /search HTTP/1.1" 200 4109 "https://twitter.com/" "Mozilla/5.0 (Macintosh; Intel Mac OS X 10_15_7) AppleWebKit/537.36 Safari/605.1.15"
185.125.190.39 - - [04/Oct/2025:07:47:36 +0200] "GET /api/v1/users HTTP/1.1" 200 6879 "-" "Mozilla/5.0 (X11; Linux x86_64) AppleWebKit/537.36 Chrome/91.0"
200.56.23.188 - - [07/Oct/2025:01:57:36 +0200] "GET /api/v2/orders HTTP/1.1" 200 2246 "https://www.google.com/search?q=nginx" "Mozilla/5.0 (Macintosh; Intel Mac OS X 10_15_7) AppleWebKit/537.36 Safari/605.1.15"
151.80.31.45 - - [07/Oct/2025:19:41:36 +0200] "DELETE /settings HTTP/1.1" 503 4261 "-" "Go-http-client/1.1"
92.118.160.1 - - [04/Oct/2025:00:08:36 +0200] "GET /products HTTP/1.1" 200 3123 "https://www.reddit.com/r/programming" "Mozilla/5.0 (X11; Linux x86_64) AppleWebKit/537.36 Chrome/91.0"
92.118.160.1 - - [04/Oct/2025:19:34:36 +0200] "POST /dashboard HTTP/1.1" 200 842 "https://github.com/" "curl/7.68.0"
151.80.31.45 - - [06/Oct/2025:18:10:36 +0200] "DELETE /docs HTTP/1.1" 304 345 "https://stackoverflow.com/" "Mozilla/5.0 (iPhone; CPU iPhone OS 14_6 like Mac OS X) Safari/604.1"
198.51.100.23 - - [07/Oct/2025:18:44:36 +0200] "PUT /settings HTTP/1.1" 200 8061 "https://stackoverflow.com/" "Mozilla/5.0 (Windows NT 10.0; Win64; x64) AppleWebKit/537.36 Chrome/91.0.4472.124"
37.59.123.45 - - [08/Oct/2025:23:09:36 +0200] "GET /contact.html HTTP/1.1" 200 8040 "https://news.ycombinator.com/" "Go-http-client/1.1"
203.0.113.5 - - [06/Oct/2025:13:58:36 +0200] "DELETE / HTTP/1.1" 200 9760 "https://stackoverflow.com/" "Go-http-client/1.1"
185.125.190.39 - - [06/Oct/2025:05:10:36 +0200] "GET /dashboard HTTP/1.1" 200 352 "https://www.google.com/search?q=nginx" "Mozilla/5.0 (X11; Linux x86_64) AppleWebKit/537.36 Chrome/91.0"
203.0.113.5 - - [07/Oct/2025:10:08:36 +0200] "GET /api/v1/users HTTP/1.1" 503 9113 "https://news.ycombinator.com/" "Mozilla/5.0 (Macintosh; Intel Mac OS X 10_15_7) AppleWebKit/537.36 Safari/605.1.15"
62.210.152.99 - - [04/Oct/2025:09:04:36 +0200] "GET /cart HTTP/1.1" 200 4741 "-" "Mozilla/5.0 (Macintosh; Intel Mac OS X 10_15_7) AppleWebKit/537.36 Safari/605.1.15"
41.190.3.50 - - [07/Oct/2025:20:46:36 +0200] "GET /api/v1/users HTTP/1.1" 502 443 "-" "Mozilla/5.0 (X11; Linux x86_64) AppleWebKit/537.36 Chrome/91.0"
37.59.123.45 - - [05/Oct/2025:08:42:36 +0200] "GET /api/v1/users HTTP/1.1" 200 7321 "-" "curl/7.68.0"
192.168.1.10 - - [06/Oct/2025:05:07:36 +0200] "PUT /docs HTTP/1.1" 200 9778 "-" "Go-http-client/1.1"
185.125.190.39 - - [04/Oct/2025:15:07:36 +0200] "GET /profile HTTP/1.1" 502 6318 "https://twitter.com/" "Mozilla/5.0 (iPhone; CPU iPhone OS 14_6 like Mac OS X) Safari/604.1"
41.190.3.50 - - [03/Oct/2025:23:56:36 +0200] "GET /download HTTP/1.1" 404 4337 "https://www.reddit.com/r/programming" "curl/7.68.0"
180.149.125.89 - - [05/Oct/2025:12:49:36 +0200] "DELETE /cart HTTP/1.1" 500 570 "-" "curl/7.68.0"
37.59.123.45 - - [03/Oct/2025:09:22:36 +0200] "GET /api/v2/orders HTTP/1.1" 404 3826 "-" "Go-http-client/1.1"
192.168.1.10 - - [09/Oct/2025:04:27:36 +0200] "GET /search HTTP/1.1" 404 3831 "https://twitter.com/" "curl/7.68.0"
185.70.41.130 - - [05/Oct/2025:14:36:36 +0200] "GET /pricing HTTP/1.1" 200 5432 "https://stackoverflow.com/" "python-requests/2.25.1"
185.199.108.153 - - [04/Oct/2025:07:09:36 +0200] "PUT /checkout HTTP/1.1" 502 1682 "https://github.com/" "Go-http-client/1.1"
37.59.123.45 - - [05/Oct/2025:08:21:36 +0200] "DELETE /dashboard HTTP/1.1" 200 8433 "-" "curl/7.68.0"
62.210.152.99 - - [06/Oct/2025:15:54:36 +0200] "POST /api/v2/orders HTTP/1.1" 200 2178 "https://twitter.com/" "Mozilla/5.0 (Windows NT 10.0; Win64; x64) AppleWebKit/537.36 Chrome/91.0.4472.124"
172.16.0.5 - - [03/Oct/2025:20:15:36 +0200] "GET /contact.html HTTP/1.1" 200 7324 "https://www.google.com/search?q=nginx" "Mozilla/5.0 (Macintosh; Intel Mac OS X 10_15_7) AppleWebKit/537.36 Safari/605.1.15"
185.70.41.130 - - [08/Oct/2025:09:19:36 +0200] "PUT /blog/post-2 HTTP/1.1" 500 3326 "https://stackoverflow.com/" "Mozilla/5.0 (Windows NT 10.0; Win64; x64) AppleWebKit/537.36 Chrome/91.0.4472.124"
41.190.3.50 - - [06/Oct/2025:11:28:36 +0200] "GET /docs HTTP/1.1" 200 3686 "https://news.ycombinator.com/" "Mozilla/5.0 (Macintosh; Intel Mac OS X 10_15_7) AppleWebKit/537.36 Safari/605.1.15"
185.199.108.153 - - [03/Oct/2025:07:53:36 +0200] "POST /admin HTTP/1.1" 200 3770 "-" "Mozilla/5.0 (X11; Linux x86_64; rv:89.0) Gecko/20100101 Firefox/89.0"
203.0.113.5 - - [06/Oct/2025:22:01:36 +0200] "POST /api/v1/status HTTP/1.1" 304 1305 "-" "Mozilla/5.0 (X11; Linux x86_64) AppleWebKit/537.36 Chrome/91.0"
180.149.125.89 - - [05/Oct/2025:22:11:36 +0200] "POST /docs HTTP/1.1" 502 1999 "https://stackoverflow.com/" "Mozilla/5.0 (Macintosh; Intel Mac OS X 10_15_7) AppleWebKit/537.36 Safari/605.1.15"
10.0.0.45 - - [03/Oct/2025:13:41:36 +0200] "GET /settings HTTP/1.1" 304 8640 "-" "Mozilla/5.0 (Windows NT 10.0; Win64; x64) AppleWebKit/537.36 Chrome/91.0.4472.124"
37.59.123.45 - - [07/Oct/2025:00:54:36 +0200] "POST /api/v2/orders HTTP/1.1" 304 9462 "-" "python-requests/2.25.1"
10.0.0.45 - - [06/Oct/2025:14:34:36 +0200] "POST /api/v1/status HTTP/1.1" 304 2177 "https://github.com/" "Mozilla/5.0 (Macintosh; Intel Mac OS X 10_15_7) AppleWebKit/537.36 Safari/605.1.15"
10.0.0.45 - - [06/Oct/2025:01:58:36 +0200] "GET /api/v2/orders HTTP/1.1" 200 1087 "https://news.ycombinator.com/" "Mozilla/5.0 (iPhone; CPU iPhone OS 14_6 like Mac OS X) Safari/604.1"
127.0.0.1 - - [05/Oct/2025:16:41:36 +0200] "GET /download HTTP/1.1" 200 208 "-" "Mozilla/5.0 (iPhone; CPU iPhone OS 14_6 like Mac OS X) Safari/604.1"
185.70.41.130 - - [03/Oct/2025:06:31:36 +0200] "DELETE /download HTTP/1.1" 200 4171 "https://github.com/" "curl/7.68.0"
37.59.123.45 - - [03/Oct/2025:02:56:36 +0200] "POST /dashboard HTTP/1.1" 404 9966 "https://twitter.com/" "Mozilla/5.0 (iPhone; CPU iPhone OS 14_6 like Mac OS X) Safari/604.1"
192.168.1.10 - - [08/Oct/2025:17:30:36 +0200] "GET /api/v1/data HTTP/1.1" 404 4832 "https://www.google.com/search?q=nginx" "Go-http-client/1.1"
10.0.0.45 - - [08/Oct/2025:19:06:36 +0200] "GET /blog/post-1 HTTP/1.1" 200 5075 "https://twitter.com/" "curl/7.68.0"
202.177.215.73 - - [06/Oct/2025:08:05:36 +0200] "GET /api/v1/status HTTP/1.1" 404 2525 "https://www.google.com/search?q=nginx" "python-requests/2.25.1"
172.16.0.5 - - [08/Oct/2025:03:26:36 +0200] "GET /products HTTP/1.1" 502 3837 "-" "Mozilla/5.0 (X11; Linux x86_64) AppleWebKit/537.36 Chrome/91.0"
151.80.31.45 - - [09/Oct/2025:10:30:36 +0200] "PUT /blog/post-1 HTTP/1.1" 500 2930 "https://stackoverflow.com/" "python-requests/2.25.1"
223.165.16.232 - - [03/Oct/2025:16:17:36 +0200] "PUT /admin HTTP/1.1" 200 4561 "-" "python-requests/2.25.1"
185.125.190.39 - - [03/Oct/2025:17:47:36 +0200] "GET /admin HTTP/1.1" 304 5279 "https://www.reddit.com/r/programming" "python-requests/2.25.1"
185.199.108.153 - - [04/Oct/2025:02:10:36 +0200] "GET /pricing HTTP/1.1" 200 2408 "https://twitter.com/" "python-requests/2.25.1"
41.190.3.50 - - [05/Oct/2025:10:04:36 +0200] "GET /checkout HTTP/1.1" 500 2067 "https://stackoverflow.com/" "curl/7.68.0"
203.0.113.5 - - [06/Oct/2025:19:04:36 +0200] "GET /api/v2/orders HTTP/1.1" 200 4980 "-" "Go-http-client/1.1"
78.46.89.147 - - [07/Oct/2025:22:59:36 +0200] "PUT /blog/post-1 HTTP/1.1" 200 2558 "-" "curl/7.68.0"
202.177.215.73 - - [09/Oct/2025:14:12:36 +0200] "POST /index.html HTTP/1.1" 503 4566 "https://github.com/" "Mozilla/5.0 (iPhone; CPU iPhone OS 14_6 like Mac OS X) Safari/604.1"
172.16.0.5 - - [09/Oct/2025:18:18:36 +0200] "GET /pricing HTTP/1.1" 200 2981 "https://www.google.com/search?q=nginx" "Mozilla/5.0 (X11; Linux x86_64; rv:89.0) Gecko/20100101 Firefox/89.0"
202.177.215.73 - - [05/Oct/2025:05:28:36 +0200] "POST /contact.html HTTP/1.1" 200 6179 "-" "Mozilla/5.0 (iPhone; CPU iPhone OS 14_6 like Mac OS X) Safari/604.1"
92.118.160.1 - - [05/Oct/2025:08:11:36 +0200] "POST /blog/post-1 HTTP/1.1" 200 4750 "https://news.ycombinator.com/" "Mozilla/5.0 (X11; Linux x86_64; rv:89.0) Gecko/20100101 Firefox/89.0"
185.125.190.39 - - [04/Oct/2025:10:54:36 +0200] "PUT /api/v1/status HTTP/1.1" 200 4092 "https://stackoverflow.com/" "python-requests/2.25.1"
151.80.31.45 - - [07/Oct/2025:09:54:36 +0200] "GET /search HTTP/1.1" 200 374 "https://www.google.com/search?q=nginx" "Mozilla/5.0 (Windows NT 10.0; Win64; x64) AppleWebKit/537.36 Chrome/91.0.4472.124"
151.80.31.45 - - [09/Oct/2025:05:36:36 +0200] "POST /api/v1/data HTTP/1.1" 404 4598 "https://www.reddit.com/r/programming" "Mozilla/5.0 (X11; Linux x86_64) AppleWebKit/537.36 Chrome/91.0"
127.0.0.1 - - [04/Oct/2025:13:59:36 +0200] "PUT /pricing HTTP/1.1" 502 9378 "https://stackoverflow.com/" "Mozilla/5.0 (Windows NT 10.0; Win64; x64) AppleWebKit/537.36 Chrome/91.0.4472.124"
202.177.215.73 - - [07/Oct/2025:03:43:36 +0200] "GET /contact.html HTTP/1.1" 200 9858 "https://www.reddit.com/r/programming" "curl/7.68.0"
41.190.3.50 - - [05/Oct/2025:10:51:36 +0200] "GET /docs HTTP/1.1" 500 3649 "-" "Mozilla/5.0 (X11; Linux x86_64) AppleWebKit/537.36 Chrome/91.0"
41.190.3.50 - - [08/Oct/2025:18:51:36 +0200] "GET /api/v1/data HTTP/1.1" 502 8541 "https://www.reddit.com/r/programming" "Mozilla/5.0 (iPhone; CPU iPhone OS 14_6 like Mac OS X) Safari/604.1"
185.125.190.39 - - [03/Oct/2025:07:25:36 +0200] "PUT /admin HTTP/1.1" 200 4679 "https://stackoverflow.com/" "Mozilla/5.0 (X11; Linux x86_64; rv:89.0) Gecko/20100101 Firefox/89.0"
198.51.100.23 - - [06/Oct/2025:08:04:36 +0200] "GET /about.html HTTP/1.1" 503 2293 "-" "Mozilla/5.0 (X11; Linux x86_64; rv:89.0) Gecko/20100101 Firefox/89.0"
10.0.0.45 - - [08/Oct/2025:12:37:36 +0200] "PUT /api/v1/status HTTP/1.1" 500 5154 "https://www.google.com/search?q=nginx" "Mozilla/5.0 (X11; Linux x86_64; rv:89.0) Gecko/20100101 Firefox/89.0"
151.80.31.45 - - [08/Oct/2025:20:17:36 +0200] "GET /search HTTP/1.1" 500 9952 "-" "Mozilla/5.0 (X11; Linux x86_64; rv:89.0) Gecko/20100101 Firefox/89.0"
185.199.108.153 - - [05/Oct/2025:14:13:36 +0200] "GET /search HTTP/1.1" 200 9044 "https://twitter.com/" "Mozilla/5.0 (X11; Linux x86_64) AppleWebKit/537.36 Chrome/91.0"
78.46.89.147 - - [03/Oct/2025:19:56:36 +0200] "GET /api/v2/orders HTTP/1.1" 502 8897 "https://github.com/" "python-requests/2.25.1"
92.118.160.1 - - [05/Oct/2025:11:15:36 +0200] "GET /blog/post-2 HTTP/1.1" 404 3222 "https://github.com/" "python-requests/2.25.1"
78.46.89.147 - - [03/Oct/2025:04:57:36 +0200] "PUT /api/v1/users HTTP/1.1" 200 711 "https://twitter.com/" "python-requests/2.25.1"
37.59.123.45 - - [02/Oct/2025:23:02:36 +0200] "PUT /api/v1/status HTTP/1.1" 404 5462 "https://www.google.com/search?q=nginx" "Go-http-client/1.1"
198.51.100.23 - - [09/Oct/2025:14:29:36 +0200] "DELETE /admin HTTP/1.1" 200 5256 "https://www.reddit.com/r/programming" "Mozilla/5.0 (X11; Linux x86_64; rv:89.0) Gecko/20100101 Firefox/89.0"
202.177.215.73 - - [03/Oct/2025:11:15:36 +0200] "PUT /cart HTTP/1.1" 200 1771 "https://www.google.com/search?q=nginx" "Mozilla/5.0 (iPhone; CPU iPhone OS 14_6 like Mac OS X) Safari/604.1"
151.80.31.45 - - [08/Oct/2025:01:33:36 +0200] "GET /blog/post-2 HTTP/1.1" 304 8755 "-" "curl/7.68.0"
41.190.3.50 - - [08/Oct/2025:02:02:36 +0200] "GET /contact.html HTTP/1.1" 200 9822 "https://www.google.com/search?q=nginx" "Go-http-client/1.1"
92.118.160.1 - - [06/Oct/2025:22:57:36 +0200] "POST /api/v1/data HTTP/1.1" 502 8841 "https://www.reddit.com/r/programming" "Mozilla/5.0 (X11; Linux x86_64; rv:89.0) Gecko/20100101 Firefox/89.0"
41.190.3.50 - - [06/Oct/2025:00:59:36 +0200] "POST /api/v1/data HTTP/1.1" 502 8384 "-" "python-requests/2.25.1"
223.165.16.232 - - [03/Oct/2025:17:09:36 +0200] "GET /profile HTTP/1.1" 200 7116 "-" "Mozilla/5.0 (Windows NT 10.0; Win64; x64) AppleWebKit/537.36 Chrome/91.0.4472.124"
185.125.190.39 - - [03/Oct/2025:08:13:36 +0200] "POST /docs HTTP/1.1" 500 7817 "https://twitter.com/" "Mozilla/5.0 (Windows NT 10.0; Win64; x64) AppleWebKit/537.36 Chrome/91.0.4472.124"
172.16.0.5 - - [03/Oct/2025:10:12:36 +0200] "POST /profile HTTP/1.1" 503 4218 "https://www.reddit.com/r/programming" "Mozilla/5.0 (iPhone; CPU iPhone OS 14_6 like Mac OS X) Safari/604.1"
185.125.190.39 - - [08/Oct/2025:11:15:36 +0200] "GET /admin HTTP/1.1" 200 2886 "-" "Mozilla/5.0 (Windows NT 10.0; Win64; x64) AppleWebKit/537.36 Chrome/91.0.4472.124"
180.149.125.89 - - [05/Oct/2025:23:09:36 +0200] "DELETE /download HTTP/1.1" 200 5557 "-" "Mozilla/5.0 (iPhone; CPU iPhone OS 14_6 like Mac OS X) Safari/604.1"
127.0.0.1 - - [05/Oct/2025:21:40:36 +0200] "GET /products HTTP/1.1" 404 3125 "-" "Mozilla/5.0 (Windows NT 10.0; Win64; x64) AppleWebKit/537.36 Chrome/91.0.4472.124"
151.80.31.45 - - [07/Oct/2025:04:15:36 +0200] "PUT /docs HTTP/1.1" 502 774 "-" "curl/7.68.0"
62.210.152.99 - - [05/Oct/2025:11:05:36 +0200] "GET /blog/post-2 HTTP/1.1" 200 3342 "https://twitter.com/" "Mozilla/5.0 (X11; Linux x86_64) AppleWebKit/537.36 Chrome/91.0"
41.190.3.50 - - [04/Oct/2025:09:41:36 +0200] "PUT /dashboard HTTP/1.1" 200 7099 "-" "Mozilla/5.0 (X11; Linux x86_64) AppleWebKit/537.36 Chrome/91.0"
198.51.100.23 - - [06/Oct/2025:00:03:36 +0200] "GET /index.html HTTP/1.1" 502 8020 "-" "Mozilla/5.0 (Macintosh; Intel Mac OS X 10_15_7) AppleWebKit/537.36 Safari/605.1.15"
62.210.152.99 - - [09/Oct/2025:06:07:36 +0200] "PUT /download HTTP/1.1" 200 214 "https://www.reddit.com/r/programming" "Mozilla/5.0 (Windows NT 10.0; Win64; x64) AppleWebKit/537.36 Chrome/91.0.4472.124"
10.0.0.45 - - [04/Oct/2025:22:07:36 +0200] "GET /blog/post-2 HTTP/1.1" 200 4308 "https://github.com/" "Go-http-client/1.1"
62.210.152.99 - - [08/Oct/2025:09:48:36 +0200] "GET /search HTTP/1.1" 200 2675 "https://stackoverflow.com/" "curl/7.68.0"
223.165.16.232 - - [09/Oct/2025:00:58:36 +0200] "GET /products HTTP/1.1" 200 6610 "https://stackoverflow.com/" "curl/7.68.0"
151.80.31.45 - - [04/Oct/2025:20:30:36 +0200] "DELETE /api/v1/users HTTP/1.1" 500 9267 "https://twitter.com/" "Mozilla/5.0 (iPhone; CPU iPhone OS 14_6 like Mac OS X) Safari/604.1"
41.190.3.50 - - [08/Oct/2025:13:11:36 +0200] "POST /api/v1/users HTTP/1.1" 200 2588 "https://www.reddit.com/r/programming" "Mozilla/5.0 (X11; Linux x86_64; rv:89.0) Gecko/20100101 Firefox/89.0"
223.165.16.232 - - [09/Oct/2025:11:12:36 +0200] "GET /index.html HTTP/1.1" 200 7152 "https://www.reddit.com/r/programming" "Mozilla/5.0 (X11; Linux x86_64; rv:89.0) Gecko/20100101 Firefox/89.0"
185.125.190.39 - - [08/Oct/2025:12:31:36 +0200] "GET /about.html HTTP/1.1" 200 6326 "https://www.reddit.com/r/programming" "Mozilla/5.0 (X11; Linux x86_64) AppleWebKit/537.36 Chrome/91.0"
185.125.190.39 - - [04/Oct/2025:01:19:36 +0200] "GET /search HTTP/1.1" 304 1043 "-" "Mozilla/5.0 (X11; Linux x86_64; rv:89.0) Gecko/20100101 Firefox/89.0"
78.46.89.147 - - [08/Oct/2025:21:24:36 +0200] "DELETE /admin HTTP/1.1" 200 5542 "https://github.com/" "Mozilla/5.0 (Windows NT 10.0; Win64; x64) AppleWebKit/537.36 Chrome/91.0.4472.124"
185.199.108.153 - - [05/Oct/2025:14:50:36 +0200] "GET /admin HTTP/1.1" 200 1644 "https://stackoverflow.com/" "python-requests/2.25.1"
10.0.0.45 - - [08/Oct/2025:23:54:36 +0200] "GET /about.html HTTP/1.1" 200 6098 "https://news.ycombinator.com/" "Mozilla/5.0 (X11; Linux x86_64; rv:89.0) Gecko/20100101 Firefox/89.0"
78.46.89.147 - - [03/Oct/2025:07:21:36 +0200] "DELETE /search HTTP/1.1" 200 2493 "https://news.ycombinator.com/" "curl/7.68.0"
41.190.3.50 - - [06/Oct/2025:15:23:36 +0200] "POST /download HTTP/1.1" 200 2487 "https://github.com/" "Mozilla/5.0 (Macintosh; Intel Mac OS X 10_15_7) AppleWebKit/537.36 Safari/605.1.15"
200.56.23.188 - - [06/Oct/2025:06:17:36 +0200] "POST /logout HTTP/1.1" 200 6253 "https://stackoverflow.com/" "Go-http-client/1.1"
37.59.123.45 - - [07/Oct/2025:22:02:36 +0200] "PUT /docs HTTP/1.1" 200 5025 "-" "Mozilla/5.0 (Windows NT 10.0; Win64; x64) AppleWebKit/537.36 Chrome/91.0.4472.124"
180.149.125.89 - - [05/Oct/2025:22:21:36 +0200] "PUT /blog/post-2 HTTP/1.1" 304 5444 "-" "Mozilla/5.0 (X11; Linux x86_64) AppleWebKit/537.36 Chrome/91.0"
37.59.123.45 - - [08/Oct/2025:19:40:36 +0200] "GET /admin HTTP/1.1" 200 8281 "https://www.reddit.com/r/programming" "Go-http-client/1.1"
151.80.31.45 - - [08/Oct/2025:14:05:36 +0200] "GET /contact.html HTTP/1.1" 502 2171 "-" "Mozilla/5.0 (X11; Linux x86_64; rv:89.0) Gecko/20100101 Firefox/89.0"
127.0.0.1 - - [04/Oct/2025:02:10:36 +0200] "GET /products HTTP/1.1" 200 9143 "-" "Mozilla/5.0 (Windows NT 10.0; Win64; x64) AppleWebKit/537.36 Chrome/91.0.4472.124"
127.0.0.1 - - [07/Oct/2025:17:27:36 +0200] "POST /index.html HTTP/1.1" 200 9753 "https://stackoverflow.com/" "Mozilla/5.0 (Macintosh; Intel Mac OS X 10_15_7) AppleWebKit/537.36 Safari/605.1.15"
180.149.125.89 - - [06/Oct/2025:17:31:36 +0200] "PUT / HTTP/1.1" 502 5628 "https://github.com/" "Mozilla/5.0 (X11; Linux x86_64; rv:89.0) Gecko/20100101 Firefox/89.0"
37.59.123.45 - - [08/Oct/2025:03:47:36 +0200] "GET /register HTTP/1.1" 200 322 "https://www.google.com/search?q=nginx" "Mozilla/5.0 (X11; Linux x86_64) AppleWebKit/537.36 Chrome/91.0"
185.70.41.130 - - [04/Oct/2025:20:56:36 +0200] "GET /pricing HTTP/1.1" 502 2401 "https://www.reddit.com/r/programming" "Mozilla/5.0 (iPhone; CPU iPhone OS 14_6 like Mac OS X) Safari/604.1"
78.46.89.147 - - [04/Oct/2025:08:38:36 +0200] "DELETE /docs HTTP/1.1" 200 9749 "https://stackoverflow.com/" "Mozilla/5.0 (Windows NT 10.0; Win64; x64) AppleWebKit/537.36 Chrome/91.0.4472.124"
198.51.100.23 - - [09/Oct/2025:09:43:36 +0200] "DELETE /products HTTP/1.1" 503 6580 "-" "Mozilla/5.0 (X11; Linux x86_64; rv:89.0) Gecko/20100101 Firefox/89.0"
172.16.0.5 - - [09/Oct/2025:22:09:36 +0200] "GET /api/v1/data HTTP/1.1" 404 3583 "https://stackoverflow.com/" "Mozilla/5.0 (iPhone; CPU iPhone OS 14_6 like Mac OS X) Safari/604.1"
192.168.1.10 - - [06/Oct/2025:06:39:36 +0200] "GET /download HTTP/1.1" 200 5556 "-" "Mozilla/5.0 (iPhone; CPU iPhone OS 14_6 like Mac OS X) Safari/604.1"
198.51.100.23 - - [03/Oct/2025:19:43:36 +0200] "GET /api/v1/data HTTP/1.1" 304 5148 "-" "Mozilla/5.0 (iPhone; CPU iPhone OS 14_6 like Mac OS X) Safari/604.1"
92.118.160.1 - - [06/Oct/2025:07:29:36 +0200] "GET /admin HTTP/1.1" 502 2479 "-" "Mozilla/5.0 (X11; Linux x86_64) AppleWebKit/537.36 Chrome/91.0"
198.51.100.23 - - [08/Oct/2025:20:07:36 +0200] "POST /register HTTP/1.1" 404 1103 "-" "Mozilla/5.0 (Macintosh; Intel Mac OS X 10_15_7) AppleWebKit/537.36 Safari/605.1.15"
8.8.8.8 - - [08/Oct/2025:02:06:36 +0200] "GET /search HTTP/1.1" 404 6670 "https://news.ycombinator.com/" "Mozilla/5.0 (iPhone; CPU iPhone OS 14_6 like Mac OS X) Safari/604.1"
10.0.0.45 - - [05/Oct/2025:23:05:36 +0200] "GET /contact.html HTTP/1.1" 200 4051 "https://www.reddit.com/r/programming" "Mozilla/5.0 (Macintosh; Intel Mac OS X 10_15_7) AppleWebKit/537.36 Safari/605.1.15"
185.125.190.39 - - [06/Oct/2025:02:41:36 +0200] "GET /pricing HTTP/1.1" 200 3374 "https://www.google.com/search?q=nginx" "Go-http-client/1.1"
37.59.123.45 - - [08/Oct/2025:19:36:36 +0200] "GET /blog/post-1 HTTP/1.1" 404 2828 "https://stackoverflow.com/" "python-requests/2.25.1"
41.190.3.50 - - [08/Oct/2025:18:24:36 +0200] "PUT /cart HTTP/1.1" 502 7396 "https://www.google.com/search?q=nginx" "Mozilla/5.0 (Windows NT 10.0; Win64; x64) AppleWebKit/537.36 Chrome/91.0.4472.124"
172.16.0.5 - - [08/Oct/2025:07:19:36 +0200] "GET /logout HTTP/1.1" 200 8991 "https://twitter.com/" "Mozilla/5.0 (X11; Linux x86_64; rv:89.0) Gecko/20100101 Firefox/89.0"
8.8.8.8 - - [09/Oct/2025:14:27:36 +0200] "GET /api/v2/orders HTTP/1.1" 304 3136 "-" "Mozilla/5.0 (X11; Linux x86_64) AppleWebKit/537.36 Chrome/91.0"
180.149.125.89 - - [08/Oct/2025:05:39:36 +0200] "PUT /dashboard HTTP/1.1" 500 6245 "https://news.ycombinator.com/" "Mozilla/5.0 (X11; Linux x86_64) AppleWebKit/537.36 Chrome/91.0"
78.46.89.147 - - [08/Oct/2025:01:06:36 +0200] "GET /blog/post-2 HTTP/1.1" 200 3232 "-" "Mozilla/5.0 (iPhone; CPU iPhone OS 14_6 like Mac OS X) Safari/604.1"
8.8.8.8 - - [09/Oct/2025:19:22:36 +0200] "PUT /checkout HTTP/1.1" 200 8252 "https://news.ycombinator.com/" "Mozilla/5.0 (Windows NT 10.0; Win64; x64) AppleWebKit/537.36 Chrome/91.0.4472.124"
192.168.1.10 - - [04/Oct/2025:22:24:36 +0200] "GET /cart HTTP/1.1" 304 5348 "https://github.com/" "python-requests/2.25.1"
127.0.0.1 - - [05/Oct/2025:23:37:36 +0200] "POST /profile HTTP/1.1" 502 8812 "https://github.com/" "Mozilla/5.0 (X11; Linux x86_64) AppleWebKit/537.36 Chrome/91.0"
185.70.41.130 - - [03/Oct/2025:02:31:36 +0200] "GET /products HTTP/1.1" 500 8669 "https://stackoverflow.com/" "Mozilla/5.0 (iPhone; CPU iPhone OS 14_6 like Mac OS X) Safari/604.1"
185.199.108.153 - - [04/Oct/2025:14:59:36 +0200] "DELETE /settings HTTP/1.1" 200 4380 "https://twitter.com/" "Mozilla/5.0 (Macintosh; Intel Mac OS X 10_15_7) AppleWebKit/537.36 Safari/605.1.15"
41.190.3.50 - - [04/Oct/2025:11:46:36 +0200] "GET /search HTTP/1.1" 304 10002 "-" "Mozilla/5.0 (iPhone; CPU iPhone OS 14_6 like Mac OS X) Safari/604.1"
151.80.31.45 - - [08/Oct/2025:01:00:36 +0200] "POST /dashboard HTTP/1.1" 304 9183 "https://www.reddit.com/r/programming" "Mozilla/5.0 (X11; Linux x86_64; rv:89.0) Gecko/20100101 Firefox/89.0"
223.165.16.232 - - [08/Oct/2025:02:16:36 +0200] "DELETE /logout HTTP/1.1" 500 8229 "https://www.google.com/search?q=nginx" "Mozilla/5.0 (X11; Linux x86_64; rv:89.0) Gecko/20100101 Firefox/89.0"
223.165.16.232 - - [09/Oct/2025:07:49:36 +0200] "GET /blog/post-1 HTTP/1.1" 502 4898 "https://stackoverflow.com/" "python-requests/2.25.1"
200.56.23.188 - - [04/Oct/2025:02:16:36 +0200] "GET /blog/post-1 HTTP/1.1" 200 1749 "https://www.google.com/search?q=nginx" "Mozilla/5.0 (iPhone; CPU iPhone OS 14_6 like Mac OS X) Safari/604.1"
172.16.0.5 - - [06/Oct/2025:06:14:36 +0200] "GET /about.html HTTP/1.1" 503 5620 "https://github.com/" "Go-http-client/1.1"
8.8.8.8 - - [05/Oct/2025:18:09:36 +0200] "GET /profile HTTP/1.1" 200 484 "https://www.google.com/search?q=nginx" "Mozilla/5.0 (iPhone; CPU iPhone OS 14_6 like Mac OS X) Safari/604.1"
78.46.89.147 - - [09/Oct/2025:17:15:36 +0200] "GET /admin HTTP/1.1" 200 8703 "-" "Go-http-client/1.1"
151.80.31.45 - - [03/Oct/2025:06:19:36 +0200] "PUT /download HTTP/1.1" 200 2806 "-" "python-requests/2.25.1"
151.80.31.45 - - [04/Oct/2025:20:05:36 +0200] "GET /profile HTTP/1.1" 200 2470 "https://www.reddit.com/r/programming" "Mozilla/5.0 (X11; Linux x86_64; rv:89.0) Gecko/20100101 Firefox/89.0"
223.165.16.232 - - [07/Oct/2025:07:45:36 +0200] "GET /blog/post-2 HTTP/1.1" 304 9500 "-" "Go-http-client/1.1"
200.56.23.188 - - [07/Oct/2025:22:19:36 +0200] "GET /admin HTTP/1.1" 404 8271 "https://github.com/" "Mozilla/5.0 (iPhone; CPU iPhone OS 14_6 like Mac OS X) Safari/604.1"
172.16.0.5 - - [09/Oct/2025:13:52:36 +0200] "GET /blog/post-2 HTTP/1.1" 200 7470 "https://twitter.com/" "Go-http-client/1.1"
62.210.152.99 - - [07/Oct/2025:20:55:36 +0200] "PUT /products HTTP/1.1" 502 453 "-" "Mozilla/5.0 (Macintosh; Intel Mac OS X 10_15_7) AppleWebKit/537.36 Safari/605.1.15"
78.46.89.147 - - [09/Oct/2025:00:31:36 +0200] "GET /contact.html HTTP/1.1" 200 5302 "https://github.com/" "Go-http-client/1.1"
41.190.3.50 - - [04/Oct/2025:03:22:36 +0200] "GET /api/v1/users HTTP/1.1" 304 8746 "https://stackoverflow.com/" "curl/7.68.0"
185.199.108.153 - - [04/Oct/2025:09:17:36 +0200] "PUT /index.html HTTP/1.1" 503 8681 "-" "Mozilla/5.0 (Windows NT 10.0; Win64; x64) AppleWebKit/537.36 Chrome/91.0.4472.124"
185.199.108.153 - - [05/Oct/2025:18:51:36 +0200] "GET /about.html HTTP/1.1" 200 2753 "https://twitter.com/" "python-requests/2.25.1"
223.165.16.232 - - [04/Oct/2025:04:18:36 +0200] "DELETE /checkout HTTP/1.1" 502 2219 "https://stackoverflow.com/" "Mozilla/5.0 (iPhone; CPU iPhone OS 14_6 like Mac OS X) Safari/604.1"
198.51.100.23 - - [04/Oct/2025:14:14:36 +0200] "GET /search HTTP/1.1" 503 9661 "https://github.com/" "Mozilla/5.0 (iPhone; CPU iPhone OS 14_6 like Mac OS X) Safari/604.1"
41.190.3.50 - - [07/Oct/2025:08:10:36 +0200] "GET /logout HTTP/1.1" 200 2132 "-" "python-requests/2.25.1"
192.168.1.10 - - [06/Oct/2025:05:10:36 +0200] "PUT /admin HTTP/1.1" 200 6618 "https://github.com/" "Go-http-client/1.1"
185.125.190.39 - - [05/Oct/2025:10:57:36 +0200] "GET /contact.html HTTP/1.1" 503 6732 "https://twitter.com/" "Go-http-client/1.1"
10.0.0.45 - - [04/Oct/2025:10:45:36 +0200] "PUT /docs HTTP/1.1" 502 5179 "https://stackoverflow.com/" "Mozilla/5.0 (iPhone; CPU iPhone OS 14_6 like Mac OS X) Safari/604.1"
185.70.41.130 - - [09/Oct/2025:04:03:36 +0200] "GET /api/v1/users HTTP/1.1" 503 3219 "https://news.ycombinator.com/" "Mozilla/5.0 (Macintosh; Intel Mac OS X 10_15_7) AppleWebKit/537.36 Safari/605.1.15"
172.16.0.5 - - [04/Oct/2025:21:10:36 +0200] "GET /docs HTTP/1.1" 200 9930 "https://www.google.com/search?q=nginx" "Mozilla/5.0 (Windows NT 10.0; Win64; x64) AppleWebKit/537.36 Chrome/91.0.4472.124"
203.0.113.5 - - [08/Oct/2025:20:39:36 +0200] "GET /admin HTTP/1.1" 503 2956 "https://stackoverflow.com/" "python-requests/2.25.1"
180.149.125.89 - - [08/Oct/2025:23:09:36 +0200] "GET /admin HTTP/1.1" 304 9580 "-" "python-requests/2.25.1"
192.168.1.10 - - [03/Oct/2025:18:24:36 +0200] "PUT /api/v1/users HTTP/1.1" 200 761 "-" "Go-http-client/1.1"
62.210.152.99 - - [04/Oct/2025:06:28:36 +0200] "PUT /about.html HTTP/1.1" 200 1224 "-" "Mozilla/5.0 (Macintosh; Intel Mac OS X 10_15_7) AppleWebKit/537.36 Safari/605.1.15"
200.56.23.188 - - [07/Oct/2025:08:00:36 +0200] "GET / HTTP/1.1" 200 4967 "https://www.google.com/search?q=nginx" "Mozilla/5.0 (Macintosh; Intel Mac OS X 10_15_7) AppleWebKit/537.36 Safari/605.1.15"
151.80.31.45 - - [03/Oct/2025:15:55:36 +0200] "POST /search HTTP/1.1" 503 6446 "https://news.ycombinator.com/" "python-requests/2.25.1"
185.70.41.130 - - [02/Oct/2025:22:46:36 +0200] "GET /blog/post-1 HTTP/1.1" 200 4862 "-" "Mozilla/5.0 (iPhone; CPU iPhone OS 14_6 like Mac OS X) Safari/604.1"
185.70.41.130 - - [06/Oct/2025:05:14:36 +0200] "GET /logout HTTP/1.1" 304 6253 "https://news.ycombinator.com/" "curl/7.68.0"
172.16.0.5 - - [04/Oct/2025:10:31:36 +0200] "GET /login HTTP/1.1" 503 6710 "https://www.reddit.com/r/programming" "Mozilla/5.0 (X11; Linux x86_64) AppleWebKit/537.36 Chrome/91.0"
37.59.123.45 - - [06/Oct/2025:06:10:36 +0200] "GET /about.html HTTP/1.1" 503 5218 "https://github.com/" "Mozilla/5.0 (Macintosh; Intel Mac OS X 10_15_7) AppleWebKit/537.36 Safari/605.1.15"
8.8.8.8 - - [07/Oct/2025:19:09:36 +0200] "DELETE /dashboard HTTP/1.1" 200 8231 "https://www.reddit.com/r/programming" "python-requests/2.25.1"
62.210.152.99 - - [05/Oct/2025:11:28:36 +0200] "GET /blog/post-2 HTTP/1.1" 200 6208 "https://news.ycombinator.com/" "Go-http-client/1.1"
203.0.113.5 - - [04/Oct/2025:23:51:36 +0200] "GET /docs HTTP/1.1" 404 3264 "https://stackoverflow.com/" "python-requests/2.25.1"
78.46.89.147 - - [08/Oct/2025:22:04:36 +0200] "POST /about.html HTTP/1.1" 502 6338 "https://news.ycombinator.com/" "Mozilla/5.0 (Macintosh; Intel Mac OS X 10_15_7) AppleWebKit/537.36 Safari/605.1.15"
198.51.100.23 - - [09/Oct/2025:05:29:36 +0200] "GET /contact.html HTTP/1.1" 200 8265 "-" "Mozilla/5.0 (iPhone; CPU iPhone OS 14_6 like Mac OS X) Safari/604.1"
37.59.123.45 - - [06/Oct/2025:16:13:36 +0200] "POST /api/v1/data HTTP/1.1" 200 122 "https://github.com/" "python-requests/2.25.1"
151.80.31.45 - - [07/Oct/2025:14:08:36 +0200] "PUT /pricing HTTP/1.1" 502 5462 "https://news.ycombinator.com/" "Go-http-client/1.1"
10.0.0.45 - - [03/Oct/2025:17:35:36 +0200] "GET /checkout HTTP/1.1" 200 7718 "-" "Mozilla/5.0 (iPhone; CPU iPhone OS 14_6 like Mac OS X) Safari/604.1"
223.165.16.232 - - [07/Oct/2025:16:50:36 +0200] "GET /docs HTTP/1.1" 404 2816 "https://github.com/" "Go-http-client/1.1"
37.59.123.45 - - [03/Oct/2025:00:04:36 +0200] "POST /blog/post-1 HTTP/1.1" 200 2175 "-" "Mozilla/5.0 (X11; Linux x86_64) AppleWebKit/537.36 Chrome/91.0"
180.149.125.89 - - [09/Oct/2025:12:59:36 +0200] "DELETE /contact.html HTTP/1.1" 200 5133 "https://www.google.com/search?q=nginx" "Mozilla/5.0 (Macintosh; Intel Mac OS X 10_15_7) AppleWebKit/537.36 Safari/605.1.15"
151.80.31.45 - - [06/Oct/2025:05:19:36 +0200] "GET /admin HTTP/1.1" 200 844 "-" "python-requests/2.25.1"
202.177.215.73 - - [04/Oct/2025:01:17:36 +0200] "GET /checkout HTTP/1.1" 404 5977 "https://news.ycombinator.com/" "Mozilla/5.0 (X11; Linux x86_64) AppleWebKit/537.36 Chrome/91.0"
198.51.100.23 - - [04/Oct/2025:02:04:36 +0200] "GET /login HTTP/1.1" 304 737 "-" "Mozilla/5.0 (iPhone; CPU iPhone OS 14_6 like Mac OS X) Safari/604.1"
200.56.23.188 - - [02/Oct/2025:23:12:36 +0200] "PUT /api/v1/status HTTP/1.1" 502 3838 "https://www.google.com/search?q=nginx" "Mozilla/5.0 (Macintosh; Intel Mac OS X 10_15_7) AppleWebKit/537.36 Safari/605.1.15"
203.0.113.5 - - [05/Oct/2025:08:43:36 +0200] "DELETE /pricing HTTP/1.1" 503 5881 "-" "Mozilla/5.0 (Macintosh; Intel Mac OS X 10_15_7) AppleWebKit/537.36 Safari/605.1.15"
127.0.0.1 - - [02/Oct/2025:23:05:36 +0200] "GET /pricing HTTP/1.1" 500 736 "-" "Mozilla/5.0 (Windows NT 10.0; Win64; x64) AppleWebKit/537.36 Chrome/91.0.4472.124"
180.149.125.89 - - [06/Oct/2025:12:39:36 +0200] "DELETE /profile HTTP/1.1" 500 9070 "https://stackoverflow.com/" "python-requests/2.25.1"
127.0.0.1 - - [06/Oct/2025:23:04:36 +0200] "GET /products HTTP/1.1" 500 3273 "-" "curl/7.68.0"
223.165.16.232 - - [03/Oct/2025:07:07:36 +0200] "DELETE /contact.html HTTP/1.1" 500 9947 "-" "python-requests/2.25.1"
37.59.123.45 - - [04/Oct/2025:06:27:36 +0200] "GET /api/v1/users HTTP/1.1" 200 6903 "https://www.reddit.com/r/programming" "Mozilla/5.0 (X11; Linux x86_64) AppleWebKit/537.36 Chrome/91.0"
203.0.113.5 - - [03/Oct/2025:00:31:36 +0200] "GET /index.html HTTP/1.1" 200 2497 "https://www.reddit.com/r/programming" "Mozilla/5.0 (X11; Linux x86_64; rv:89.0) Gecko/20100101 Firefox/89.0"
185.199.108.153 - - [08/Oct/2025:00:38:36 +0200] "DELETE /settings HTTP/1.1" 304 9396 "-" "Mozilla/5.0 (Windows NT 10.0; Win64; x64) AppleWebKit/537.36 Chrome/91.0.4472.124"
203.0.113.5 - - [08/Oct/2025:03:35:36 +0200] "GET /admin HTTP/1.1" 404 2320 "https://www.reddit.com/r/programming" "Mozilla/5.0 (Macintosh; Intel Mac OS X 10_15_7) AppleWebKit/537.36 Safari/605.1.15"
185.70.41.130 - - [09/Oct/2025:03:28:36 +0200] "GET /pricing HTTP/1.1" 200 7092 "https://stackoverflow.com/" "Mozilla/5.0 (X11; Linux x86_64; rv:89.0) Gecko/20100101 Firefox/89.0"
78.46.89.147 - - [08/Oct/2025:18:33:36 +0200] "GET /dashboard HTTP/1.1" 200 1492 "https://twitter.com/" "Mozilla/5.0 (X11; Linux x86_64; rv:89.0) Gecko/20100101 Firefox/89.0"
180.149.125.89 - - [05/Oct/2025:17:22:36 +0200] "DELETE /docs HTTP/1.1" 200 3965 "https://stackoverflow.com/" "Mozilla/5.0 (Windows NT 10.0; Win64; x64) AppleWebKit/537.36 Chrome/91.0.4472.124"
185.125.190.39 - - [09/Oct/2025:05:23:36 +0200] "POST /api/v1/status HTTP/1.1" 500 9535 "https://stackoverflow.com/" "Mozilla/5.0 (Windows NT 10.0; Win64; x64) AppleWebKit/537.36 Chrome/91.0.4472.124"
203.0.113.5 - - [06/Oct/2025:23:51:36 +0200] "POST /admin HTTP/1.1" 200 4215 "https://www.reddit.com/r/programming" "Mozilla/5.0 (Macintosh; Intel Mac OS X 10_15_7) AppleWebKit/537.36 Safari/605.1.15"
41.190.3.50 - - [06/Oct/2025:13:33:36 +0200] "DELETE /index.html HTTP/1.1" 304 3132 "https://stackoverflow.com/" "curl/7.68.0"
62.210.152.99 - - [04/Oct/2025:00:28:36 +0200] "GET /pricing HTTP/1.1" 200 4399 "https://github.com/" "Mozilla/5.0 (Macintosh; Intel Mac OS X 10_15_7) AppleWebKit/537.36 Safari/605.1.15"
151.80.31.45 - - [02/Oct/2025:22:34:36 +0200] "PUT /profile HTTP/1.1" 500 6799 "-" "python-requests/2.25.1"
200.56.23.188 - - [06/Oct/2025:09:46:36 +0200] "GET /blog/post-2 HTTP/1.1" 200 7618 "https://stackoverflow.com/" "Mozilla/5.0 (X11; Linux x86_64; rv:89.0) Gecko/20100101 Firefox/89.0"
151.80.31.45 - - [08/Oct/2025:18:05:36 +0200] "GET /cart HTTP/1.1" 500 2537 "https://stackoverflow.com/" "Mozilla/5.0 (Macintosh; Intel Mac OS X 10_15_7) AppleWebKit/537.36 Safari/605.1.15"
151.80.31.45 - - [05/Oct/2025:18:32:36 +0200] "GET / HTTP/1.1" 200 8539 "https://stackoverflow.com/" "python-requests/2.25.1"
200.56.23.188 - - [08/Oct/2025:10:46:36 +0200] "GET /products HTTP/1.1" 503 4806 "-" "Mozilla/5.0 (X11; Linux x86_64) AppleWebKit/537.36 Chrome/91.0"
203.0.113.5 - - [08/Oct/2025:20:16:36 +0200] "GET /settings HTTP/1.1" 200 6943 "-" "Go-http-client/1.1"
37.59.123.45 - - [02/Oct/2025:23:50:36 +0200] "DELETE /index.html HTTP/1.1" 200 9247 "-" "Mozilla/5.0 (Macintosh; Intel Mac OS X 10_15_7) AppleWebKit/537.36 Safari/605.1.15"
92.118.160.1 - - [05/Oct/2025:19:47:36 +0200] "DELETE /api/v1/data HTTP/1.1" 304 3596 "https://github.com/" "Mozilla/5.0 (Windows NT 10.0; Win64; x64) AppleWebKit/537.36 Chrome/91.0.4472.124"
78.46.89.147 - - [07/Oct/2025:13:24:36 +0200] "DELETE /download HTTP/1.1" 200 5972 "https://github.com/" "Mozilla/5.0 (iPhone; CPU iPhone OS 14_6 like Mac OS X) Safari/604.1"
180.149.125.89 - - [06/Oct/2025:14:02:36 +0200] "GET /dashboard HTTP/1.1" 404 966 "https://www.reddit.com/r/programming" "Go-http-client/1.1"
180.149.125.89 - - [07/Oct/2025:06:21:36 +0200] "DELETE /contact.html HTTP/1.1" 200 6583 "https://news.ycombinator.com/" "python-requests/2.25.1"
185.199.108.153 - - [04/Oct/2025:00:24:36 +0200] "POST /api/v1/data HTTP/1.1" 502 3527 "https://github.com/" "curl/7.68.0"
223.165.16.232 - - [08/Oct/2025:09:32:36 +0200] "DELETE /api/v1/data HTTP/1.1" 200 8070 "https://www.google.com/search?q=nginx" "python-requests/2.25.1"
172.16.0.5 - - [08/Oct/2025:09:23:36 +0200] "DELETE /login HTTP/1.1" 304 6411 "https://stackoverflow.com/" "Mozilla/5.0 (Macintosh; Intel Mac OS X 10_15_7) AppleWebKit/537.36 Safari/605.1.15"
8.8.8.8 - - [04/Oct/2025:02:54:36 +0200] "GET /blog/post-1 HTTP/1.1" 500 8226 "https://www.google.com/search?q=nginx" "python-requests/2.25.1"
41.190.3.50 - - [06/Oct/2025:16:36:36 +0200] "GET /download HTTP/1.1" 200 3657 "https://www.google.com/search?q=nginx" "curl/7.68.0"
62.210.152.99 - - [05/Oct/2025:20:07:36 +0200] "PUT /admin HTTP/1.1" 502 3318 "https://www.google.com/search?q=nginx" "Mozilla/5.0 (X11; Linux x86_64) AppleWebKit/537.36 Chrome/91.0"
92.118.160.1 - - [05/Oct/2025:03:44:36 +0200] "GET /api/v1/users HTTP/1.1" 502 9449 "-" "Go-http-client/1.1"
223.165.16.232 - - [07/Oct/2025:02:12:36 +0200] "DELETE /about.html HTTP/1.1" 200 9889 "https://twitter.com/" "Mozilla/5.0 (Windows NT 10.0; Win64; x64) AppleWebKit/537.36 Chrome/91.0.4472.124"
200.56.23.188 - - [09/Oct/2025:16:14:36 +0200] "GET /cart HTTP/1.1" 304 9020 "https://stackoverflow.com/" "Mozilla/5.0 (X11; Linux x86_64) AppleWebKit/537.36 Chrome/91.0"
127.0.0.1 - - [06/Oct/2025:06:32:36 +0200] "GET /api/v1/data HTTP/1.1" 404 3523 "https://www.reddit.com/r/programming" "Mozilla/5.0 (iPhone; CPU iPhone OS 14_6 like Mac OS X) Safari/604.1"
78.46.89.147 - - [07/Oct/2025:17:24:36 +0200] "GET /about.html HTTP/1.1" 404 9536 "https://www.google.com/search?q=nginx" "Mozilla/5.0 (X11; Linux x86_64; rv:89.0) Gecko/20100101 Firefox/89.0"
223.165.16.232 - - [05/Oct/2025:15:12:36 +0200] "GET /blog/post-2 HTTP/1.1" 200 4810 "https://twitter.com/" "Mozilla/5.0 (iPhone; CPU iPhone OS 14_6 like Mac OS X) Safari/604.1"
41.190.3.50 - - [03/Oct/2025:12:30:36 +0200] "DELETE /login HTTP/1.1" 200 2410 "https://www.google.com/search?q=nginx" "python-requests/2.25.1"
192.168.1.10 - - [04/Oct/2025:09:06:36 +0200] "PUT /blog/post-2 HTTP/1.1" 502 7366 "https://www.google.com/search?q=nginx" "Mozilla/5.0 (X11; Linux x86_64) AppleWebKit/537.36 Chrome/91.0"
185.70.41.130 - - [09/Oct/2025:15:16:36 +0200] "POST /register HTTP/1.1" 200 6645 "https://github.com/" "curl/7.68.0"
185.125.190.39 - - [09/Oct/2025:06:42:36 +0200] "POST /blog/post-1 HTTP/1.1" 304 5936 "https://news.ycombinator.com/" "Go-http-client/1.1"
92.118.160.1 - - [03/Oct/2025:07:40:36 +0200] "GET /api/v1/data HTTP/1.1" 500 5445 "-" "Mozilla/5.0 (X11; Linux x86_64; rv:89.0) Gecko/20100101 Firefox/89.0"
198.51.100.23 - - [05/Oct/2025:08:41:36 +0200] "PUT /admin HTTP/1.1" 500 8818 "https://twitter.com/" "curl/7.68.0"
127.0.0.1 - - [09/Oct/2025:18:07:36 +0200] "PUT /about.html HTTP/1.1" 304 7911 "-" "python-requests/2.25.1"
41.190.3.50 - - [07/Oct/2025:01:51:36 +0200] "GET /blog/post-1 HTTP/1.1" 404 6089 "https://stackoverflow.com/" "Go-http-client/1.1"
180.149.125.89 - - [03/Oct/2025:01:20:36 +0200] "GET /register HTTP/1.1" 200 9908 "https://stackoverflow.com/" "Mozilla/5.0 (iPhone; CPU iPhone OS 14_6 like Mac OS X) Safari/604.1"
92.118.160.1 - - [08/Oct/2025:14:09:36 +0200] "GET /blog/post-1 HTTP/1.1" 200 3691 "https://twitter.com/" "python-requests/2.25.1"
92.118.160.1 - - [03/Oct/2025:14:50:36 +0200] "GET /profile HTTP/1.1" 304 7772 "https://stackoverflow.com/" "Mozilla/5.0 (Macintosh; Intel Mac OS X 10_15_7) AppleWebKit/537.36 Safari/605.1.15"
172.16.0.5 - - [07/Oct/2025:08:09:36 +0200] "POST /search HTTP/1.1" 200 1182 "https://www.google.com/search?q=nginx" "Mozilla/5.0 (iPhone; CPU iPhone OS 14_6 like Mac OS X) Safari/604.1"
62.210.152.99 - - [09/Oct/2025:20:32:36 +0200] "POST /api/v1/data HTTP/1.1" 200 5642 "https://news.ycombinator.com/" "Mozilla/5.0 (Macintosh; Intel Mac OS X 10_15_7) AppleWebKit/537.36 Safari/605.1.15"
10.0.0.45 - - [04/Oct/2025:08:03:36 +0200] "GET /index.html HTTP/1.1" 200 5360 "https://github.com/" "python-requests/2.25.1"
185.125.190.39 - - [06/Oct/2025:18:18:36 +0200] "PUT /about.html HTTP/1.1" 304 1489 "https://twitter.com/" "Go-http-client/1.1"
8.8.8.8 - - [09/Oct/2025:12:10:36 +0200] "GET /api/v1/status HTTP/1.1" 200 9111 "-" "curl/7.68.0"
200.56.23.188 - - [07/Oct/2025:16:55:36 +0200] "POST /products HTTP/1.1" 404 6949 "-" "Mozilla/5.0 (Macintosh; Intel Mac OS X 10_15_7) AppleWebKit/537.36 Safari/605.1.15"
203.0.113.5 - - [06/Oct/2025:06:51:36 +0200] "PUT /api/v1/users HTTP/1.1" 304 6951 "https://www.google.com/search?q=nginx" "Mozilla/5.0 (X11; Linux x86_64) AppleWebKit/537.36 Chrome/91.0"
37.59.123.45 - - [04/Oct/2025:21:45:36 +0200] "GET /api/v1/users HTTP/1.1" 200 4629 "-" "curl/7.68.0"
10.0.0.45 - - [09/Oct/2025:21:00:36 +0200] "DELETE /contact.html HTTP/1.1" 200 1573 "https://stackoverflow.com/" "curl/7.68.0"
127.0.0.1 - - [03/Oct/2025:02:22:36 +0200] "POST /search HTTP/1.1" 200 7138 "https://www.google.com/search?q=nginx" "Mozilla/5.0 (Windows NT 10.0; Win64; x64) AppleWebKit/537.36 Chrome/91.0.4472.124"
198.51.100.23 - - [07/Oct/2025:16:28:36 +0200] "GET /admin HTTP/1.1" 304 278 "https://stackoverflow.com/" "Mozilla/5.0 (X11; Linux x86_64) AppleWebKit/537.36 Chrome/91.0"
200.56.23.188 - - [09/Oct/2025:11:24:36 +0200] "POST /blog/post-1 HTTP/1.1" 404 2902 "https://www.reddit.com/r/programming" "Mozilla/5.0 (X11; Linux x86_64; rv:89.0) Gecko/20100101 Firefox/89.0"
192.168.1.10 - - [07/Oct/2025:23:29:36 +0200] "POST /about.html HTTP/1.1" 503 10031 "https://github.com/" "Go-http-client/1.1"
8.8.8.8 - - [03/Oct/2025:09:12:36 +0200] "GET /docs HTTP/1.1" 500 1864 "-" "Mozilla/5.0 (iPhone; CPU iPhone OS 14_6 like Mac OS X) Safari/604.1"
41.190.3.50 - - [06/Oct/2025:11:28:36 +0200] "DELETE /contact.html HTTP/1.1" 200 9270 "https://news.ycombinator.com/" "Mozilla/5.0 (Windows NT 10.0; Win64; x64) AppleWebKit/537.36 Chrome/91.0.4472.124"
62.210.152.99 - - [06/Oct/2025:17:03:36 +0200] "POST /settings HTTP/1.1" 200 890 "https://www.google.com/search?q=nginx" "Mozilla/5.0 (X11; Linux x86_64; rv:89.0) Gecko/20100101 Firefox/89.0"
92.118.160.1 - - [08/Oct/2025:07:47:36 +0200] "POST /admin HTTP/1.1" 200 5838 "https://www.google.com/search?q=nginx" "Mozilla/5.0 (iPhone; CPU iPhone OS 14_6 like Mac OS X) Safari/604.1"
185.70.41.130 - - [09/Oct/2025:17:22:36 +0200] "GET /api/v2/orders HTTP/1.1" 200 2915 "https://stackoverflow.com/" "Mozilla/5.0 (X11; Linux x86_64) AppleWebKit/537.36 Chrome/91.0"
185.199.108.153 - - [05/Oct/2025:11:33:36 +0200] "GET /api/v1/data HTTP/1.1" 502 1634 "https://twitter.com/" "Mozilla/5.0 (iPhone; CPU iPhone OS 14_6 like Mac OS X) Safari/604.1"
92.118.160.1 - - [06/Oct/2025:18:01:36 +0200] "GET / HTTP/1.1" 200 4662 "-" "Mozilla/5.0 (Macintosh; Intel Mac OS X 10_15_7) AppleWebKit/537.36 Safari/605.1.15"
200.56.23.188 - - [09/Oct/2025:10:38:36 +0200] "DELETE /about.html HTTP/1.1" 503 1651 "https://github.com/" "curl/7.68.0"
185.125.190.39 - - [06/Oct/2025:03:22:36 +0200] "GET /cart HTTP/1.1" 304 6118 "-" "python-requests/2.25.1"
223.165.16.232 - - [03/Oct/2025:18:34:36 +0200] "GET /pricing HTTP/1.1" 502 3063 "https://news.ycombinator.com/" "curl/7.68.0"
37.59.123.45 - - [06/Oct/2025:14:58:36 +0200] "GET /login HTTP/1.1" 200 7222 "https://github.com/" "curl/7.68.0"
41.190.3.50 - - [08/Oct/2025:12:13:36 +0200] "DELETE /admin HTTP/1.1" 404 5177 "https://news.ycombinator.com/" "Mozilla/5.0 (Windows NT 10.0; Win64; x64) AppleWebKit/537.36 Chrome/91.0.4472.124"
185.199.108.153 - - [05/Oct/2025:09:12:36 +0200] "GET /index.html HTTP/1.1" 200 1710 "-" "Mozilla/5.0 (Macintosh; Intel Mac OS X 10_15_7) AppleWebKit/537.36 Safari/605.1.15"
127.0.0.1 - - [04/Oct/2025:20:14:36 +0200] "DELETE /docs HTTP/1.1" 200 9306 "-" "Mozilla/5.0 (X11; Linux x86_64; rv:89.0) Gecko/20100101 Firefox/89.0"
127.0.0.1 - - [07/Oct/2025:23:42:36 +0200] "DELETE /api/v1/users HTTP/1.1" 502 7793 "https://www.reddit.com/r/programming" "Go-http-client/1.1"
185.125.190.39 - - [04/Oct/2025:08:17:36 +0200] "POST /docs HTTP/1.1" 200 1929 "https://www.google.com/search?q=nginx" "Mozilla/5.0 (iPhone; CPU iPhone OS 14_6 like Mac OS X) Safari/604.1"
151.80.31.45 - - [09/Oct/2025:19:38:36 +0200] "DELETE /contact.html HTTP/1.1" 503 3495 "https://stackoverflow.com/" "Mozilla/5.0 (X11; Linux x86_64; rv:89.0) Gecko/20100101 Firefox/89.0"
185.199.108.153 - - [03/Oct/2025:17:40:36 +0200] "PUT /logout HTTP/1.1" 304 5886 "-" "Mozilla/5.0 (X11; Linux x86_64) AppleWebKit/537.36 Chrome/91.0"
92.118.160.1 - - [05/Oct/2025:17:41:36 +0200] "GET /blog/post-1 HTTP/1.1" 200 3605 "https://twitter.com/" "Mozilla/5.0 (X11; Linux x86_64) AppleWebKit/537.36 Chrome/91.0"
127.0.0.1 - - [06/Oct/2025:17:02:36 +0200] "GET /login HTTP/1.1" 502 6684 "https://www.reddit.com/r/programming" "python-requests/2.25.1"
180.149.125.89 - - [07/Oct/2025:00:15:36 +0200] "GET /cart HTTP/1.1" 200 6591 "https://github.com/" "Mozilla/5.0 (Windows NT 10.0; Win64; x64) AppleWebKit/537.36 Chrome/91.0.4472.124"
10.0.0.45 - - [05/Oct/2025:18:18:36 +0200] "DELETE /settings HTTP/1.1" 200 4894 "https://stackoverflow.com/" "Mozilla/5.0 (Windows NT 10.0; Win64; x64) AppleWebKit/537.36 Chrome/91.0.4472.124"
8.8.8.8 - - [04/Oct/2025:05:28:36 +0200] "GET /logout HTTP/1.1" 200 6612 "https://www.reddit.com/r/programming" "curl/7.68.0"
200.56.23.188 - - [03/Oct/2025:06:06:36 +0200] "POST /products HTTP/1.1" 404 3325 "https://stackoverflow.com/" "Mozilla/5.0 (X11; Linux x86_64; rv:89.0) Gecko/20100101 Firefox/89.0"
185.125.190.39 - - [03/Oct/2025:00:26:36 +0200] "GET /register HTTP/1.1" 200 1034 "https://www.google.com/search?q=nginx" "Mozilla/5.0 (Windows NT 10.0; Win64; x64) AppleWebKit/537.36 Chrome/91.0.4472.124"
37.59.123.45 - - [08/Oct/2025:18:12:36 +0200] "GET /profile HTTP/1.1" 200 563 "-" "Mozilla/5.0 (Macintosh; Intel Mac OS X 10_15_7) AppleWebKit/537.36 Safari/605.1.15"
10.0.0.45 - - [07/Oct/2025:15:20:36 +0200] "GET /api/v1/users HTTP/1.1" 500 9281 "https://www.google.com/search?q=nginx" "Mozilla/5.0 (X11; Linux x86_64; rv:89.0) Gecko/20100101 Firefox/89.0"
