8.8.8.8 - - [08/Oct/2025:23:21:36 +0200] "POST /dashboard HTTP/1.1" 502 1709 "https://www.google.com/search?q=nginx" "Mozilla/5.0 (Macintosh; Intel Mac OS X 10_15_7) AppleWebKit/537.36 Safari/605.1.15"
151.80.31.45 - - [05/Oct/2025:18:48:36 +0200] "POST /about.html HTTP/1.1" 304 1094 "-" "Go-http-client/1.1"
37.59.123.45 - - [04/Oct/2025:20:30:36 +0200] "PUT /logout HTTP/1.1" 200 5885 "-" "python-requests/2.25.1"
185.125.190.39 - - [03/Oct/2025:08:03:36 +0200] "POST /contact.html HTTP/1.1" 200 1701 "https://www.reddit.com/r/programming" "Mozilla/5.0 (iPhone; CPU iPhone OS 14_6 like Mac OS X) Safari/604.1"
151.80.31.45 - - [07/Oct/2025:21:28:36 +0200] "POST /docs HTTP/1.1" 200 1068 "https://www.reddit.com/r/programming" "Go-http-client/1.1"
10.0.0.45 - - [04/Oct/2025:18:27:36 +0200] "GET /products HTTP/1.1" 500 6869 "-" "python-requests/2.25.1"
200.56.23.188 - - [06/Oct/2025:19:10:36 +0200] "DELETE /about.html HTTP/1.1" 200 5248 "https://news.ycombinator.com/" "Mozilla/5.0 (X11; Linux x86_64) AppleWebKit/537.36 Chrome/91.0"
92.118.160.1 - - [04/Oct/2025:02:36:36 +0200] "GET /api/v1/status HTTP/1.1" 304 3155 "https://github.com/" "python-requests/2.25.1"
200.56.23.188 - - [03/Oct/2025:08:59:36 +0200] "DELETE /contact.html HTTP/1.1" 200 8934 "https://news.ycombinator.com/" "python-requests/2.25.1"
202.177.215.73 - - [04/Oct/2025:04:41:36 +0200] "POST /blog/post-1 HTTP/1.1" 200 8344 "https://github.com/" "Go-http-client/1.1"
127.0.0.1 - - [04/Oct/2025:03:50:36 +0200] "GET /profile HTTP/1.1" 503 7669 "-" "Mozilla/5.0 (iPhone; CPU iPhone OS 14_6 like Mac OS X) Safari/604.1"
8.8.8.8 - - [03/Oct/2025:09:08:36 +0200] "GET /index.html HTTP/1.1" 200 4639 "-" "Mozilla/5.0 (X11; Linux x86_64; rv:89.0) Gecko/20100101 Firefox/89.0"
37.59.123.45 - - [04/Oct/2025:20:54:36 +0200] "DELETE /dashboard HTTP/1.1" 503 4700 "-" "Mozilla/5.0 (X11; Linux x86_64; rv:89.0) Gecko/20100101 Firefox/89.0"
92.118.160.1 - - [04/Oct/2025:22:16:36 +0200] "DELETE /login HTTP/1.1" 200 4756 "https://www.reddit.com/r/programming" "python-requests/2.25.1"
10.0.0.45 - - [03/Oct/2025:20:22:36 +0200] "POST /cart HTTP/1.1" 200 5024 "-" "Mozilla/5.0 (Windows NT 10.0; Win64; x64) AppleWebKit/537.36 Chrome/91.0.4472.124"
185.70.41.130 - - [04/Oct/2025:07:12:36 +0200] "GET /api/v1/data HTTP/1.1" 502 9987 "-" "Mozilla/5.0 (Windows NT 10.0; Win64; x64) AppleWebKit/537.36 Chrome/91.0.4472.124"
127.0.0.1 - - [07/Oct/2025:10:54:36 +0200] "DELETE /products HTTP/1.1" 503 4090 "https://twitter.com/" "curl/7.68.0"
62.210.152.99 - - [05/Oct/2025:17:12:36 +0200] "GET /api/v1/users HTTP/1.1" 200 6830 "-" "Mozilla/5.0 (X11; Linux x86_64) AppleWebKit/537.36 Chrome/91.0"
202.177.215.73 - - [04/Oct/2025:08:13:36 +0200] "PUT /cart HTTP/1.1" 200 4746 "-" "Mozilla/5.0 (iPhone; CPU iPhone OS 14_6 like Mac OS X) Safari/604.1"
62.210.152.99 - - [05/Oct/2025:02:27:36 +0200] "GET /pricing HTTP/1.1" 503 9636 "-" "Mozilla/5.0 (Windows NT 10.0; Win64; x64) AppleWebKit/537.36 Chrome/91.0.4472.124"
127.0.0.1 - - [05/Oct/2025:04:55:36 +0200] "GET /logout HTTP/1.1" 500 7253 "-" "Mozilla/5.0 (iPhone; CPU iPhone OS 14_6 like Mac OS X) Safari/604.1"
192.168.1.10 - - [09/Oct/2025:14:32:36 +0200] "GET /login HTTP/1.1" 503 9510 "-" "Mozilla/5.0 (Macintosh; Intel Mac OS X 10_15_7) AppleWebKit/537.36 Safari/605.1.15"
127.0.0.1 - - [04/Oct/2025:16:23:36 +0200] "GET /contact.html HTTP/1.1" 200 7583 "https://www.google.com/search?q=nginx" "Mozilla/5.0 (X11; Linux x86_64) AppleWebKit/537.36 Chrome/91.0"
78.46.89.147 - - [04/Oct/2025:05:52:36 +0200] "DELETE /contact.html HTTP/1.1" 502 1678 "-" "Mozilla/5.0 (X11; Linux x86_64) AppleWebKit/537.36 Chrome/91.0"
185.125.190.39 - - [09/Oct/2025:04:42:36 +0200] "GET /settings HTTP/1.1" 200 6012 "https://stackoverflow.com/" "Mozilla/5.0 (Windows NT 10.0; Win64; x64) AppleWebKit/537.36 Chrome/91.0.4472.124"
151.80.31.45 - - [04/Oct/2025:16:51:36 +0200] "POST /logout HTTP/1.1" 304 2300 "-" "Mozilla/5.0 (Macintosh; Intel Mac OS X 10_15_7) AppleWebKit/537.36 Safari/605.1.15"
202.177.215.73 - - [03/Oct/2025:20:09:36 +0200] "GET /blog/post-2 HTTP/1.1" 200 3721 "-" "Mozilla/5.0 (X11; Linux x86_64; rv:89.0) Gecko/20100101 Firefox/89.0"
203.0.113.5 - - [08/Oct/2025:22:17:36 +0200] "GET /blog/post-1 HTTP/1.1" 500 5043 "-" "Mozilla/5.0 (X11; Linux x86_64) AppleWebKit/537.36 Chrome/91.0"
223.165.16.232 - - [06/Oct/2025:03:57:36 +0200] "DELETE /api/v1/users HTTP/1.1" 502 7923 "https://news.ycombinator.com/" "curl/7.68.0"
151.80.31.45 - - [04/Oct/2025:21:34:36 +0200] "POST /contact.html HTTP/1.1" 200 3231 "https://github.com/" "Mozilla/5.0 (iPhone; CPU iPhone OS 14_6 like Mac OS X) Safari/604.1"
180.149.125.89 - - [08/Oct/2025:13:57:36 +0200] "PUT /download HTTP/1.1" 200 9569 "https://www.google.com/search?q=nginx" "Go-http-client/1.1"
203.0.113.5 - - [08/Oct/2025:02:20:36 +0200] "GET /admin HTTP/1.1" 304 4352 "https://github.com/" "Mozilla/5.0 (Windows NT 10.0; Win64; x64) AppleWebKit/537.36 Chrome/91.0.4472.124"
185.125.190.39 - - [06/Oct/2025:18:24:36 +0200] "GET /blog/post-1 HTTP/1.1" 404 3724 "https://twitter.com/" "curl/7.68.0"
78.46.89.147 - - [04/Oct/2025:01:43:36 +0200] "GET /api/v1/users HTTP/1.1" 404 9100 "https://github.com/" "Mozilla/5.0 (Windows NT 10.0; Win64; x64) AppleWebKit/537.36 Chrome/91.0.4472.124"
192.168.1.10 - - [03/Oct/2025:23:35:36 +0200] "DELETE /dashboard HTTP/1.1" 502 7345 "-" "curl/7.68.0"
185.70.41.130 - - [04/Oct/2025:01:17:36 +0200] "GET /login HTTP/1.1" 200 9990 "https://news.ycombinator.com/" "Mozilla/5.0 (iPhone; CPU iPhone OS 14_6 like Mac OS X) Safari/604.1"
62.210.152.99 - - [02/Oct/2025:23:06:36 +0200] "GET /settings HTTP/1.1" 500 6832 "https://www.reddit.com/r/programming" "python-requests/2.25.1"
41.190.3.50 - - [06/Oct/2025:03:53:36 +0200] "DELETE /login HTTP/1.1" 200 5596 "-" "Mozilla/5.0 (iPhone; CPU iPhone OS 14_6 like Mac OS X) Safari/604.1"
198.51.100.23 - - [06/Oct/2025:20:52:36 +0200] "GET /download HTTP/1.1" 503 8847 "https://twitter.com/" "Mozilla/5.0 (X11; Linux x86_64) AppleWebKit/537.36 Chrome/91.0"
203.0.113.5 - - [03/Oct/2025:14:04:36 +0200] "GET /docs HTTP/1.1" 404 7823 "https://www.google.com/search?q=nginx" "Go-http-client/1.1"
185.125.190.39 - - [09/Oct/2025:05:59:36 +0200] "GET /register HTTP/1.1" 503 7633 "-" "Mozilla/5.0 (X11; Linux x86_64) AppleWebKit/537.36 Chrome/91.0"
185.199.108.153 - - [09/Oct/2025:06:01:36 +0200] "GET /pricing HTTP/1.1" 200 7716 "https://news.ycombinator.com/" "Mozilla/5.0 (Windows NT 10.0; Win64; x64) AppleWebKit/537.36 Chrome/91.0.4472.124"
10.0.0.45 - - [08/Oct/2025:12:20:36 +0200] "DELETE /api/v1/status HTTP/1.1" 200 4326 "https://news.ycombinator.com/" "Mozilla/5.0 (X11; Linux x86_64) AppleWebKit/537.36 Chrome/91.0"
200.56.23.188 - - [07/Oct/2025:00:12:36 +0200] "POST /api/v1/data HTTP/1.1" 200 4446 "https://github.com/" "Mozilla/5.0 (Windows NT 10.0; Win64; x64) AppleWebKit/537.36 Chrome/91.0.4472.124"
185.125.190.39 - - [05/Oct/2025:03:25:36 +0200] "PUT /blog/post-2 HTTP/1.1" 503 5341 "https://news.ycombinator.com/" "Mozilla/5.0 (iPhone; CPU iPhone OS 14_6 like Mac OS X) Safari/604.1"
41.190.3.50 - - [03/Oct/2025:13:51:36 +0200] "GET /search HTTP/1.1" 404 5651 "-" "curl/7.68.0"
41.190.3.50 - - [05/Oct/2025:00:27:36 +0200] "GET /index.html HTTP/1.1" 404 5790 "https://twitter.com/" "Mozilla/5.0 (X11; Linux x86_64) AppleWebKit/537.36 Chrome/91.0"
151.80.31.45 - - [05/Oct/2025:10:50:36 +0200] "GET /profile HTTP/1.1" 200 4831 "https://stackoverflow.com/" "Go-http-client/1.1"
223.165.16.232 - - [03/Oct/2025:01:04:36 +0200] "GET /docs HTTP/1.1" 404 7043 "https://stackoverflow.com/" "python-requests/2.25.1"
185.199.108.153 - - [06/Oct/2025:03:21:36 +0200] "PUT /contact.html HTTP/1.1" 200 1973 "https://www.reddit.com/r/programming" "python-requests/2.25.1"
185.199.108.153 - - [04/Oct/2025:02:28:36 +0200] "PUT /checkout HTTP/1.1" 404 4243 "https://www.google.com/search?q=nginx" "curl/7.68.0"
203.0.113.5 - - [09/Oct/2025:21:45:36 +0200] "DELETE /logout HTTP/1.1" 200 2067 "https://www.google.com/search?q=nginx" "Go-http-client/1.1"
185.125.190.39 - - [07/Oct/2025:22:54:36 +0200] "DELETE /docs HTTP/1.1" 404 362 "https://www.google.com/search?q=nginx" "Mozilla/5.0 (iPhone; CPU iPhone OS 14_6 like Mac OS X) Safari/604.1"
185.125.190.39 - - [06/Oct/2025:05:32:36 +0200] "PUT /pricing HTTP/1.1" 200 9685 "https://github.com/" "Go-http-client/1.1"
203.0.113.5 - - [06/Oct/2025:10:39:36 +0200] "PUT /cart HTTP/1.1" 200 2560 "https://stackoverflow.com/" "Mozilla/5.0 (Macintosh; Intel Mac OS X 10_15_7) AppleWebKit/537.36 Safari/605.1.15"
172.16.0.5 - - [08/Oct/2025:00:49:36 +0200] "GET /index.html HTTP/1.1" 200 8979 "https://www.google.com/search?q=nginx" "python-requests/2.25.1"
185.70.41.130 - - [09/Oct/2025:13:38:36 +0200] "GET /register HTTP/1.1" 200 4489 "https://news.ycombinator.com/" "Mozilla/5.0 (Macintosh; Intel Mac OS X 10_15_7) AppleWebKit/537.36 Safari/605.1.15"
192.168.1.10 - - [04/Oct/2025:20:55:36 +0200] "GET /api/v1/status HTTP/1.1" 200 6899 "-" "Mozilla/5.0 (X11; Linux x86_64) AppleWebKit/537.36 Chrome/91.0"
8.8.8.8 - - [06/Oct/2025:18:11:36 +0200] "GET /api/v1/users HTTP/1.1" 502 367 "https://github.com/" "Mozilla/5.0 (X11; Linux x86_64; rv:89.0) Gecko/20100101 Firefox/89.0"
92.118.160.1 - - [06/Oct/2025:12:56:36 +0200] "GET /docs HTTP/1.1" 200 8548 "-" "curl/7.68.0"
185.125.190.39 - - [03/Oct/2025:11:45:36 +0200] "GET /search HTTP/1.1" 503 651 "https://www.google.com/search?q=nginx" "python-requests/2.25.1"
8.8.8.8 - - [04/Oct/2025:23:54:36 +0200] "PUT /register HTTP/1.1" 404 9075 "-" "Mozilla/5.0 (iPhone; CPU iPhone OS 14_6 like Mac OS X) Safari/604.1"
185.70.41.130 - - [04/Oct/2025:16:52:36 +0200] "GET /checkout HTTP/1.1" 200 511 "-" "curl/7.68.0"
172.16.0.5 - - [08/Oct/2025:22:20:36 +0200] "GET /api/v1/data HTTP/1.1" 200 337 "https://www.reddit.com/r/programming" "python-requests/2.25.1"
10.0.0.45 - - [03/Oct/2025:14:06:36 +0200] "DELETE /api/v1/status HTTP/1.1" 200 401 "https://twitter.com/" "python-requests/2.25.1"
198.51.100.23 - - [06/Oct/2025:08:16:36 +0200] "GET /login HTTP/1.1" 502 1553 "https://twitter.com/" "Mozilla/5.0 (X11; Linux x86_64) AppleWebKit/537.36 Chrome/91.0"
185.70.41.130 - - [06/Oct/2025:11:13:36 +0200] "PUT /settings HTTP/1.1" 304 570 "https://github.com/" "Mozilla/5.0 (X11; Linux x86_64) AppleWebKit/537.36 Chrome/91.0"
202.177.215.73 - - [09/Oct/2025:22:09:36 +0200] "DELETE /settings HTTP/1.1" 404 1850 "-" "Mozilla/5.0 (Windows NT 10.0; Win64; x64) AppleWebKit/537.36 Chrome/91.0.4472.124"
10.0.0.45 - - [07/Oct/2025:17:00:36 +0200] "POST /settings HTTP/1.1" 404 6245 "https://stackoverflow.com/" "python-requests/2.25.1"
78.46.89.147 - - [07/Oct/2025:10:25:36 +0200] "GET /checkout HTTP/1.1" 200 5399 "https://twitter.com/" "curl/7.68.0"
185.125.190.39 - - [04/Oct/2025:11:17:36 +0200] "GET /register HTTP/1.1" 200 4888 "-" "Mozilla/5.0 (iPhone; CPU iPhone OS 14_6 like Mac OS X) Safari/604.1"
127.0.0.1 - - [05/Oct/2025:19:11:36 +0200] "GET /api/v1/data HTTP/1.1" 404 2107 "-" "Mozilla/5.0 (iPhone; CPU iPhone OS 14_6 like Mac OS X) Safari/604.1"
92.118.160.1 - - [06/Oct/2025:09:16:36 +0200] "GET /docs HTTP/1.1" 200 953 "-" "python-requests/2.25.1"
185.70.41.130 - - [08/Oct/2025:23:33:36 +0200] "GET / HTTP/1.1" 502 6103 "https://www.reddit.com/r/programming" "Mozilla/5.0 (X11; Linux x86_64; rv:89.0) Gecko/20100101 Firefox/89.0"
37.59.123.45 - - [04/Oct/2025:15:59:36 +0200] "POST /settings HTTP/1.1" 200 10062 "-" "Mozilla/5.0 (X11; Linux x86_64) AppleWebKit/537.36 Chrome/91.0"
185.70.41.130 - - [08/Oct/2025:04:53:36 +0200] "DELETE /login HTTP/1.1" 502 4543 "https://www.google.com/search?q=nginx" "Mozilla/5.0 (Macintosh; Intel Mac OS X 10_15_7) AppleWebKit/537.36 Safari/605.1.15"
62.210.152.99 - - [09/Oct/2025:15:17:36 +0200] "GET /dashboard HTTP/1.1" 404 5856 "https://www.google.com/search?q=nginx" "curl/7.68.0"
192.168.1.10 - - [05/Oct/2025:14:12:36 +0200] "GET /contact.html HTTP/1.1" 502 3568 "https://www.google.com/search?q=nginx" "python-requests/2.25.1"
202.177.215.73 - - [03/Oct/2025:00:08:36 +0200] "PUT /register HTTP/1.1" 304 5723 "-" "curl/7.68.0"
198.51.100.23 - - [04/Oct/2025:20:52:36 +0200] "GET /contact.html HTTP/1.1" 503 1275 "-" "Go-http-client/1.1"
200.56.23.188 - - [04/Oct/2025:05:25:36 +0200] "GET /logout HTTP/1.1" 304 5976 "https://www.reddit.com/r/programming" "Go-http-client/1.1"
192.168.1.10 - - [04/Oct/2025:05:14:36 +0200] "DELETE /settings HTTP/1.1" 503 6840 "https://www.google.com/search?q=nginx" "Mozilla/5.0 (X11; Linux x86_64) AppleWebKit/537.36 Chrome/91.0"
185.70.41.130 - - [09/Oct/2025:15:18:36 +0200] "GET /api/v1/data HTTP/1.1" 200 2490 "https://twitter.com/" "curl/7.68.0"
41.190.3.50 - - [06/Oct/2025:03:39:36 +0200] "GET /api/v1/status HTTP/1.1" 404 6452 "https://twitter.com/" "curl/7.68.0"
202.177.215.73 - - [04/Oct/2025:19:35:36 +0200] "POST /products HTTP/1.1" 304 460 "https://www.google.com/search?q=nginx" "Mozilla/5.0 (X11; Linux x86_64) AppleWebKit/537.36 Chrome/91.0"
127.0.0.1 - - [05/Oct/2025:01:24:36 +0200] "GET /search HTTP/1.1" 503 5907 "https://stackoverflow.com/" "Mozilla/5.0 (Windows NT 10.0; Win64; x64) AppleWebKit/537.36 Chrome/91.0.4472.124"
223.165.16.232 - - [04/Oct/2025:15:23:36 +0200] "POST /dashboard HTTP/1.1" 500 5549 "-" "Mozilla/5.0 (X11; Linux x86_64; rv:89.0) Gecko/20100101 Firefox/89.0"
62.210.152.99 - - [04/Oct/2025:17:38:36 +0200] "GET /register HTTP/1.1" 200 7076 "https://github.com/" "Mozilla/5.0 (X11; Linux x86_64) AppleWebKit/537.36 Chrome/91.0"
185.199.108.153 - - [06/Oct/2025:13:05:36 +0200] "GET /api/v1/status HTTP/1.1" 200 1174 "https://www.reddit.com/r/programming" "Mozilla/5.0 (X11; Linux x86_64) AppleWebKit/537.36 Chrome/91.0"
151.80.31.45 - - [04/Oct/2025:07:35:36 +0200] "GET /logout HTTP/1.1" 200 5400 "https://twitter.com/" "Mozilla/5.0 (iPhone; CPU iPhone OS 14_6 like Mac OS X) Safari/604.1"
41.190.3.50 - - [08/Oct/2025:11:23:36 +0200] "GET /api/v2/orders HTTP/1.1" 200 5873 "-" "Mozilla/5.0 (Windows NT 10.0; Win64; x64) AppleWebKit/537.36 Chrome/91.0.4472.124"
92.118.160.1 - - [07/Oct/2025:20:21:36 +0200] "GET /dashboard HTTP/1.1" 500 1909 "-" "Go-http-client/1.1"
78.46.89.147 - - [03/Oct/2025:01:44:36 +0200] "GET /contact.html HTTP/1.1" 200 10025 "https://news.ycombinator.com/" "curl/7.68.0"
172.16.0.5 - - [09/Oct/2025:00:46:36 +0200] "GET /profile HTTP/1.1" 200 7202 "-" "Mozilla/5.0 (X11; Linux x86_64) AppleWebKit/537.36 Chrome/91.0"
8.8.8.8 - - [06/Oct/2025:22:43:36 +0200] "GET /blog/post-2 HTTP/1.1" 200 9364 "https://www.reddit.com/r/programming" "Mozilla/5.0 (iPhone; CPU iPhone OS 14_6 like Mac OS X) Safari/604.1"
198.51.100.23 - - [06/Oct/2025:14:08:36 +0200] "GET /download HTTP/1.1" 200 1316 "https://twitter.com/" "python-requests/2.25.1"
41.190.3.50 - - [06/Oct/2025:20:42:36 +0200] "POST /index.html HTTP/1.1" 500 7817 "https://twitter.com/" "Go-http-client/1.1"
8.8.8.8 - - [04/Oct/2025:11:02:36 +0200] "GET /about.html HTTP/1.1" 200 5630 "https://news.ycombinator.com/" "Mozilla/5.0 (X11; Linux x86_64) AppleWebKit/537.36 Chrome/91.0"
202.177.215.73 - - [07/Oct/2025:00:04:36 +0200] "POST /blog/post-1 HTTP/1.1" 500 7488 "https://www.google.com/search?q=nginx" "Go-http-client/1.1"
92.118.160.1 - - [06/Oct/2025:09:17:36 +0200] "GET / HTTP/1.1" 200 7566 "-" "python-requests/2.25.1"
151.80.31.45 - - [06/Oct/2025:12:24:36 +0200] "PUT /api/v1/users HTTP/1.1" 503 5181 "https://www.google.com/search?q=nginx" "Mozilla/5.0 (X11; Linux x86_64) AppleWebKit/537.36 Chrome/91.0"
200.56.23.188 - - [05/Oct/2025:05:52:36 +0200] "GET /logout HTTP/1.1" 200 9772 "https://stackoverflow.com/" "Mozilla/5.0 (Windows NT 10.0; Win64; x64) AppleWebKit/537.36 Chrome/91.0.4472.124"
151.80.31.45 - - [06/Oct/2025:18:05:36 +0200] "PUT /logout HTTP/1.1" 304 3307 "https://twitter.com/" "Mozilla/5.0 (X11; Linux x86_64; rv:89.0) Gecko/20100101 Firefox/89.0"
10.0.0.45 - - [04/Oct/2025:19:22:36 +0200] "DELETE /blog/post-1 HTTP/1.1" 200 2183 "-" "Mozilla/5.0 (iPhone; CPU iPhone OS 14_6 like Mac OS X) Safari/604.1"
185.199.108.153 - - [04/Oct/2025:21:45:36 +0200] "GET /docs HTTP/1.1" 200 4570 "-" "Mozilla/5.0 (X11; Linux x86_64) AppleWebKit/537.36 Chrome/91.0"
202.177.215.73 - - [03/Oct/2025:17:08:36 +0200] "GET /docs HTTP/1.1" 200 7038 "https://github.com/" "Go-http-client/1.1"
202.177.215.73 - - [07/Oct/2025:03:06:36 +0200] "PUT /pricing HTTP/1.1" 404 9881 "https://stackoverflow.com/" "Mozilla/5.0 (Windows NT 10.0; Win64; x64) AppleWebKit/537.36 Chrome/91.0.4472.124"
185.125.190.39 - - [07/Oct/2025:14:56:36 +0200] "POST /blog/post-1 HTTP/1.1" 200 5932 "https://www.google.com/search?q=nginx" "Mozilla/5.0 (X11; Linux x86_64; rv:89.0) Gecko/20100101 Firefox/89.0"
151.80.31.45 - - [04/Oct/2025:20:11:36 +0200] "DELETE /index.html HTTP/1.1" 200 3278 "-" "Mozilla/5.0 (Macintosh; Intel Mac OS X 10_15_7) AppleWebKit/537.36 Safari/605.1.15"
203.0.113.5 - - [08/Oct/2025:08:55:36 +0200] "PUT /pricing HTTP/1.1" 200 223 "-" "Go-http-client/1.1"
202.177.215.73 - - [03/Oct/2025:20:11:36 +0200] "GET /docs HTTP/1.1" 200 6659 "https://www.google.com/search?q=nginx" "Mozilla/5.0 (iPhone; CPU iPhone OS 14_6 like Mac OS X) Safari/604.1"
62.210.152.99 - - [03/Oct/2025:03:37:36 +0200] "GET / HTTP/1.1" 200 4407 "https://www.google.com/search?q=nginx" "Go-http-client/1.1"
180.149.125.89 - - [09/Oct/2025:03:27:36 +0200] "PUT /blog/post-2 HTTP/1.1" 500 2412 "-" "curl/7.68.0"
198.51.100.23 - - [04/Oct/2025:06:41:36 +0200] "GET /products HTTP/1.1" 502 6553 "https://www.reddit.com/r/programming" "curl/7.68.0"
92.118.160.1 - - [04/Oct/2025:18:34:36 +0200] "PUT /admin HTTP/1.1" 404 7090 "https://www.google.com/search?q=nginx" "python-requests/2.25.1"
203.0.113.5 - - [04/Oct/2025:15:37:36 +0200] "GET /login HTTP/1.1" 200 5122 "-" "Mozilla/5.0 (Windows NT 10.0; Win64; x64) AppleWebKit/537.36 Chrome/91.0.4472.124"
198.51.100.23 - - [03/Oct/2025:18:04:36 +0200] "GET /logout HTTP/1.1" 404 2794 "https://news.ycombinator.com/" "python-requests/2.25.1"
37.59.123.45 - - [08/Oct/2025:10:17:36 +0200] "POST /login HTTP/1.1" 200 6212 "-" "Mozilla/5.0 (iPhone; CPU iPhone OS 14_6 like Mac OS X) Safari/604.1"
151.80.31.45 - - [05/Oct/2025:20:14:36 +0200] "GET /products HTTP/1.1" 200 9109 "https://www.google.com/search?q=nginx" "Mozilla/5.0 (Macintosh; Intel Mac OS X 10_15_7) AppleWebKit/537.36 Safari/605.1.15"
200.56.23.188 - - [05/Oct/2025:12:44:36 +0200] "GET / HTTP/1.1" 503 4870 "https://www.reddit.com/r/programming" "Mozilla/5.0 (X11; Linux x86_64) AppleWebKit/537.36 Chrome/91.0"
180.149.125.89 - - [06/Oct/2025:19:20:36 +0200] "GET /settings HTTP/1.1" 502 747 "https://github.com/" "python-requests/2.25.1"
200.56.23.188 - - [07/Oct/2025:04:26:36 +0200] "POST /products HTTP/1.1" 304 3674 "-" "Mozilla/5.0 (Macintosh; Intel Mac OS X 10_15_7) AppleWebKit/537.36 Safari/605.1.15"
10.0.0.45 - - [03/Oct/2025:03:21:36 +0200] "GET /about.html HTTP/1.1" 502 4410 "https://stackoverflow.com/" "Mozilla/5.0 (iPhone; CPU iPhone OS 14_6 like Mac OS X) Safari/604.1"
200.56.23.188 - - [07/Oct/2025:00:51:36 +0200] "POST /settings HTTP/1.1" 502 4677 "https://news.ycombinator.com/" "Mozilla/5.0 (iPhone; CPU iPhone OS 14_6 like Mac OS X) Safari/604.1"
172.16.0.5 - - [04/Oct/2025:13:18:36 +0200] "POST /index.html HTTP/1.1" 503 1146 "https://www.google.com/search?q=nginx" "python-requests/2.25.1"
202.177.215.73 - - [09/Oct/2025:02:01:36 +0200] "DELETE /profile HTTP/1.1" 200 9598 "https://www.reddit.com/r/programming" "Mozilla/5.0 (Macintosh; Intel Mac OS X 10_15_7) AppleWebKit/537.36 Safari/605.1.15"
92.118.160.1 - - [09/Oct/2025:12:43:36 +0200] "PUT /about.html HTTP/1.1" 200 6407 "https://stackoverflow.com/" "Mozilla/5.0 (Windows NT 10.0; Win64; x64) AppleWebKit/537.36 Chrome/91.0.4472.124"
37.59.123.45 - - [07/Oct/2025:22:16:36 +0200] "GET /register HTTP/1.1" 200 1532 "https://twitter.com/" "Mozilla/5.0 (Windows NT 10.0; Win64; x64) AppleWebKit/537.36 Chrome/91.0.4472.124"
151.80.31.45 - - [04/Oct/2025:04:41:36 +0200] "GET /blog/post-2 HTTP/1.1" 200 9948 "-" "Mozilla/5.0 (Macintosh; Intel Mac OS X 10_15_7) AppleWebKit/537.36 Safari/605.1.15"
202.177.215.73 - - [05/Oct/2025:07:07:36 +0200] "DELETE /dashboard HTTP/1.1" 200 8822 "https://github.com/" "python-requests/2.25.1"
223.165.16.232 - - [07/Oct/2025:05:28:36 +0200] "DELETE / HTTP/1.1" 200 5772 "-" "Mozilla/5.0 (X11; Linux x86_64; rv:89.0) Gecko/20100101 Firefox/89.0"
127.0.0.1 - - [05/Oct/2025:21:57:36 +0200] "POST /login HTTP/1.1" 500 8612 "https://www.reddit.com/r/programming" "python-requests/2.25.1"
10.0.0.45 - - [05/Oct/2025:11:41:36 +0200] "GET /login HTTP/1.1" 503 9815 "-" "Go-http-client/1.1"
185.70.41.130 - - [04/Oct/2025:20:46:36 +0200] "GET /about.html HTTP/1.1" 200 7138 "-" "Mozilla/5.0 (Macintosh; Intel Mac OS X 10_15_7) AppleWebKit/537.36 Safari/605.1.15"
185.199.108.153 - - [03/Oct/2025:04:30:36 +0200] "GET /blog/post-1 HTTP/1.1" 502 6229 "https://news.ycombinator.com/" "Mozilla/5.0 (iPhone; CPU iPhone OS 14_6 like Mac OS X) Safari/604.1"
185.199.108.153 - - [09/Oct/2025:09:21:36 +0200] "DELETE /register HTTP/1.1" 200 8952 "https://github.com/" "Mozilla/5.0 (Windows NT 10.0; Win64; x64) AppleWebKit/537.36 Chrome/91.0.4472.124"
62.210.152.99 - - [03/Oct/2025:04:29:36 +0200] "GET /products HTTP/1.1" 200 3248 "https://twitter.com/" "Mozilla/5.0 (Macintosh; Intel Mac OS X 10_15_7) AppleWebKit/537.36 Safari/605.1.15"
198.51.100.23 - - [07/Oct/2025:22:50:36 +0200] "DELETE /login HTTP/1.1" 404 4928 "https://github.com/" "Mozilla/5.0 (Windows NT 10.0; Win64; x64) AppleWebKit/537.36 Chrome/91.0.4472.124"
192.168.1.10 - - [06/Oct/2025:11:53:36 +0200] "GET /api/v2/orders HTTP/1.1" 404 1638 "-" "Mozilla/5.0 (X11; Linux x86_64; rv:89.0) Gecko/20100101 Firefox/89.0"
180.149.125.89 - - [05/Oct/2025:02:56:36 +0200] "POST /products HTTP/1.1" 200 8941 "https://twitter.com/" "Go-http-client/1.1"
37.59.123.45 - - [07/Oct/2025:13:10:36 +0200] "GET /blog/post-1 HTTP/1.1" 200 9893 "https://twitter.com/" "Mozilla/5.0 (X11; Linux x86_64; rv:89.0) Gecko/20100101 Firefox/89.0"
151.80.31.45 - - [07/Oct/2025:07:46:36 +0200] "GET /register HTTP/1.1" 503 6782 "https://twitter.com/" "Mozilla/5.0 (X11; Linux x86_64; rv:89.0) Gecko/20100101 Firefox/89.0"
192.168.1.10 - - [03/Oct/2025:20:32:36 +0200] "DELETE /logout HTTP/1.1" 200 9307 "https://twitter.com/" "curl/7.68.0"
37.59.123.45 - - [07/Oct/2025:07:20:36 +0200] "POST /blog/post-1 HTTP/1.1" 200 3598 "-" "Mozilla/5.0 (Windows NT 10.0; Win64; x64) AppleWebKit/537.36 Chrome/91.0.4472.124"
185.70.41.130 - - [08/Oct/2025:09:40:36 +0200] "PUT /pricing HTTP/1.1" 200 1623 "https://github.com/" "Mozilla/5.0 (Windows NT 10.0; Win64; x64) AppleWebKit/537.36 Chrome/91.0.4472.124"
62.210.152.99 - - [03/Oct/2025:14:43:36 +0200] "GET /download HTTP/1.1" 200 7831 "https://news.ycombinator.com/" "Mozilla/5.0 (iPhone; CPU iPhone OS 14_6 like Mac OS X) Safari/604.1"
37.59.123.45 - - [08/Oct/2025:14:38:36 +0200] "GET /api/v2/orders HTTP/1.1" 200 7654 "-" "python-requests/2.25.1"
8.8.8.8 - - [07/Oct/2025:15:05:36 +0200] "POST /api/v1/data HTTP/1.1" 502 9727 "https://www.reddit.com/r/programming" "Mozilla/5.0 (X11; Linux x86_64) AppleWebKit/537.36 Chrome/91.0"
180.149.125.89 - - [06/Oct/2025:10:46:36 +0200] "GET /cart HTTP/1.1" 500 9596 "https://twitter.com/" "Mozilla/5.0 (Macintosh; Intel Mac OS X 10_15_7) AppleWebKit/537.36 Safari/605.1.15"
198.51.100.23 - - [06/Oct/2025:09:16:36 +0200] "GET /about.html HTTP/1.1" 500 1934 "-" "python-requests/2.25.1"
192.168.1.10 - - [08/Oct/2025:01:39:36 +0200] "POST /api/v1/status HTTP/1.1" 502 8813 "https://twitter.com/" "python-requests/2.25.1"
151.80.31.45 - - [08/Oct/2025:05:03:36 +0200] "GET /pricing HTTP/1.1" 200 7200 "https://news.ycombinator.com/" "Mozilla/5.0 (Windows NT 10.0; Win64; x64) AppleWebKit/537.36 Chrome/91.0.4472.124"
151.80.31.45 - - [03/Oct/2025:02:44:36 +0200] "GET /index.html HTTP/1.1" 200 883 "-" "Mozilla/5.0 (X11; Linux x86_64) AppleWebKit/537.36 Chrome/91.0"
10.0.0.45 - - [03/Oct/2025:06:42:36 +0200] "GET /api/v1/data HTTP/1.1" 200 8415 "https://www.google.com/search?q=nginx" "Go-http-client/1.1"
185.125.190.39 - - [06/Oct/2025:06:33:36 +0200] "PUT /admin HTTP/1.1" 503 3723 "-" "Mozilla/5.0 (X11; Linux x86_64; rv:89.0) Gecko/20100101 Firefox/89.0"
185.199.108.153 - - [04/Oct/2025:18:35:36 +0200] "GET /download HTTP/1.1" 404 8449 "https://github.com/" "Mozilla/5.0 (X11; Linux x86_64; rv:89.0) Gecko/20100101 Firefox/89.0"
185.125.190.39 - - [04/Oct/2025:20:58:36 +0200] "GET /contact.html HTTP/1.1" 503 2578 "-" "Mozilla/5.0 (iPhone; CPU iPhone OS 14_6 like Mac OS X) Safari/604.1"
203.0.113.5 - - [08/Oct/2025:17:58:36 +0200] "GET /search HTTP/1.1" 404 668 "https://www.google.com/search?q=nginx" "Mozilla/5.0 (Macintosh; Intel Mac OS X 10_15_7) AppleWebKit/537.36 Safari/605.1.15"
185.199.108.153 - - [09/Oct/2025:05:51:36 +0200] "PUT /api/v2/orders HTTP/1.1" 200 9600 "https://stackoverflow.com/" "Mozilla/5.0 (iPhone; CPU iPhone OS 14_6 like Mac OS X) Safari/604.1"
200.56.23.188 - - [04/Oct/2025:15:10:36 +0200] "GET /cart HTTP/1.1" 200 2329 "https://stackoverflow.com/" "Mozilla/5.0 (Windows NT 10.0; Win64; x64) AppleWebKit/537.36 Chrome/91.0.4472.124"
185.199.108.153 - - [06/Oct/2025:09:41:36 +0200] "GET /api/v1/status HTTP/1.1" 304 5575 "https://news.ycombinator.com/" "Mozilla/5.0 (iPhone; CPU iPhone OS 14_6 like Mac OS X) Safari/604.1"
185.125.190.39 - - [03/Oct/2025:20:01:36 +0200] "DELETE /search HTTP/1.1" 200 7102 "-" "curl/7.68.0"
223.165.16.232 - - [04/Oct/2025:09:53:36 +0200] "GET /pricing HTTP/1.1" 200 7383 "https://github.com/" "curl/7.68.0"
8.8.8.8 - - [05/Oct/2025:11:17:36 +0200] "DELETE /api/v1/status HTTP/1.1" 304 6689 "https://github.com/" "Mozilla/5.0 (X11; Linux x86_64; rv:89.0) Gecko/20100101 Firefox/89.0"
8.8.8.8 - - [09/Oct/2025:20:04:36 +0200] "DELETE /download HTTP/1.1" 500 8127 "https://www.google.com/search?q=nginx" "Mozilla/5.0 (X11; Linux x86_64; rv:89.0) Gecko/20100101 Firefox/89.0"
185.125.190.39 - - [08/Oct/2025:04:47:36 +0200] "POST /logout HTTP/1.1" 500 9603 "-" "python-requests/2.25.1"
37.59.123.45 - - [04/Oct/2025:20:36:36 +0200] "GET /search HTTP/1.1" 500 7245 "-" "Mozilla/5.0 (X11; Linux x86_64; rv:89.0) Gecko/20100101 Firefox/89.0"
172.16.0.5 - - [07/Oct/2025:02:49:36 +0200] "DELETE /products HTTP/1.1" 503 9043 "-" "curl/7.68.0"
41.190.3.50 - - [06/Oct/2025:21:27:36 +0200] "GET /cart HTTP/1.1" 200 5703 "-" "Go-http-client/1.1"
8.8.8.8 - - [06/Oct/2025:06:53:36 +0200] "POST /about.html HTTP/1.1" 500 6371 "https://www.reddit.com/r/programming" "Mozilla/5.0 (X11; Linux x86_64; rv:89.0) Gecko/20100101 Firefox/89.0"
200.56.23.188 - - [08/Oct/2025:02:12:36 +0200] "GET /api/v2/orders HTTP/1.1" 500 1442 "-" "Mozilla/5.0 (Macintosh; Intel Mac OS X 10_15_7) AppleWebKit/537.36 Safari/605.1.15"
198.51.100.23 - - [06/Oct/2025:08:59:36 +0200] "GET /blog/post-1 HTTP/1.1" 503 4498 "https://www.google.com/search?q=nginx" "python-requests/2.25.1"
198.51.100.23 - - [04/Oct/2025:16:55:36 +0200] "DELETE /login HTTP/1.1" 200 2662 "https://www.google.com/search?q=nginx" "curl/7.68.0"
78.46.89.147 - - [04/Oct/2025:12:03:36 +0200] "DELETE /logout HTTP/1.1" 304 4345 "https://github.com/" "curl/7.68.0"
192.168.1.10 - - [09/Oct/2025:14:20:36 +0200] "GET /blog/post-2 HTTP/1.1" 200 5734 "-" "Go-http-client/1.1"
78.46.89.147 - - [04/Oct/2025:09:59:36 +0200] "GET /dashboard HTTP/1.1" 200 1386 "-" "Mozilla/5.0 (Windows NT 10.0; Win64; x64) AppleWebKit/537.36 Chrome/91.0.4472.124"
172.16.0.5 - - [05/Oct/2025:16:44:36 +0200] "PUT /checkout HTTP/1.1" 200 2504 "https://stackoverflow.com/" "Go-http-client/1.1"
62.210.152.99 - - [07/Oct/2025:08:45:36 +0200] "DELETE /download HTTP/1.1" 200 174 "https://www.google.com/search?q=nginx" "Go-http-client/1.1"
151.80.31.45 - - [08/Oct/2025:14:02:36 +0200] "GET /logout HTTP/1.1" 503 515 "https://news.ycombinator.com/" "Go-http-client/1.1"
203.0.113.5 - - [05/Oct/2025:23:38:36 +0200] "DELETE /settings HTTP/1.1" 200 4888 "-" "python-requests/2.25.1"
10.0.0.45 - - [03/Oct/2025:16:28:36 +0200] "DELETE /api/v1/data HTTP/1.1" 500 6449 "https://github.com/" "Mozilla/5.0 (X11; Linux x86_64) AppleWebKit/537.36 Chrome/91.0"
41.190.3.50 - - [06/Oct/2025:00:16:36 +0200] "GET /dashboard HTTP/1.1" 200 7500 "-" "Mozilla/5.0 (X11; Linux x86_64; rv:89.0) Gecko/20100101 Firefox/89.0"
185.70.41.130 - - [05/Oct/2025:11:58:36 +0200] "GET /pricing HTTP/1.1" 200 4115 "-" "Mozilla/5.0 (X11; Linux x86_64; rv:89.0) Gecko/20100101 Firefox/89.0"
10.0.0.45 - - [07/Oct/2025:09:45:36 +0200] "GET /checkout HTTP/1.1" 500 172 "-" "python-requests/2.25.1"
203.0.113.5 - - [05/Oct/2025:03:43:36 +0200] "GET / HTTP/1.1" 200 6033 "-" "curl/7.68.0"
172.16.0.5 - - [04/Oct/2025:14:18:36 +0200] "PUT /admin HTTP/1.1" 200 5244 "https://github.com/" "Mozilla/5.0 (X11; Linux x86_64; rv:89.0) Gecko/20100101 Firefox/89.0"
172.16.0.5 - - [04/Oct/2025:16:38:36 +0200] "GET /cart HTTP/1.1" 404 10060 "-" "Mozilla/5.0 (iPhone; CPU iPhone OS 14_6 like Mac OS X) Safari/604.1"
41.190.3.50 - - [08/Oct/2025:10:04:36 +0200] "POST /contact.html HTTP/1.1" 502 9752 "-" "Mozilla/5.0 (X11; Linux x86_64) AppleWebKit/537.36 Chrome/91.0"
198.51.100.23 - - [03/Oct/2025:18:24:36 +0200] "GET /dashboard HTTP/1.1" 200 6182 "-" "Mozilla/5.0 (X11; Linux x86_64) AppleWebKit/537.36 Chrome/91.0"
78.46.89.147 - - [08/Oct/2025:14:16:36 +0200] "DELETE /dashboard HTTP/1.1" 502 4025 "https://stackoverflow.com/" "Mozilla/5.0 (Macintosh; Intel Mac OS X 10_15_7) AppleWebKit/537.36 Safari/605.1.15"
192.168.1.10 - - [09/Oct/2025:15:03:36 +0200] "GET /blog/post-2 HTTP/1.1" 200 6456 "-" "Mozilla/5.0 (X11; Linux x86_64) AppleWebKit/537.36 Chrome/91.0"
200.56.23.188 - - [08/Oct/2025:01:16:36 +0200] "GET /pricing HTTP/1.1" 502 3457 "-" "Mozilla/5.0 (X11; Linux x86_64; rv:89.0) Gecko/20100101 Firefox/89.0"
185.125.190.39 - - [04/Oct/2025:21:35:36 +0200] "PUT /login HTTP/1.1" 500 2714 "https://twitter.com/" "Mozilla/5.0 (X11; Linux x86_64) AppleWebKit/537.36 Chrome/91.0"
78.46.89.147 - - [07/Oct/2025:11:10:36 +0200] "GET /login HTTP/1.1" 200 7994 "https://twitter.com/" "Go-http-client/1.1"
223.165.16.232 - - [05/Oct/2025:00:52:36 +0200] "DELETE /logout HTTP/1.1" 200 1633 "https://www.google.com/search?q=nginx" "python-requests/2.25.1"
202.177.215.73 - - [07/Oct/2025:06:28:36 +0200] "POST /docs HTTP/1.1" 200 3924 "https://stackoverflow.com/" "python-requests/2.25.1"
198.51.100.23 - - [07/Oct/2025:23:35:36 +0200] "GET / HTTP/1.1" 404 3927 "-" "curl/7.68.0"
202.177.215.73 - - [05/Oct/2025:15:02:36 +0200] "GET /api/v1/data HTTP/1.1" 500 2798 "-" "Mozilla/5.0 (Macintosh; Intel Mac OS X 10_15_7) AppleWebKit/537.36 Safari/605.1.15"
198.51.100.23 - - [09/Oct/2025:15:48:36 +0200] "PUT /admin HTTP/1.1" 200 4752 "https://news.ycombinator.com/" "Mozilla/5.0 (X11; Linux x86_64) AppleWebKit/537.36 Chrome/91.0"
92.118.160.1 - - [06/Oct/2025:23:47:36 +0200] "GET /blog/post-1 HTTP/1.1" 200 828 "https://stackoverflow.com/" "Go-http-client/1.1"
127.0.0.1 - - [06/Oct/2025:15:26:36 +0200] "GET /cart HTTP/1.1" 200 7142 "https://www.google.com/search?q=nginx" "Mozilla/5.0 (Windows NT 10.0; Win64; x64) AppleWebKit/537.36 Chrome/91.0.4472.124"
10.0.0.45 - - [09/Oct/2025:08:53:36 +0200] "GET /admin HTTP/1.1" 200 5107 "-" "Go-http-client/1.1"
172.16.0.5 - - [05/Oct/2025:09:44:36 +0200] "DELETE /search HTTP/1.1" 502 1659 "https://twitter.com/" "python-requests/2.25.1"
180.149.125.89 - - [05/Oct/2025:16:42:36 +0200] "GET /api/v1/users HTTP/1.1" 200 2017 "https://twitter.com/" "Mozilla/5.0 (iPhone; CPU iPhone OS 14_6 like Mac OS X) Safari/604.1"
180.149.125.89 - - [06/Oct/2025:22:42:36 +0200] "GET /index.html HTTP/1.1" 200 2561 "https://twitter.com/" "Mozilla/5.0 (Macintosh; Intel Mac OS X 10_15_7) AppleWebKit/537.36 Safari/605.1.15"
185.125.190.39 - - [03/Oct/2025:06:26:36 +0200] "DELETE /pricing HTTP/1.1" 500 3293 "https://github.com/" "Go-http-client/1.1"
151.80.31.45 - - [06/Oct/2025:06:54:36 +0200] "GET /dashboard HTTP/1.1" 404 4624 "-" "curl/7.68.0"
185.199.108.153 - - [07/Oct/2025:05:05:36 +0200] "GET /admin HTTP/1.1" 200 3800 "https://stackoverflow.com/" "Go-http-client/1.1"
151.80.31.45 - - [09/Oct/2025:16:49:36 +0200] "PUT /settings HTTP/1.1" 502 7462 "-" "Mozilla/5.0 (Macintosh; Intel Mac OS X 10_15_7) AppleWebKit/537.36 Safari/605.1.15"
185.125.190.39 - - [08/Oct/2025:19:18:36 +0200] "PUT /download HTTP/1.1" 304 6849 "-" "python-requests/2.25.1"
151.80.31.45 - - [07/Oct/2025:14:06:36 +0200] "POST /docs HTTP/1.1" 200 8912 "https://news.ycombinator.com/" "python-requests/2.25.1"
185.125.190.39 - - [03/Oct/2025:12:13:36 +0200] "DELETE /api/v2/orders HTTP/1.1" 304 6571 "https://github.com/" "Mozilla/5.0 (X11; Linux x86_64; rv:89.0) Gecko/20100101 Firefox/89.0"
92.118.160.1 - - [04/Oct/2025:12:32:36 +0200] "GET /checkout HTTP/1.1" 404 6736 "https://www.reddit.com/r/programming" "curl/7.68.0"
10.0.0.45 - - [05/Oct/2025:17:05:36 +0200] "GET /blog/post-1 HTTP/1.1" 200 9115 "-" "Mozilla/5.0 (iPhone; CPU iPhone OS 14_6 like Mac OS X) Safari/604.1"
223.165.16.232 - - [05/Oct/2025:07:39:36 +0200] "DELETE /download HTTP/1.1" 503 3117 "-" "Mozilla/5.0 (X11; Linux x86_64; rv:89.0) Gecko/20100101 Firefox/89.0"
203.0.113.5 - - [05/Oct/2025:23:18:36 +0200] "GET /api/v1/status HTTP/1.1" 502 9287 "-" "Mozilla/5.0 (Macintosh; Intel Mac OS X 10_15_7) AppleWebKit/537.36 Safari/605.1.15"
192.168.1.10 - - [05/Oct/2025:10:53:36 +0200] "GET /cart HTTP/1.1" 304 927 "https://stackoverflow.com/" "python-requests/2.25.1"
200.56.23.188 - - [08/Oct/2025:04:09:36 +0200] "PUT /dashboard HTTP/1.1" 404 2641 "-" "Mozilla/5.0 (X11; Linux x86_64) AppleWebKit/537.36 Chrome/91.0"
8.8.8.8 - - [07/Oct/2025:06:57:36 +0200] "POST /api/v2/orders HTTP/1.1" 503 6996 "-" "curl/7.68.0"
8.8.8.8 - - [09/Oct/2025:10:22:36 +0200] "GET /download HTTP/1.1" 304 9394 "-" "python-requests/2.25.1"
185.199.108.153 - - [03/Oct/2025:10:10:36 +0200] "GET /docs HTTP/1.1" 502 8226 "-" "Mozilla/5.0 (X11; Linux x86_64) AppleWebKit/537.36 Chrome/91.0"
185.199.108.153 - - [05/Oct/2025:08:18:36 +0200] "POST /api/v1/status HTTP/1.1" 200 5227 "-" "curl/7.68.0"
78.46.89.147 - - [08/Oct/2025:23:41:36 +0200] "DELETE /profile HTTP/1.1" 200 8958 "-" "Mozilla/5.0 (Windows NT 10.0; Win64; x64) AppleWebKit/537.36 Chrome/91.0.4472.124"
192.168.1.10 - - [07/Oct/2025:13:04:36 +0200] "GET /settings HTTP/1.1" 200 9794 "-" "Mozilla/5.0 (Macintosh; Intel Mac OS X 10_15_7) AppleWebKit/537.36 Safari/605.1.15"
78.46.89.147 - - [04/Oct/2025:09:45:36 +0200] "GET /admin HTTP/1.1" 502 8047 "https://stackoverflow.com/" "python-requests/2.25.1"
223.165.16.232 - - [09/Oct/2025:20:47:36 +0200] "GET /checkout HTTP/1.1" 200 2101 "https://twitter.com/" "Mozilla/5.0 (iPhone; CPU iPhone OS 14_6 like Mac OS X) Safari/604.1"
203.0.113.5 - - [09/Oct/2025:21:48:36 +0200] "GET / HTTP/1.1" 200 9057 "https://www.google.com/search?q=nginx" "python-requests/2.25.1"
41.190.3.50 - - [05/Oct/2025:13:09:36 +0200] "DELETE /logout HTTP/1.1" 200 6303 "https://news.ycombinator.com/" "Mozilla/5.0 (iPhone; CPU iPhone OS 14_6 like Mac OS X) Safari/604.1"
151.80.31.45 - - [07/Oct/2025:13:30:36 +0200] "POST /cart HTTP/1.1" 503 9087 "-" "Mozilla/5.0 (X11; Linux x86_64; rv:89.0) Gecko/20100101 Firefox/89.0"
198.51.100.23 - - [06/Oct/2025:03:35:36 +0200] "GET /cart HTTP/1.1" 503 1109 "https://stackoverflow.com/" "python-requests/2.25.1"
185.199.108.153 - - [07/Oct/2025:22:35:36 +0200] "GET /products HTTP/1.1" 404 5425 "https://stackoverflow.com/" "Mozilla/5.0 (iPhone; CPU iPhone OS 14_6 like Mac OS X) Safari/604.1"
127.0.0.1 - - [07/Oct/2025:23:06:36 +0200] "DELETE /cart HTTP/1.1" 500 10091 "-" "python-requests/2.25.1"
203.0.113.5 - - [07/Oct/2025:12:59:36 +0200] "PUT /about.html HTTP/1.1" 200 2924 "-" "Mozilla/5.0 (X11; Linux x86_64; rv:89.0) Gecko/20100101 Firefox/89.0"
127.0.0.1 - - [08/Oct/2025:18:36:36 +0200] "GET /register HTTP/1.1" 503 6816 "-" "Mozilla/5.0 (X11; Linux x86_64; rv:89.0) Gecko/20100101 Firefox/89.0"
185.70.41.130 - - [05/Oct/2025:09:58:36 +0200] "POST /blog/post-1 HTTP/1.1" 404 5857 "-" "curl/7.68.0"
151.80.31.45 - - [08/Oct/2025:22:17:36 +0200] "GET /api/v1/status HTTP/1.1" 200 4569 "https://www.reddit.com/r/programming" "Mozilla/5.0 (X11; Linux x86_64) AppleWebKit/537.36 Chrome/91.0"
127.0.0.1 - - [05/Oct/2025:15:18:36 +0200] "PUT /download HTTP/1.1" 200 9108 "-" "Mozilla/5.0 (X11; Linux x86_64; rv:89.0) Gecko/20100101 Firefox/89.0"
198.51.100.23 - - [08/Oct/2025:11:28:36 +0200] "GET /register HTTP/1.1" 200 5535 "https://stackoverflow.com/" "Mozilla/5.0 (X11; Linux x86_64) AppleWebKit/537.36 Chrome/91.0"
127.0.0.1 - - [05/Oct/2025:12:53:36 +0200] "DELETE /api/v1/users HTTP/1.1" 304 5839 "-" "curl/7.68.0"
223.165.16.232 - - [04/Oct/2025:17:45:36 +0200] "GET /api/v1/data HTTP/1.1" 200 3337 "https://twitter.com/" "Go-http-client/1.1"
185.125.190.39 - - [08/Oct/2025:18:01:36 +0200] "GET /settings HTTP/1.1" 500 1038 "https://stackoverflow.com/" "curl/7.68.0"
172.16.0.5 - - [09/Oct/2025:12:54:36 +0200] "GET /about.html HTTP/1.1" 200 7334 "-" "Mozilla/5.0 (Windows NT 10.0; Win64; x64) AppleWebKit/537.36 Chrome/91.0.4472.124"
92.118.160.1 - - [02/Oct/2025:23:41:36 +0200] "GET /register HTTP/1.1" 502 9447 "https://github.com/" "Mozilla/5.0 (Windows NT 10.0; Win64; x64) AppleWebKit/537.36 Chrome/91.0.4472.124"
10.0.0.45 - - [06/Oct/2025:21:12:36 +0200] "GET /api/v1/users HTTP/1.1" 404 8916 "https://github.com/" "Mozilla/5.0 (Windows NT 10.0; Win64; x64) AppleWebKit/537.36 Chrome/91.0.4472.124"
185.125.190.39 - - [04/Oct/2025:01:28:36 +0200] "POST /cart HTTP/1.1" 200 1576 "-" "Mozilla/5.0 (Windows NT 10.0; Win64; x64) AppleWebKit/537.36 Chrome/91.0.4472.124"
203.0.113.5 - - [09/Oct/2025:22:12:36 +0200] "DELETE /api/v1/users HTTP/1.1" 502 6827 "https://stackoverflow.com/" "Mozilla/5.0 (iPhone; CPU iPhone OS 14_6 like Mac OS X) Safari/604.1"
151.80.31.45 - - [05/Oct/2025:11:32:36 +0200] "PUT /api/v1/status HTTP/1.1" 500 6736 "https://github.com/" "Mozilla/5.0 (Macintosh; Intel Mac OS X 10_15_7) AppleWebKit/537.36 Safari/605.1.15"
37.59.123.45 - - [06/Oct/2025:22:55:36 +0200] "DELETE /blog/post-2 HTTP/1.1" 200 9991 "https://github.com/" "Mozilla/5.0 (iPhone; CPU iPhone OS 14_6 like Mac OS X) Safari/604.1"
198.51.100.23 - - [03/Oct/2025:07:00:36 +0200] "GET /login HTTP/1.1" 200 2513 "-" "curl/7.68.0"
180.149.125.89 - - [07/Oct/2025:15:35:36 +0200] "GET /api/v1/status HTTP/1.1" 200 2610 "-" "curl/7.68.0"
192.168.1.10 - - [08/Oct/2025:07:33:36 +0200] "DELETE /api/v1/users HTTP/1.1" 200 486 "-" "python-requests/2.25.1"
37.59.123.45 - - [09/Oct/2025:00:18:36 +0200] "GET /logout HTTP/1.1" 200 8942 "-" "curl/7.68.0"
202.177.215.73 - - [09/Oct/2025:14:49:36 +0200] "POST /admin HTTP/1.1" 500 3170 "https://www.google.com/search?q=nginx" "Mozilla/5.0 (Macintosh; Intel Mac OS X 10_15_7) AppleWebKit/537.36 Safari/605.1.15"
185.125.190.39 - - [08/Oct/2025:15:53:36 +0200] "GET /profile HTTP/1.1" 502 336 "-" "curl/7.68.0"
185.199.108.153 - - [08/Oct/2025:18:20:36 +0200] "POST /download HTTP/1.1" 500 4679 "-" "Mozilla/5.0 (Windows NT 10.0; Win64; x64) AppleWebKit/537.36 Chrome/91.0.4472.124"
92.118.160.1 - - [06/Oct/2025:00:51:36 +0200] "DELETE /dashboard HTTP/1.1" 304 1270 "https://news.ycombinator.com/" "Go-http-client/1.1"
202.177.215.73 - - [05/Oct/2025:01:27:36 +0200] "GET /search HTTP/1.1" 500 9252 "https://www.reddit.com/r/programming" "python-requests/2.25.1"
192.168.1.10 - - [04/Oct/2025:13:29:36 +0200] "DELETE / HTTP/1.1" 503 3659 "-" "Mozilla/5.0 (Windows NT 10.0; Win64; x64) AppleWebKit/537.36 Chrome/91.0.4472.124"
203.0.113.5 - - [09/Oct/2025:06:59:36 +0200] "POST /admin HTTP/1.1" 200 1041 "https://stackoverflow.com/" "python-requests/2.25.1"
37.59.123.45 - - [06/Oct/2025:13:33:36 +0200] "GET /dashboard HTTP/1.1" 500 7528 "https://twitter.com/" "Mozilla/5.0 (Windows NT 10.0; Win64; x64) AppleWebKit/537.36 Chrome/91.0.4472.124"
185.199.108.153 - - [04/Oct/2025:11:33:36 +0200] "PUT /index.html HTTP/1.1" 200 5635 "-" "Mozilla/5.0 (Macintosh; Intel Mac OS X 10_15_7) AppleWebKit/537.36 Safari/605.1.15"
172.16.0.5 - - [07/Oct/2025:09:25:36 +0200] "GET / HTTP/1.1" 500 6720 "https://www.reddit.com/r/programming" "Mozilla/5.0 (X11; Linux x86_64; rv:89.0) Gecko/20100101 Firefox/89.0"
151.80.31.45 - - [03/Oct/2025:11:30:36 +0200] "GET /settings HTTP/1.1" 500 7253 "https://stackoverflow.com/" "curl/7.68.0"
41.190.3.50 - - [04/Oct/2025:21:43:36 +0200] "DELETE /search HTTP/1.1" 503 657 "-" "curl/7.68.0"
37.59.123.45 - - [09/Oct/2025:17:32:36 +0200] "GET /register HTTP/1.1" 200 261 "https://twitter.com/" "Mozilla/5.0 (X11; Linux x86_64) AppleWebKit/537.36 Chrome/91.0"
198.51.100.23 - - [05/Oct/2025:16:18:36 +0200] "GET /api/v1/users HTTP/1.1" 502 7739 "https://github.com/" "curl/7.68.0"
37.59.123.45 - - [06/Oct/2025:08:35:36 +0200] "PUT /api/v1/data HTTP/1.1" 200 1548 "https://github.com/" "Mozilla/5.0 (Macintosh; Intel Mac OS X 10_15_7) AppleWebKit/537.36 Safari/605.1.15"
185.70.41.130 - - [07/Oct/2025:13:12:36 +0200] "POST /blog/post-2 HTTP/1.1" 500 2525 "https://www.reddit.com/r/programming" "Mozilla/5.0 (iPhone; CPU iPhone OS 14_6 like Mac OS X) Safari/604.1"
203.0.113.5 - - [08/Oct/2025:14:11:36 +0200] "GET /download HTTP/1.1" 500 6087 "https://news.ycombinator.com/" "Mozilla/5.0 (X11; Linux x86_64) AppleWebKit/537.36 Chrome/91.0"
10.0.0.45 - - [03/Oct/2025:22:42:36 +0200] "DELETE /logout HTTP/1.1" 200 7196 "-" "Mozilla/5.0 (iPhone; CPU iPhone OS 14_6 like Mac OS X) Safari/604.1"
180.149.125.89 - - [05/Oct/2025:22:44:36 +0200] "GET /checkout HTTP/1.1" 200 10084 "https://www.google.com/search?q=nginx" "Mozilla/5.0 (X11; Linux x86_64) AppleWebKit/537.36 Chrome/91.0"
192.168.1.10 - - [08/Oct/2025:04:57:36 +0200] "POST /blog/post-1 HTTP/1.1" 200 9129 "https://news.ycombinator.com/" "Mozilla/5.0 (Macintosh; Intel Mac OS X 10_15_7) AppleWebKit/537.36 Safari/605.1.15"
172.16.0.5 - - [03/Oct/2025:21:32:36 +0200] "GET /dashboard HTTP/1.1" 200 1348 "https://stackoverflow.com/" "Mozilla/5.0 (X11; Linux x86_64) AppleWebKit/537.36 Chrome/91.0"
185.70.41.130 - - [03/Oct/2025:06:09:36 +0200] "PUT /api/v2/orders HTTP/1.1" 500 615 "https://www.reddit.com/r/programming" "Mozilla/5.0 (Windows NT 10.0; Win64; x64) AppleWebKit/537.36 Chrome/91.0.4472.124"
202.177.215.73 - - [03/Oct/2025:23:50:36 +0200] "GET /api/v2/orders HTTP/1.1" 200 9081 "https://github.com/" "Mozilla/5.0 (Macintosh; Intel Mac OS X 10_15_7) AppleWebKit/537.36 Safari/605.1.15"
202.177.215.73 - - [09/Oct/2025:17:42:36 +0200] "DELETE /api/v1/data HTTP/1.1" 200 4620 "-" "Go-http-client/1.1"
200.56.23.188 - - [05/Oct/2025:03:30:36 +0200] "GET /index.html HTTP/1.1" 500 2509 "https://news.ycombinator.com/" "Go-http-client/1.1"
127.0.0.1 - - [07/Oct/2025:13:45:36 +0200] "GET /login HTTP/1.1" 200 511 "https://twitter.com/" "Mozilla/5.0 (X11; Linux x86_64) AppleWebKit/537.36 Chrome/91.0"
92.118.160.1 - - [09/Oct/2025:19:11:36 +0200] "PUT /blog/post-2 HTTP/1.1" 502 5122 "-" "Go-http-client/1.1"
92.118.160.1 - - [04/Oct/2025:05:11:36 +0200] "PUT /api/v1/status HTTP/1.1" 200 4863 "https://github.com/" "Go-http-client/1.1"
10.0.0.45 - - [05/Oct/2025:00:22:36 +0200] "GET /blog/post-1 HTTP/1.1" 503 7630 "https://stackoverflow.com/" "Mozilla/5.0 (Macintosh; Intel Mac OS X 10_15_7) AppleWebKit/537.36 Safari/605.1.15"
92.118.160.1 - - [06/Oct/2025:14:17:36 +0200] "GET /pricing HTTP/1.1" 200 7439 "-" "Mozilla/5.0 (Macintosh; Intel Mac OS X 10_15_7) AppleWebKit/537.36 Safari/605.1.15"
200.56.23.188 - - [04/Oct/2025:20:43:36 +0200] "GET /search HTTP/1.1" 304 3846 "https://twitter.com/" "Mozilla/5.0 (Macintosh; Intel Mac OS X 10_15_7) AppleWebKit/537.36 Safari/605.1.15"
92.118.160.1 - - [06/Oct/2025:15:58:36 +0200] "POST /register HTTP/1.1" 404 452 "https://stackoverflow.com/" "Mozilla/5.0 (X11; Linux x86_64) AppleWebKit/537.36 Chrome/91.0"
8.8.8.8 - - [04/Oct/2025:07:30:36 +0200] "GET /search HTTP/1.1" 404 9391 "https://www.reddit.com/r/programming" "Mozilla/5.0 (iPhone; CPU iPhone OS 14_6 like Mac OS X) Safari/604.1"
151.80.31.45 - - [05/Oct/2025:05:33:36 +0200] "GET /blog/post-2 HTTP/1.1" 502 247 "https://www.google.com/search?q=nginx" "Mozilla/5.0 (Macintosh; Intel Mac OS X 10_15_7) AppleWebKit/537.36 Safari/605.1.15"
78.46.89.147 - - [06/Oct/2025:01:13:36 +0200] "PUT /api/v1/data HTTP/1.1" 200 8165 "https://twitter.com/" "Mozilla/5.0 (iPhone; CPU iPhone OS 14_6 like Mac OS X) Safari/604.1"
202.177.215.73 - - [07/Oct/2025:13:16:36 +0200] "PUT /profile HTTP/1.1" 200 6491 "https://twitter.com/" "Mozilla/5.0 (Macintosh; Intel Mac OS X 10_15_7) AppleWebKit/537.36 Safari/605.1.15"
185.125.190.39 - - [08/Oct/2025:17:16:36 +0200] "PUT /login HTTP/1.1" 502 2599 "https://news.ycombinator.com/" "Mozilla/5.0 (X11; Linux x86_64; rv:89.0) Gecko/20100101 Firefox/89.0"
8.8.8.8 - - [08/Oct/2025:18:40:36 +0200] "POST /admin HTTP/1.1" 200 1876 "-" "Mozilla/5.0 (X11; Linux x86_64; rv:89.0) Gecko/20100101 Firefox/89.0"
78.46.89.147 - - [09/Oct/2025:04:07:36 +0200] "PUT /admin HTTP/1.1" 200 1510 "-" "Mozilla/5.0 (X11; Linux x86_64; rv:89.0) Gecko/20100101 Firefox/89.0"
185.70.41.130 - - [03/Oct/2025:16:28:36 +0200] "GET / HTTP/1.1" 500 6929 "https://github.com/" "Mozilla/5.0 (X11; Linux x86_64) AppleWebKit/537.36 Chrome/91.0"
172.16.0.5 - - [06/Oct/2025:16:08:36 +0200] "PUT /docs HTTP/1.1" 200 5688 "https://www.google.com/search?q=nginx" "python-requests/2.25.1"
172.16.0.5 - - [05/Oct/2025:21:51:36 +0200] "GET /download HTTP/1.1" 404 8043 "https://www.reddit.com/r/programming" "Mozilla/5.0 (X11; Linux x86_64) AppleWebKit/537.36 Chrome/91.0"
203.0.113.5 - - [07/Oct/2025:21:06:36 +0200] "PUT /products HTTP/1.1" 304 3283 "https://news.ycombinator.com/" "Mozilla/5.0 (Macintosh; Intel Mac OS X 10_15_7) AppleWebKit/537.36 Safari/605.1.15"
223.165.16.232 - - [06/Oct/2025:20:40:36 +0200] "POST /index.html HTTP/1.1" 404 6597 "https://twitter.com/" "Mozilla/5.0 (X11; Linux x86_64; rv:89.0) Gecko/20100101 Firefox/89.0"
200.56.23.188 - - [07/Oct/2025:07:52:36 +0200] "GET /cart HTTP/1.1" 200 5272 "https://www.reddit.com/r/programming" "Mozilla/5.0 (Windows NT 10.0; Win64; x64) AppleWebKit/537.36 Chrome/91.0.4472.124"
92.118.160.1 - - [03/Oct/2025:00:35:36 +0200] "DELETE /search HTTP/1.1" 503 1871 "-" "curl/7.68.0"
92.118.160.1 - - [03/Oct/2025:05:30:36 +0200] "GET /logout HTTP/1.1" 200 7739 "https://github.com/" "Mozilla/5.0 (Macintosh; Intel Mac OS X 10_15_7) AppleWebKit/537.36 Safari/605.1.15"
92.118.160.1 - - [08/Oct/2025:09:59:36 +0200] "GET /dashboard HTTP/1.1" 503 6862 "https://news.ycombinator.com/" "Mozilla/5.0 (Macintosh; Intel Mac OS X 10_15_7) AppleWebKit/537.36 Safari/605.1.15"
202.177.215.73 - - [07/Oct/2025:19:09:36 +0200] "GET /blog/post-2 HTTP/1.1" 200 9729 "-" "python-requests/2.25.1"
185.199.108.153 - - [03/Oct/2025:22:28:36 +0200] "GET /blog/post-1 HTTP/1.1" 200 1853 "https://www.google.com/search?q=nginx" "Mozilla/5.0 (iPhone; CPU iPhone OS 14_6 like Mac OS X) Safari/604.1"
185.125.190.39 - - [03/Oct/2025:09:14:36 +0200] "PUT /logout HTTP/1.1" 404 9128 "-" "python-requests/2.25.1"
37.59.123.45 - - [08/Oct/2025:22:03:36 +0200] "PUT /contact.html HTTP/1.1" 200 9666 "https://www.reddit.com/r/programming" "Mozilla/5.0 (X11; Linux x86_64) AppleWebKit/537.36 Chrome/91.0"
151.80.31.45 - - [03/Oct/2025:17:47:36 +0200] "GET /download HTTP/1.1" 200 3277 "https://www.google.com/search?q=nginx" "python-requests/2.25.1"
78.46.89.147 - - [06/Oct/2025:14:08:36 +0200] "GET /pricing HTTP/1.1" 304 2693 "https://www.google.com/search?q=nginx" "curl/7.68.0"
200.56.23.188 - - [08/Oct/2025:14:03:36 +0200] "GET /dashboard HTTP/1.1" 200 2336 "-" "Mozilla/5.0 (X11; Linux x86_64; rv:89.0) Gecko/20100101 Firefox/89.0"
10.0.0.45 - - [07/Oct/2025:19:29:36 +0200] "PUT /blog/post-1 HTTP/1.1" 200 1395 "https://twitter.com/" "Mozilla/5.0 (X11; Linux x86_64) AppleWebKit/537.36 Chrome/91.0"
151.80.31.45 - - [07/Oct/2025:20:10:36 +0200] "GET /products HTTP/1.1" 502 3229 "https://stackoverflow.com/" "python-requests/2.25.1"
8.8.8.8 - - [08/Oct/2025:11:02:36 +0200] "POST /download HTTP/1.1" 503 7121 "https://stackoverflow.com/" "Mozilla/5.0 (Windows NT 10.0; Win64; x64) AppleWebKit/537.36 Chrome/91.0.4472.124"
37.59.123.45 - - [04/Oct/2025:15:16:36 +0200] "GET /profile HTTP/1.1" 500 5849 "-" "Mozilla/5.0 (Windows NT 10.0; Win64; x64) AppleWebKit/537.36 Chrome/91.0.4472.124"
92.118.160.1 - - [06/Oct/2025:15:36:36 +0200] "GET /download HTTP/1.1" 503 9672 "-" "python-requests/2.25.1"
8.8.8.8 - - [07/Oct/2025:15:37:36 +0200] "DELETE /api/v1/data HTTP/1.1" 304 9977 "-" "Mozilla/5.0 (Macintosh; Intel Mac OS X 10_15_7) AppleWebKit/537.36 Safari/605.1.15"
172.16.0.5 - - [05/Oct/2025:21:06:36 +0200] "POST /settings HTTP/1.1" 503 4874 "https://stackoverflow.com/" "Mozilla/5.0 (X11; Linux x86_64) AppleWebKit/537.36 Chrome/91.0"
180.149.125.89 - - [04/Oct/2025:19:08:36 +0200] "PUT /download HTTP/1.1" 304 7690 "-" "Go-http-client/1.1"
8.8.8.8 - - [09/Oct/2025:15:14:36 +0200] "DELETE /dashboard HTTP/1.1" 200 9316 "https://twitter.com/" "Mozilla/5.0 (Windows NT 10.0; Win64; x64) AppleWebKit/537.36 Chrome/91.0.4472.124"
198.51.100.23 - - [04/Oct/2025:16:29:36 +0200] "GET /pricing HTTP/1.1" 503 2638 "https://twitter.com/" "Mozilla/5.0 (iPhone; CPU iPhone OS 14_6 like Mac OS X) Safari/604.1"
192.168.1.10 - - [05/Oct/2025:06:37:36 +0200] "GET /settings HTTP/1.1" 304 1434 "https://stackoverflow.com/" "curl/7.68.0"
37.59.123.45 - - [08/Oct/2025:23:07:36 +0200] "PUT /api/v1/status HTTP/1.1" 200 6540 "-" "Mozilla/5.0 (Macintosh; Intel Mac OS X 10_15_7) AppleWebKit/537.36 Safari/605.1.15"
8.8.8.8 - - [08/Oct/2025:01:08:36 +0200] "POST /register HTTP/1.1" 404 3052 "-" "Mozilla/5.0 (Macintosh; Intel Mac OS X 10_15_7) AppleWebKit/537.36 Safari/605.1.15"
198.51.100.23 - - [09/Oct/2025:02:58:36 +0200] "GET /logout HTTP/1.1" 200 6963 "https://www.reddit.com/r/programming" "Mozilla/5.0 (X11; Linux x86_64; rv:89.0) Gecko/20100101 Firefox/89.0"
92.118.160.1 - - [06/Oct/2025:19:58:36 +0200] "GET /contact.html HTTP/1.1" 500 4803 "-" "Mozilla/5.0 (X11; Linux x86_64) AppleWebKit/537.36 Chrome/91.0"
92.118.160.1 - - [03/Oct/2025:06:19:36 +0200] "GET /profile HTTP/1.1" 200 6005 "https://stackoverflow.com/" "Mozilla/5.0 (Windows NT 10.0; Win64; x64) AppleWebKit/537.36 Chrome/91.0.4472.124"
185.70.41.130 - - [07/Oct/2025:06:56:36 +0200] "GET /login HTTP/1.1" 404 8844 "https://www.reddit.com/r/programming" "Go-http-client/1.1"
