127.0.0.1 - - [08/Oct/2025:12:00:00 +0000] "GET /index.html HTTP/1.1" 200 612 "-" "curl/7.68.0"
203.0.113.5 - - [08/Oct/2025:12:00:01 +0000] "GET /api/v1/status HTTP/1.1" 200 123 "-" "Go-http-client/1.1"
198.51.100.23 - - [08/Oct/2025:12:00:02 +0000] "POST /login HTTP/1.1" 302 0 "-" "Mozilla/5.0 (X11; Linux x86_64)"
192.168.1.10 - - [08/Oct/2025:12:00:05 +0000] "GET /about.html HTTP/1.1" 200 1024 "-" "Mozilla/5.0 (Windows NT 10.0; Win64; x64) AppleWebKit/537.36 (KHTML, like Gecko) Chrome/91.0.4472.124 Safari/537.36"
10.0.0.45 - - [08/Oct/2025:12:00:10 +0000] "GET /api/users HTTP/1.1" 200 2048 "-" "Mozilla/5.0 (Macintosh; Intel Mac OS X 10_15_7) AppleWebKit/537.36 (KHTML, like Gecko) Chrome/91.0.4472.124 Safari/537.36"
192.168.1.10 - - [08/Oct/2025:12:00:15 +0000] "GET /contact.html HTTP/1.1" 200 512 "-" "Mozilla/5.0 (Windows NT 10.0; Win64; x64) AppleWebKit/537.36"
127.0.0.1 - - [08/Oct/2025:12:00:20 +0000] "POST /api/v1/data HTTP/1.1" 201 64 "-" "curl/7.68.0"
198.51.100.23 - - [08/Oct/2025:12:00:25 +0000] "GET /dashboard HTTP/1.1" 200 3072 "-" "Mozilla/5.0 (X11; Linux x86_64; rv:89.0) Gecko/20100101 Firefox/89.0"
10.0.0.45 - - [08/Oct/2025:12:00:30 +0000] "GET /api/users/123 HTTP/1.1" 200 256 "-" "Mozilla/5.0 (Macintosh; Intel Mac OS X 10_15_7) AppleWebKit/537.36"
192.168.1.15 - - [08/Oct/2025:12:00:35 +0000] "GET /products HTTP/1.1" 200 4096 "-" "Mozilla/5.0 (Windows NT 10.0; Win64; x64; rv:89.0) Gecko/20100101 Firefox/89.0"
203.0.113.5 - - [08/Oct/2025:12:00:40 +0000] "DELETE /api/v1/cache HTTP/1.1" 204 0 "-" "Go-http-client/1.1"
127.0.0.1 - - [08/Oct/2025:12:00:45 +0000] "GET /health HTTP/1.1" 200 32 "-" "curl/7.68.0"
192.168.1.10 - - [08/Oct/2025:12:00:50 +0000] "GET /index.html HTTP/1.1" 200 612 "-" "Mozilla/5.0 (Windows NT 10.0; Win64; x64) AppleWebKit/537.36"
10.0.0.45 - - [08/Oct/2025:12:00:55 +0000] "PUT /api/users/123 HTTP/1.1" 200 128 "-" "Postman"
198.51.100.23 - - [08/Oct/2025:12:01:00 +0000] "GET /products/456 HTTP/1.1" 200 2048 "-" "Mozilla/5.0 (X11; Linux x86_64; rv:89.0) Gecko/20100101 Firefox/89.0"
192.168.1.15 - - [08/Oct/2025:12:01:05 +0000] "GET /cart HTTP/1.1" 200 1536 "-" "Mozilla/5.0 (Windows NT 10.0; Win64; x64; rv:89.0) Gecko/20100101 Firefox/89.0"
127.0.0.1 - - [08/Oct/2025:12:01:10 +0000] "GET /metrics HTTP/1.1" 200 256 "-" "curl/7.68.0"
203.0.113.5 - - [08/Oct/2025:12:01:15 +0000] "GET /api/v1/config HTTP/1.1" 200 512 "-" "Go-http-client/1.1"
10.0.0.45 - - [08/Oct/2025:12:01:20 +0000] "POST /api/orders HTTP/1.1" 201 128 "-" "Mozilla/5.0 (Macintosh; Intel Mac OS X 10_15_7) AppleWebKit/537.36"
192.168.1.10 - - [08/Oct/2025:12:01:25 +0000] "GET /checkout HTTP/1.1" 200 2048 "-" "Mozilla/5.0 (Windows NT 10.0; Win64; x64) AppleWebKit/537.36 (KHTML, like Gecko) Chrome/91.0.4472.124 Safari/537.36"
198.51.100.23 - - [08/Oct/2025:12:01:30 +0000] "GET /admin HTTP/1.1" 403 0 "-" "Mozilla/5.0 (X11; Linux x86_64; rv:89.0) Gecko/20100101 Firefox/89.0"
192.168.1.15 - - [08/Oct/2025:12:01:35 +0000] "GET /api/products HTTP/1.1" 200 8192 "-" "Mozilla/5.0 (Windows NT 10.0; Win64; x64; rv:89.0) Gecko/20100101 Firefox/89.0"
127.0.0.1 - - [08/Oct/2025:12:01:40 +0000] "GET /ping HTTP/1.1" 200 16 "-" "wget/1.20.3"
203.0.113.5 - - [08/Oct/2025:12:01:45 +0000] "GET /api/v1/status HTTP/1.1" 200 123 "-" "GoogleBot/2.1"
10.0.0.45 - - [08/Oct/2025:12:01:50 +0000] "GET /api/users HTTP/1.1" 200 2048 "-" "Mozilla/5.0 (Macintosh; Intel Mac OS X 10_15_7) AppleWebKit/605.1.15 (KHTML, like Gecko) Version/14.1.1 Safari/605.1.15"
192.168.1.10 - - [08/Oct/2025:12:01:55 +0000] "GET /about.html HTTP/1.1" 200 1024 "-" "Mozilla/5.0 (Windows NT 10.0; Win64; x64; Edg/91.0.864.59)"
198.51.100.23 - - [08/Oct/2025:12:02:00 +0000] "GET /not-found HTTP/1.1" 404 128 "-" "Mozilla/5.0 (X11; Linux x86_64; rv:89.0) Gecko/20100101 Firefox/89.0"
192.168.1.15 - - [08/Oct/2025:12:02:05 +0000] "POST /search HTTP/1.1" 200 4096 "-" "Mozilla/5.0 (Windows NT 10.0; Win64; x64; rv:89.0) Gecko/20100101 Firefox/89.0"
127.0.0.1 - - [08/Oct/2025:12:02:10 +0000] "GET /status HTTP/1.1" 500 256 "-" "curl/7.68.0"
203.0.113.5 - - [08/Oct/2025:12:02:15 +0000] "PATCH /api/v1/settings HTTP/1.1" 200 64 "-" "Go-http-client/1.1"
