202.177.215.73 - - [04/Oct/2025:07:50:36 +0200] "POST /profile HTTP/1.1" 200 9927 "-" "Mozilla/5.0 (X11; Linux x86_64) AppleWebKit/537.36 Chrome/91.0"
41.190.3.50 - - [05/Oct/2025:05:25:36 +0200] "GET /register HTTP/1.1" 304 2604 "https://twitter.com/" "Mozilla/5.0 (X11; Linux x86_64) AppleWebKit/537.36 Chrome/91.0"
172.16.0.5 - - [06/Oct/2025:23:54:36 +0200] "PUT /docs HTTP/1.1" 200 1643 "https://twitter.com/" "Mozilla/5.0 (iPhone; CPU iPhone OS 14_6 like Mac OS X) Safari/604.1"
10.0.0.45 - - [08/Oct/2025:14:45:36 +0200] "POST /admin HTTP/1.1" 304 1741 "https://www.google.com/search?q=nginx" "Mozilla/5.0 (X11; Linux x86_64; rv:89.0) Gecko/20100101 Firefox/89.0"
185.199.108.153 - - [04/Oct/2025:23:05:36 +0200] "PUT /api/v1/users HTTP/1.1" 200 9023 "-" "Mozilla/5.0 (iPhone; CPU iPhone OS 14_6 like Mac OS X) Safari/604.1"
151.80.31.45 - - [08/Oct/2025:17:17:36 +0200] "GET /profile HTTP/1.1" 200 4058 "https://github.com/" "Mozilla/5.0 (Windows NT 10.0; Win64; x64) AppleWebKit/537.36 Chrome/91.0.4472.124"
198.51.100.23 - - [06/Oct/2025:23:25:36 +0200] "GET /blog/post-1 HTTP/1.1" 502 3867 "https://www.reddit.com/r/programming" "Mozilla/5.0 (Windows NT 10.0; Win64; x64) AppleWebKit/537.36 Chrome/91.0.4472.124"
185.70.41.130 - - [05/Oct/2025:23:52:36 +0200] "GET /profile HTTP/1.1" 500 453 "https://news.ycombinator.com/" "Mozilla/5.0 (X11; Linux x86_64) AppleWebKit/537.36 Chrome/91.0"
185.199.108.153 - - [06/Oct/2025:23:13:36 +0200] "GET /pricing HTTP/1.1" 200 7190 "https://twitter.com/" "Mozilla/5.0 (iPhone; CPU iPhone OS 14_6 like Mac OS X) Safari/604.1"
151.80.31.45 - - [04/Oct/2025:21:08:36 +0200] "GET /about.html HTTP/1.1" 304 1514 "-" "Mozilla/5.0 (iPhone; CPU iPhone OS 14_6 like Mac OS X) Safari/604.1"
8.8.8.8 - - [03/Oct/2025:02:14:36 +0200] "GET /blog/post-1 HTTP/1.1" 200 3148 "https://twitter.com/" "Mozilla/5.0 (X11; Linux x86_64) AppleWebKit/537.36 Chrome/91.0"
203.0.113.5 - - [07/Oct/2025:08:19:36 +0200] "GET /api/v2/orders HTTP/1.1" 404 5941 "https://twitter.com/" "python-requests/2.25.1"
180.149.125.89 - - [03/Oct/2025:00:04:36 +0200] "PUT /download HTTP/1.1" 200 2930 "-" "Mozilla/5.0 (Windows NT 10.0; Win64; x64) AppleWebKit/537.36 Chrome/91.0.4472.124"
185.199.108.153 - - [08/Oct/2025:20:22:36 +0200] "GET /admin HTTP/1.1" 404 4923 "-" "python-requests/2.25.1"
92.118.160.1 - - [05/Oct/2025:08:26:36 +0200] "GET /register HTTP/1.1" 500 2531 "-" "Mozilla/5.0 (X11; Linux x86_64) AppleWebKit/537.36 Chrome/91.0"
10.0.0.45 - - [07/Oct/2025:13:56:36 +0200] "DELETE /api/v2/orders HTTP/1.1" 304 298 "https://news.ycombinator.com/" "python-requests/2.25.1"
185.125.190.39 - - [06/Oct/2025:11:49:36 +0200] "GET /settings HTTP/1.1" 304 9225 "-" "Mozilla/5.0 (Macintosh; Intel Mac OS X 10_15_7) AppleWebKit/537.36 Safari/605.1.15"
185.70.41.130 - - [09/Oct/2025:08:09:36 +0200] "GET /docs HTTP/1.1" 503 6765 "https://github.com/" "Go-http-client/1.1"
10.0.0.45 - - [03/Oct/2025:00:14:36 +0200] "POST /cart HTTP/1.1" 200 2830 "-" "curl/7.68.0"
127.0.0.1 - - [06/Oct/2025:21:18:36 +0200] "GET /products HTTP/1.1" 500 9099 "-" "Mozilla/5.0 (Windows NT 10.0; Win64; x64) AppleWebKit/537.36 Chrome/91.0.4472.124"
151.80.31.45 - - [07/Oct/2025:03:53:36 +0200] "POST /blog/post-1 HTTP/1.1" 500 1782 "-" "Mozilla/5.0 (X11; Linux x86_64) AppleWebKit/537.36 Chrome/91.0"
202.177.215.73 - - [04/Oct/2025:11:34:36 +0200] "PUT /checkout HTTP/1.1" 200 8530 "-" "Mozilla/5.0 (Windows NT 10.0; Win64; x64) AppleWebKit/537.36 Chrome/91.0.4472.124"
180.149.125.89 - - [04/Oct/2025:15:03:36 +0200] "POST /blog/post-2 HTTP/1.1" 503 9813 "-" "Go-http-client/1.1"
198.51.100.23 - - [03/Oct/2025:06:08:36 +0200] "GET /logout HTTP/1.1" 200 5311 "-" "Mozilla/5.0 (X11; Linux x86_64) AppleWebKit/537.36 Chrome/91.0"
8.8.8.8 - - [04/Oct/2025:21:07:36 +0200] "GET /pricing HTTP/1.1" 503 7681 "https://twitter.com/" "Mozilla/5.0 (Windows NT 10.0; Win64; x64) AppleWebKit/537.36 Chrome/91.0.4472.124"
62.210.152.99 - - [03/Oct/2025:02:19:36 +0200] "GET /settings HTTP/1.1" 200 10053 "https://www.google.com/search?q=nginx" "Mozilla/5.0 (Windows NT 10.0; Win64; x64) AppleWebKit/537.36 Chrome/91.0.4472.124"
200.56.23.188 - - [06/Oct/2025:04:14:36 +0200] "GET /profile HTTP/1.1" 404 6485 "https://www.reddit.com/r/programming" "python-requests/2.25.1"
185.199.108.153 - - [04/Oct/2025:18:51:36 +0200] "DELETE /cart HTTP/1.1" 304 1117 "https://twitter.com/" "Mozilla/5.0 (X11; Linux x86_64; rv:89.0) Gecko/20100101 Firefox/89.0"
37.59.123.45 - - [04/Oct/2025:01:51:36 +0200] "GET /api/v1/users HTTP/1.1" 200 3557 "https://news.ycombinator.com/" "Mozilla/5.0 (X11; Linux x86_64) AppleWebKit/537.36 Chrome/91.0"
180.149.125.89 - - [07/Oct/2025:23:35:36 +0200] "DELETE /docs HTTP/1.1" 500 3381 "https://www.reddit.com/r/programming" "curl/7.68.0"
185.70.41.130 - - [04/Oct/2025:10:57:36 +0200] "GET /pricing HTTP/1.1" 200 3374 "https://www.google.com/search?q=nginx" "Mozilla/5.0 (Windows NT 10.0; Win64; x64) AppleWebKit/537.36 Chrome/91.0.4472.124"
185.70.41.130 - - [03/Oct/2025:00:14:36 +0200] "POST /download HTTP/1.1" 200 109 "https://www.reddit.com/r/programming" "Mozilla/5.0 (iPhone; CPU iPhone OS 14_6 like Mac OS X) Safari/604.1"
200.56.23.188 - - [07/Oct/2025:02:55:36 +0200] "GET /api/v1/data HTTP/1.1" 200 9220 "https://stackoverflow.com/" "python-requests/2.25.1"
198.51.100.23 - - [04/Oct/2025:03:32:36 +0200] "GET /settings HTTP/1.1" 200 6352 "-" "Mozilla/5.0 (iPhone; CPU iPhone OS 14_6 like Mac OS X) Safari/604.1"
223.165.16.232 - - [04/Oct/2025:13:33:36 +0200] "GET /pricing HTTP/1.1" 500 3446 "-" "Mozilla/5.0 (X11; Linux x86_64; rv:89.0) Gecko/20100101 Firefox/89.0"
92.118.160.1 - - [07/Oct/2025:01:20:36 +0200] "GET /api/v1/status HTTP/1.1" 502 3531 "https://www.reddit.com/r/programming" "Mozilla/5.0 (Windows NT 10.0; Win64; x64) AppleWebKit/537.36 Chrome/91.0.4472.124"
172.16.0.5 - - [09/Oct/2025:01:22:36 +0200] "POST /api/v1/users HTTP/1.1" 503 2326 "-" "Go-http-client/1.1"
202.177.215.73 - - [03/Oct/2025:21:36:36 +0200] "GET /search HTTP/1.1" 200 939 "https://www.reddit.com/r/programming" "Mozilla/5.0 (Windows NT 10.0; Win64; x64) AppleWebKit/537.36 Chrome/91.0.4472.124"
180.149.125.89 - - [09/Oct/2025:01:07:36 +0200] "PUT /logout HTTP/1.1" 500 5627 "https://github.com/" "Mozilla/5.0 (Macintosh; Intel Mac OS X 10_15_7) AppleWebKit/537.36 Safari/605.1.15"
223.165.16.232 - - [08/Oct/2025:01:07:36 +0200] "GET /register HTTP/1.1" 404 5869 "https://www.reddit.com/r/programming" "Mozilla/5.0 (Macintosh; Intel Mac OS X 10_15_7) AppleWebKit/537.36 Safari/605.1.15"
37.59.123.45 - - [07/Oct/2025:09:45:36 +0200] "PUT /register HTTP/1.1" 200 9946 "https://github.com/" "Go-http-client/1.1"
202.177.215.73 - - [04/Oct/2025:09:55:36 +0200] "GET /api/v1/status HTTP/1.1" 404 2475 "https://www.reddit.com/r/programming" "python-requests/2.25.1"
10.0.0.45 - - [06/Oct/2025:18:45:36 +0200] "GET /api/v1/users HTTP/1.1" 500 2072 "https://stackoverflow.com/" "Go-http-client/1.1"
223.165.16.232 - - [03/Oct/2025:00:28:36 +0200] "PUT /profile HTTP/1.1" 503 8663 "https://stackoverflow.com/" "Mozilla/5.0 (Macintosh; Intel Mac OS X 10_15_7) AppleWebKit/537.36 Safari/605.1.15"
62.210.152.99 - - [04/Oct/2025:15:10:36 +0200] "GET /pricing HTTP/1.1" 200 2004 "https://twitter.com/" "Mozilla/5.0 (X11; Linux x86_64; rv:89.0) Gecko/20100101 Firefox/89.0"
151.80.31.45 - - [05/Oct/2025:20:34:36 +0200] "GET /blog/post-1 HTTP/1.1" 200 3091 "https://twitter.com/" "Mozilla/5.0 (X11; Linux x86_64; rv:89.0) Gecko/20100101 Firefox/89.0"
192.168.1.10 - - [05/Oct/2025:06:30:36 +0200] "GET /login HTTP/1.1" 200 4516 "-" "Mozilla/5.0 (Macintosh; Intel Mac OS X 10_15_7) AppleWebKit/537.36 Safari/605.1.15"
172.16.0.5 - - [06/Oct/2025:11:44:36 +0200] "GET /contact.html HTTP/1.1" 200 4127 "-" "Mozilla/5.0 (X11; Linux x86_64) AppleWebKit/537.36 Chrome/91.0"
180.149.125.89 - - [05/Oct/2025:13:54:36 +0200] "GET /about.html HTTP/1.1" 200 9700 "https://twitter.com/" "python-requests/2.25.1"
192.168.1.10 - - [08/Oct/2025:12:09:36 +0200] "DELETE /pricing HTTP/1.1" 200 4053 "https://twitter.com/" "Mozilla/5.0 (Windows NT 10.0; Win64; x64) AppleWebKit/537.36 Chrome/91.0.4472.124"
78.46.89.147 - - [03/Oct/2025:14:48:36 +0200] "DELETE /contact.html HTTP/1.1" 200 7022 "https://www.google.com/search?q=nginx" "Go-http-client/1.1"
223.165.16.232 - - [04/Oct/2025:21:28:36 +0200] "POST /about.html HTTP/1.1" 404 3336 "-" "python-requests/2.25.1"
203.0.113.5 - - [03/Oct/2025:00:07:36 +0200] "GET /api/v1/data HTTP/1.1" 200 9737 "-" "curl/7.68.0"
202.177.215.73 - - [06/Oct/2025:21:52:36 +0200] "DELETE /products HTTP/1.1" 502 905 "-" "Mozilla/5.0 (Macintosh; Intel Mac OS X 10_15_7) AppleWebKit/537.36 Safari/605.1.15"
180.149.125.89 - - [07/Oct/2025:17:52:36 +0200] "DELETE /login HTTP/1.1" 200 3294 "https://stackoverflow.com/" "Mozilla/5.0 (Windows NT 10.0; Win64; x64) AppleWebKit/537.36 Chrome/91.0.4472.124"
185.125.190.39 - - [07/Oct/2025:20:27:36 +0200] "PUT /cart HTTP/1.1" 503 7000 "https://news.ycombinator.com/" "Mozilla/5.0 (X11; Linux x86_64; rv:89.0) Gecko/20100101 Firefox/89.0"
37.59.123.45 - - [06/Oct/2025:23:38:36 +0200] "GET /logout HTTP/1.1" 404 505 "https://twitter.com/" "Mozilla/5.0 (Windows NT 10.0; Win64; x64) AppleWebKit/537.36 Chrome/91.0.4472.124"
127.0.0.1 - - [07/Oct/2025:03:11:36 +0200] "GET /cart HTTP/1.1" 200 3315 "-" "Mozilla/5.0 (X11; Linux x86_64; rv:89.0) Gecko/20100101 Firefox/89.0"
200.56.23.188 - - [08/Oct/2025:15:45:36 +0200] "PUT /pricing HTTP/1.1" 502 5405 "-" "Mozilla/5.0 (X11; Linux x86_64) AppleWebKit/537.36 Chrome/91.0"
198.51.100.23 - - [07/Oct/2025:17:15:36 +0200] "GET /api/v1/status HTTP/1.1" 200 1890 "-" "Mozilla/5.0 (Windows NT 10.0; Win64; x64) AppleWebKit/537.36 Chrome/91.0.4472.124"
151.80.31.45 - - [08/Oct/2025:07:50:36 +0200] "GET /profile HTTP/1.1" 500 5295 "https://news.ycombinator.com/" "python-requests/2.25.1"
192.168.1.10 - - [05/Oct/2025:19:09:36 +0200] "GET /download HTTP/1.1" 503 8774 "-" "python-requests/2.25.1"
223.165.16.232 - - [06/Oct/2025:00:37:36 +0200] "GET /dashboard HTTP/1.1" 503 8590 "-" "Mozilla/5.0 (X11; Linux x86_64) AppleWebKit/537.36 Chrome/91.0"
200.56.23.188 - - [08/Oct/2025:23:27:36 +0200] "GET /profile HTTP/1.1" 404 3028 "https://twitter.com/" "python-requests/2.25.1"
202.177.215.73 - - [03/Oct/2025:18:19:36 +0200] "POST /register HTTP/1.1" 304 5643 "https://github.com/" "Mozilla/5.0 (X11; Linux x86_64) AppleWebKit/537.36 Chrome/91.0"
185.199.108.153 - - [03/Oct/2025:21:46:36 +0200] "POST /profile HTTP/1.1" 404 3660 "https://www.google.com/search?q=nginx" "Mozilla/5.0 (Macintosh; Intel Mac OS X 10_15_7) AppleWebKit/537.36 Safari/605.1.15"
127.0.0.1 - - [09/Oct/2025:05:20:36 +0200] "GET /api/v1/users HTTP/1.1" 200 1213 "https://github.com/" "curl/7.68.0"
192.168.1.10 - - [04/Oct/2025:04:47:36 +0200] "GET /dashboard HTTP/1.1" 200 1016 "https://stackoverflow.com/" "Mozilla/5.0 (Macintosh; Intel Mac OS X 10_15_7) AppleWebKit/537.36 Safari/605.1.15"
41.190.3.50 - - [09/Oct/2025:15:28:36 +0200] "DELETE /docs HTTP/1.1" 200 4911 "https://stackoverflow.com/" "Mozilla/5.0 (iPhone; CPU iPhone OS 14_6 like Mac OS X) Safari/604.1"
151.80.31.45 - - [07/Oct/2025:07:39:36 +0200] "GET /search HTTP/1.1" 200 7757 "https://www.reddit.com/r/programming" "Mozilla/5.0 (Windows NT 10.0; Win64; x64) AppleWebKit/537.36 Chrome/91.0.4472.124"
200.56.23.188 - - [07/Oct/2025:20:33:36 +0200] "GET /products HTTP/1.1" 200 3724 "https://www.reddit.com/r/programming" "curl/7.68.0"
200.56.23.188 - - [07/Oct/2025:04:03:36 +0200] "GET /dashboard HTTP/1.1" 200 7580 "-" "Mozilla/5.0 (X11; Linux x86_64) AppleWebKit/537.36 Chrome/91.0"
223.165.16.232 - - [03/Oct/2025:01:55:36 +0200] "PUT /admin HTTP/1.1" 200 5348 "https://twitter.com/" "Mozilla/5.0 (iPhone; CPU iPhone OS 14_6 like Mac OS X) Safari/604.1"
180.149.125.89 - - [04/Oct/2025:10:03:36 +0200] "GET /search HTTP/1.1" 200 5519 "-" "python-requests/2.25.1"
185.70.41.130 - - [04/Oct/2025:18:27:36 +0200] "GET /logout HTTP/1.1" 404 4012 "https://github.com/" "curl/7.68.0"
192.168.1.10 - - [04/Oct/2025:12:01:36 +0200] "PUT /blog/post-1 HTTP/1.1" 200 7544 "https://twitter.com/" "Mozilla/5.0 (Macintosh; Intel Mac OS X 10_15_7) AppleWebKit/537.36 Safari/605.1.15"
200.56.23.188 - - [02/Oct/2025:23:53:36 +0200] "GET /checkout HTTP/1.1" 304 9677 "-" "Mozilla/5.0 (Windows NT 10.0; Win64; x64) AppleWebKit/537.36 Chrome/91.0.4472.124"
200.56.23.188 - - [05/Oct/2025:04:56:36 +0200] "PUT /api/v1/data HTTP/1.1" 500 8537 "-" "curl/7.68.0"
78.46.89.147 - - [03/Oct/2025:18:49:36 +0200] "GET /profile HTTP/1.1" 502 8957 "-" "python-requests/2.25.1"
180.149.125.89 - - [05/Oct/2025:22:54:36 +0200] "GET /admin HTTP/1.1" 304 8308 "https://stackoverflow.com/" "Mozilla/5.0 (X11; Linux x86_64) AppleWebKit/537.36 Chrome/91.0"
62.210.152.99 - - [04/Oct/2025:09:42:36 +0200] "DELETE /profile HTTP/1.1" 200 5212 "-" "curl/7.68.0"
200.56.23.188 - - [04/Oct/2025:04:21:36 +0200] "DELETE /contact.html HTTP/1.1" 200 4460 "-" "python-requests/2.25.1"
78.46.89.147 - - [09/Oct/2025:02:34:36 +0200] "GET /login HTTP/1.1" 200 7176 "-" "Go-http-client/1.1"
37.59.123.45 - - [03/Oct/2025:17:30:36 +0200] "POST /index.html HTTP/1.1" 502 5837 "-" "Go-http-client/1.1"
10.0.0.45 - - [09/Oct/2025:03:41:36 +0200] "GET /dashboard HTTP/1.1" 502 8295 "-" "Mozilla/5.0 (Windows NT 10.0; Win64; x64) AppleWebKit/537.36 Chrome/91.0.4472.124"
41.190.3.50 - - [07/Oct/2025:08:18:36 +0200] "DELETE /cart HTTP/1.1" 404 5929 "https://www.google.com/search?q=nginx" "Mozilla/5.0 (Windows NT 10.0; Win64; x64) AppleWebKit/537.36 Chrome/91.0.4472.124"
223.165.16.232 - - [06/Oct/2025:18:33:36 +0200] "GET /products HTTP/1.1" 304 1300 "https://github.com/" "Mozilla/5.0 (Windows NT 10.0; Win64; x64) AppleWebKit/537.36 Chrome/91.0.4472.124"
151.80.31.45 - - [06/Oct/2025:04:56:36 +0200] "GET /about.html HTTP/1.1" 200 9305 "https://twitter.com/" "Mozilla/5.0 (X11; Linux x86_64; rv:89.0) Gecko/20100101 Firefox/89.0"
37.59.123.45 - - [05/Oct/2025:05:21:36 +0200] "GET /register HTTP/1.1" 502 3770 "https://www.reddit.com/r/programming" "Go-http-client/1.1"
10.0.0.45 - - [07/Oct/2025:01:24:36 +0200] "GET /logout HTTP/1.1" 200 6877 "-" "Go-http-client/1.1"
223.165.16.232 - - [02/Oct/2025:23:15:36 +0200] "GET /index.html HTTP/1.1" 200 1100 "https://twitter.com/" "Mozilla/5.0 (Macintosh; Intel Mac OS X 10_15_7) AppleWebKit/537.36 Safari/605.1.15"
185.199.108.153 - - [03/Oct/2025:17:51:36 +0200] "GET /cart HTTP/1.1" 200 6562 "https://news.ycombinator.com/" "Mozilla/5.0 (X11; Linux x86_64; rv:89.0) Gecko/20100101 Firefox/89.0"
151.80.31.45 - - [08/Oct/2025:17:52:36 +0200] "POST /contact.html HTTP/1.1" 200 4439 "-" "Mozilla/5.0 (Macintosh; Intel Mac OS X 10_15_7) AppleWebKit/537.36 Safari/605.1.15"
151.80.31.45 - - [09/Oct/2025:14:58:36 +0200] "POST /search HTTP/1.1" 200 1540 "https://news.ycombinator.com/" "Mozilla/5.0 (Windows NT 10.0; Win64; x64) AppleWebKit/537.36 Chrome/91.0.4472.124"
200.56.23.188 - - [07/Oct/2025:17:18:36 +0200] "GET /api/v1/data HTTP/1.1" 404 3950 "https://news.ycombinator.com/" "curl/7.68.0"
10.0.0.45 - - [03/Oct/2025:17:14:36 +0200] "POST /contact.html HTTP/1.1" 500 8178 "https://news.ycombinator.com/" "python-requests/2.25.1"
151.80.31.45 - - [04/Oct/2025:18:04:36 +0200] "POST / HTTP/1.1" 304 5428 "https://github.com/" "Mozilla/5.0 (Macintosh; Intel Mac OS X 10_15_7) AppleWebKit/537.36 Safari/605.1.15"
62.210.152.99 - - [08/Oct/2025:20:00:36 +0200] "POST /settings HTTP/1.1" 200 6634 "https://www.google.com/search?q=nginx" "Mozilla/5.0 (iPhone; CPU iPhone OS 14_6 like Mac OS X) Safari/604.1"
127.0.0.1 - - [09/Oct/2025:05:06:36 +0200] "PUT /profile HTTP/1.1" 500 2937 "https://github.com/" "curl/7.68.0"
78.46.89.147 - - [05/Oct/2025:18:36:36 +0200] "DELETE /login HTTP/1.1" 404 8626 "-" "Mozilla/5.0 (X11; Linux x86_64) AppleWebKit/537.36 Chrome/91.0"
185.70.41.130 - - [08/Oct/2025:07:45:36 +0200] "GET /logout HTTP/1.1" 500 5264 "https://news.ycombinator.com/" "curl/7.68.0"
151.80.31.45 - - [05/Oct/2025:19:43:36 +0200] "PUT /docs HTTP/1.1" 200 6598 "https://twitter.com/" "Mozilla/5.0 (X11; Linux x86_64; rv:89.0) Gecko/20100101 Firefox/89.0"
172.16.0.5 - - [04/Oct/2025:01:37:36 +0200] "GET /blog/post-1 HTTP/1.1" 500 923 "-" "Mozilla/5.0 (Macintosh; Intel Mac OS X 10_15_7) AppleWebKit/537.36 Safari/605.1.15"
37.59.123.45 - - [09/Oct/2025:01:10:36 +0200] "GET /search HTTP/1.1" 500 8937 "https://news.ycombinator.com/" "Mozilla/5.0 (iPhone; CPU iPhone OS 14_6 like Mac OS X) Safari/604.1"
185.70.41.130 - - [04/Oct/2025:07:09:36 +0200] "GET /docs HTTP/1.1" 404 7930 "https://news.ycombinator.com/" "Mozilla/5.0 (X11; Linux x86_64) AppleWebKit/537.36 Chrome/91.0"
151.80.31.45 - - [04/Oct/2025:16:09:36 +0200] "PUT /logout HTTP/1.1" 200 3743 "-" "python-requests/2.25.1"
185.125.190.39 - - [07/Oct/2025:09:19:36 +0200] "GET /search HTTP/1.1" 304 8993 "-" "Mozilla/5.0 (X11; Linux x86_64) AppleWebKit/537.36 Chrome/91.0"
8.8.8.8 - - [03/Oct/2025:14:05:36 +0200] "POST /search HTTP/1.1" 502 2378 "https://twitter.com/" "Mozilla/5.0 (Macintosh; Intel Mac OS X 10_15_7) AppleWebKit/537.36 Safari/605.1.15"
202.177.215.73 - - [05/Oct/2025:01:52:36 +0200] "POST /admin HTTP/1.1" 200 914 "https://twitter.com/" "Go-http-client/1.1"
202.177.215.73 - - [08/Oct/2025:23:47:36 +0200] "GET /blog/post-1 HTTP/1.1" 200 679 "https://github.com/" "python-requests/2.25.1"
92.118.160.1 - - [06/Oct/2025:01:12:36 +0200] "GET /api/v1/users HTTP/1.1" 200 6955 "-" "Mozilla/5.0 (iPhone; CPU iPhone OS 14_6 like Mac OS X) Safari/604.1"
62.210.152.99 - - [05/Oct/2025:00:35:36 +0200] "PUT /docs HTTP/1.1" 503 3526 "-" "python-requests/2.25.1"
192.168.1.10 - - [08/Oct/2025:23:52:36 +0200] "GET /cart HTTP/1.1" 200 9778 "https://twitter.com/" "Mozilla/5.0 (iPhone; CPU iPhone OS 14_6 like Mac OS X) Safari/604.1"
8.8.8.8 - - [05/Oct/2025:22:54:36 +0200] "GET /about.html HTTP/1.1" 304 3808 "-" "Mozilla/5.0 (iPhone; CPU iPhone OS 14_6 like Mac OS X) Safari/604.1"
202.177.215.73 - - [05/Oct/2025:22:53:36 +0200] "GET /api/v1/data HTTP/1.1" 502 3859 "https://twitter.com/" "python-requests/2.25.1"
10.0.0.45 - - [08/Oct/2025:02:32:36 +0200] "GET /login HTTP/1.1" 404 4134 "-" "Mozilla/5.0 (Windows NT 10.0; Win64; x64) AppleWebKit/537.36 Chrome/91.0.4472.124"
78.46.89.147 - - [09/Oct/2025:01:28:36 +0200] "GET /products HTTP/1.1" 404 6908 "https://stackoverflow.com/" "Go-http-client/1.1"
185.70.41.130 - - [05/Oct/2025:15:07:36 +0200] "GET /index.html HTTP/1.1" 500 9084 "-" "curl/7.68.0"
10.0.0.45 - - [08/Oct/2025:15:58:36 +0200] "GET /checkout HTTP/1.1" 200 5444 "https://stackoverflow.com/" "python-requests/2.25.1"
127.0.0.1 - - [09/Oct/2025:12:49:36 +0200] "PUT /profile HTTP/1.1" 200 645 "https://www.google.com/search?q=nginx" "Mozilla/5.0 (X11; Linux x86_64; rv:89.0) Gecko/20100101 Firefox/89.0"
180.149.125.89 - - [05/Oct/2025:12:55:36 +0200] "GET /download HTTP/1.1" 200 7438 "https://news.ycombinator.com/" "curl/7.68.0"
180.149.125.89 - - [09/Oct/2025:13:52:36 +0200] "DELETE /pricing HTTP/1.1" 200 4842 "https://www.reddit.com/r/programming" "curl/7.68.0"
202.177.215.73 - - [09/Oct/2025:16:38:36 +0200] "GET /logout HTTP/1.1" 304 3231 "-" "Mozilla/5.0 (iPhone; CPU iPhone OS 14_6 like Mac OS X) Safari/604.1"
192.168.1.10 - - [06/Oct/2025:12:20:36 +0200] "POST /logout HTTP/1.1" 200 2320 "https://twitter.com/" "Mozilla/5.0 (iPhone; CPU iPhone OS 14_6 like Mac OS X) Safari/604.1"
223.165.16.232 - - [05/Oct/2025:01:07:36 +0200] "DELETE /blog/post-2 HTTP/1.1" 200 1379 "https://www.reddit.com/r/programming" "Mozilla/5.0 (iPhone; CPU iPhone OS 14_6 like Mac OS X) Safari/604.1"
172.16.0.5 - - [05/Oct/2025:20:08:36 +0200] "GET /login HTTP/1.1" 503 1621 "https://news.ycombinator.com/" "Mozilla/5.0 (X11; Linux x86_64; rv:89.0) Gecko/20100101 Firefox/89.0"
151.80.31.45 - - [06/Oct/2025:14:50:36 +0200] "GET /api/v1/users HTTP/1.1" 200 5559 "https://www.reddit.com/r/programming" "Go-http-client/1.1"
172.16.0.5 - - [06/Oct/2025:15:11:36 +0200] "GET /pricing HTTP/1.1" 502 5547 "-" "Mozilla/5.0 (Macintosh; Intel Mac OS X 10_15_7) AppleWebKit/537.36 Safari/605.1.15"
8.8.8.8 - - [03/Oct/2025:00:22:36 +0200] "PUT /api/v1/status HTTP/1.1" 304 5212 "https://news.ycombinator.com/" "Go-http-client/1.1"
62.210.152.99 - - [06/Oct/2025:19:26:36 +0200] "GET /contact.html HTTP/1.1" 200 6312 "https://news.ycombinator.com/" "python-requests/2.25.1"
8.8.8.8 - - [03/Oct/2025:02:34:36 +0200] "POST /pricing HTTP/1.1" 502 10072 "https://news.ycombinator.com/" "Mozilla/5.0 (X11; Linux x86_64) AppleWebKit/537.36 Chrome/91.0"
202.177.215.73 - - [09/Oct/2025:11:28:36 +0200] "GET /api/v1/data HTTP/1.1" 200 3277 "https://www.reddit.com/r/programming" "Mozilla/5.0 (Macintosh; Intel Mac OS X 10_15_7) AppleWebKit/537.36 Safari/605.1.15"
223.165.16.232 - - [05/Oct/2025:01:27:36 +0200] "POST /admin HTTP/1.1" 200 8399 "https://www.reddit.com/r/programming" "Go-http-client/1.1"
78.46.89.147 - - [04/Oct/2025:13:47:36 +0200] "PUT /cart HTTP/1.1" 503 3216 "https://twitter.com/" "curl/7.68.0"
185.70.41.130 - - [08/Oct/2025:17:08:36 +0200] "POST /pricing HTTP/1.1" 304 2601 "https://news.ycombinator.com/" "Mozilla/5.0 (iPhone; CPU iPhone OS 14_6 like Mac OS X) Safari/604.1"
41.190.3.50 - - [07/Oct/2025:07:37:36 +0200] "GET /profile HTTP/1.1" 503 913 "https://www.reddit.com/r/programming" "Mozilla/5.0 (Macintosh; Intel Mac OS X 10_15_7) AppleWebKit/537.36 Safari/605.1.15"
180.149.125.89 - - [08/Oct/2025:21:43:36 +0200] "POST /blog/post-1 HTTP/1.1" 200 7773 "-" "Mozilla/5.0 (iPhone; CPU iPhone OS 14_6 like Mac OS X) Safari/604.1"
92.118.160.1 - - [05/Oct/2025:18:36:36 +0200] "GET /api/v1/users HTTP/1.1" 500 3307 "https://stackoverflow.com/" "python-requests/2.25.1"
203.0.113.5 - - [07/Oct/2025:22:36:36 +0200] "DELETE /docs HTTP/1.1" 200 9270 "https://www.reddit.com/r/programming" "Mozilla/5.0 (Macintosh; Intel Mac OS X 10_15_7) AppleWebKit/537.36 Safari/605.1.15"
10.0.0.45 - - [09/Oct/2025:09:44:36 +0200] "GET /contact.html HTTP/1.1" 200 9901 "https://www.reddit.com/r/programming" "Go-http-client/1.1"
78.46.89.147 - - [09/Oct/2025:08:00:36 +0200] "GET /products HTTP/1.1" 200 532 "https://www.google.com/search?q=nginx" "Mozilla/5.0 (Windows NT 10.0; Win64; x64) AppleWebKit/537.36 Chrome/91.0.4472.124"
198.51.100.23 - - [07/Oct/2025:03:42:36 +0200] "GET /search HTTP/1.1" 404 5230 "https://www.reddit.com/r/programming" "Mozilla/5.0 (Macintosh; Intel Mac OS X 10_15_7) AppleWebKit/537.36 Safari/605.1.15"
127.0.0.1 - - [03/Oct/2025:13:05:36 +0200] "GET /search HTTP/1.1" 200 6775 "https://news.ycombinator.com/" "Go-http-client/1.1"
223.165.16.232 - - [05/Oct/2025:19:19:36 +0200] "DELETE /checkout HTTP/1.1" 500 5894 "https://www.google.com/search?q=nginx" "Mozilla/5.0 (Macintosh; Intel Mac OS X 10_15_7) AppleWebKit/537.36 Safari/605.1.15"
8.8.8.8 - - [07/Oct/2025:05:27:36 +0200] "POST /admin HTTP/1.1" 500 3775 "https://twitter.com/" "curl/7.68.0"
185.199.108.153 - - [09/Oct/2025:08:37:36 +0200] "GET /register HTTP/1.1" 404 3631 "https://github.com/" "python-requests/2.25.1"
202.177.215.73 - - [03/Oct/2025:01:30:36 +0200] "GET /login HTTP/1.1" 502 8141 "https://stackoverflow.com/" "curl/7.68.0"
200.56.23.188 - - [06/Oct/2025:01:54:36 +0200] "GET /contact.html HTTP/1.1" 200 370 "https://www.reddit.com/r/programming" "Mozilla/5.0 (Macintosh; Intel Mac OS X 10_15_7) AppleWebKit/537.36 Safari/605.1.15"
185.70.41.130 - - [08/Oct/2025:03:01:36 +0200] "GET /checkout HTTP/1.1" 200 2119 "https://news.ycombinator.com/" "Mozilla/5.0 (Windows NT 10.0; Win64; x64) AppleWebKit/537.36 Chrome/91.0.4472.124"
185.70.41.130 - - [09/Oct/2025:17:39:36 +0200] "PUT /download HTTP/1.1" 200 5465 "https://www.google.com/search?q=nginx" "Mozilla/5.0 (X11; Linux x86_64) AppleWebKit/537.36 Chrome/91.0"
78.46.89.147 - - [04/Oct/2025:23:09:36 +0200] "GET /docs HTTP/1.1" 200 9992 "https://www.reddit.com/r/programming" "curl/7.68.0"
198.51.100.23 - - [03/Oct/2025:09:13:36 +0200] "GET /login HTTP/1.1" 200 2899 "https://twitter.com/" "Go-http-client/1.1"
223.165.16.232 - - [03/Oct/2025:13:51:36 +0200] "GET /search HTTP/1.1" 404 5264 "-" "Mozilla/5.0 (iPhone; CPU iPhone OS 14_6 like Mac OS X) Safari/604.1"
192.168.1.10 - - [08/Oct/2025:17:14:36 +0200] "GET /search HTTP/1.1" 500 6021 "-" "curl/7.68.0"
202.177.215.73 - - [09/Oct/2025:02:49:36 +0200] "PUT /api/v1/data HTTP/1.1" 200 7402 "-" "Mozilla/5.0 (iPhone; CPU iPhone OS 14_6 like Mac OS X) Safari/604.1"
10.0.0.45 - - [08/Oct/2025:12:20:36 +0200] "GET /api/v1/status HTTP/1.1" 502 4527 "https://stackoverflow.com/" "curl/7.68.0"
185.125.190.39 - - [04/Oct/2025:04:58:36 +0200] "GET /cart HTTP/1.1" 304 5652 "https://stackoverflow.com/" "Go-http-client/1.1"
62.210.152.99 - - [08/Oct/2025:03:55:36 +0200] "PUT /api/v1/users HTTP/1.1" 503 1111 "https://www.reddit.com/r/programming" "curl/7.68.0"
180.149.125.89 - - [08/Oct/2025:01:49:36 +0200] "GET /register HTTP/1.1" 200 5980 "-" "curl/7.68.0"
172.16.0.5 - - [05/Oct/2025:11:05:36 +0200] "PUT /blog/post-2 HTTP/1.1" 200 4459 "https://news.ycombinator.com/" "Mozilla/5.0 (Windows NT 10.0; Win64; x64) AppleWebKit/537.36 Chrome/91.0.4472.124"
200.56.23.188 - - [06/Oct/2025:02:54:36 +0200] "GET /admin HTTP/1.1" 404 2181 "-" "python-requests/2.25.1"
202.177.215.73 - - [05/Oct/2025:19:24:36 +0200] "GET /search HTTP/1.1" 503 2137 "https://github.com/" "python-requests/2.25.1"
41.190.3.50 - - [07/Oct/2025:17:57:36 +0200] "DELETE /admin HTTP/1.1" 304 201 "https://stackoverflow.com/" "Mozilla/5.0 (iPhone; CPU iPhone OS 14_6 like Mac OS X) Safari/604.1"
223.165.16.232 - - [09/Oct/2025:19:22:36 +0200] "DELETE /api/v1/status HTTP/1.1" 200 1657 "-" "Mozilla/5.0 (Macintosh; Intel Mac OS X 10_15_7) AppleWebKit/537.36 Safari/605.1.15"
41.190.3.50 - - [05/Oct/2025:09:38:36 +0200] "GET /api/v1/users HTTP/1.1" 200 8600 "https://news.ycombinator.com/" "Mozilla/5.0 (X11; Linux x86_64) AppleWebKit/537.36 Chrome/91.0"
37.59.123.45 - - [07/Oct/2025:11:26:36 +0200] "GET /checkout HTTP/1.1" 200 5129 "-" "Mozilla/5.0 (iPhone; CPU iPhone OS 14_6 like Mac OS X) Safari/604.1"
172.16.0.5 - - [03/Oct/2025:16:24:36 +0200] "GET /logout HTTP/1.1" 404 9361 "-" "Mozilla/5.0 (Macintosh; Intel Mac OS X 10_15_7) AppleWebKit/537.36 Safari/605.1.15"
62.210.152.99 - - [09/Oct/2025:20:54:36 +0200] "GET / HTTP/1.1" 404 4104 "https://twitter.com/" "Mozilla/5.0 (Windows NT 10.0; Win64; x64) AppleWebKit/537.36 Chrome/91.0.4472.124"
200.56.23.188 - - [08/Oct/2025:17:46:36 +0200] "GET /products HTTP/1.1" 200 1651 "https://www.google.com/search?q=nginx" "Mozilla/5.0 (Macintosh; Intel Mac OS X 10_15_7) AppleWebKit/537.36 Safari/605.1.15"
202.177.215.73 - - [03/Oct/2025:12:45:36 +0200] "GET /index.html HTTP/1.1" 500 2509 "https://www.reddit.com/r/programming" "Go-http-client/1.1"
198.51.100.23 - - [06/Oct/2025:16:23:36 +0200] "GET /about.html HTTP/1.1" 200 3914 "https://www.google.com/search?q=nginx" "Mozilla/5.0 (Windows NT 10.0; Win64; x64) AppleWebKit/537.36 Chrome/91.0.4472.124"
223.165.16.232 - - [06/Oct/2025:21:35:36 +0200] "POST / HTTP/1.1" 200 1952 "-" "Mozilla/5.0 (X11; Linux x86_64; rv:89.0) Gecko/20100101 Firefox/89.0"
8.8.8.8 - - [03/Oct/2025:06:15:36 +0200] "GET /pricing HTTP/1.1" 200 3214 "https://github.com/" "Mozilla/5.0 (X11; Linux x86_64) AppleWebKit/537.36 Chrome/91.0"
200.56.23.188 - - [06/Oct/2025:08:07:36 +0200] "DELETE /api/v1/data HTTP/1.1" 500 3034 "https://www.google.com/search?q=nginx" "Mozilla/5.0 (iPhone; CPU iPhone OS 14_6 like Mac OS X) Safari/604.1"
185.199.108.153 - - [04/Oct/2025:11:39:36 +0200] "PUT /dashboard HTTP/1.1" 200 2421 "https://news.ycombinator.com/" "Mozilla/5.0 (iPhone; CPU iPhone OS 14_6 like Mac OS X) Safari/604.1"
8.8.8.8 - - [07/Oct/2025:12:24:36 +0200] "GET /login HTTP/1.1" 200 6773 "-" "curl/7.68.0"
41.190.3.50 - - [08/Oct/2025:13:48:36 +0200] "GET /contact.html HTTP/1.1" 404 2815 "https://www.google.com/search?q=nginx" "Mozilla/5.0 (X11; Linux x86_64; rv:89.0) Gecko/20100101 Firefox/89.0"
200.56.23.188 - - [03/Oct/2025:01:39:36 +0200] "PUT /about.html HTTP/1.1" 304 3615 "-" "Mozilla/5.0 (X11; Linux x86_64) AppleWebKit/537.36 Chrome/91.0"
185.199.108.153 - - [04/Oct/2025:20:43:36 +0200] "GET /logout HTTP/1.1" 304 4787 "https://www.reddit.com/r/programming" "Go-http-client/1.1"
203.0.113.5 - - [09/Oct/2025:02:43:36 +0200] "GET /search HTTP/1.1" 200 7790 "https://twitter.com/" "Mozilla/5.0 (Macintosh; Intel Mac OS X 10_15_7) AppleWebKit/537.36 Safari/605.1.15"
62.210.152.99 - - [04/Oct/2025:13:36:36 +0200] "GET /blog/post-1 HTTP/1.1" 200 8274 "https://github.com/" "Mozilla/5.0 (X11; Linux x86_64) AppleWebKit/537.36 Chrome/91.0"
192.168.1.10 - - [07/Oct/2025:00:45:36 +0200] "GET /blog/post-1 HTTP/1.1" 200 1400 "-" "Go-http-client/1.1"
8.8.8.8 - - [05/Oct/2025:21:15:36 +0200] "GET /cart HTTP/1.1" 404 9914 "-" "Mozilla/5.0 (iPhone; CPU iPhone OS 14_6 like Mac OS X) Safari/604.1"
37.59.123.45 - - [07/Oct/2025:05:26:36 +0200] "POST /settings HTTP/1.1" 200 6655 "-" "python-requests/2.25.1"
172.16.0.5 - - [03/Oct/2025:12:51:36 +0200] "GET /profile HTTP/1.1" 502 2943 "-" "Mozilla/5.0 (iPhone; CPU iPhone OS 14_6 like Mac OS X) Safari/604.1"
127.0.0.1 - - [04/Oct/2025:19:25:36 +0200] "GET /blog/post-2 HTTP/1.1" 200 8444 "-" "Mozilla/5.0 (iPhone; CPU iPhone OS 14_6 like Mac OS X) Safari/604.1"
127.0.0.1 - - [08/Oct/2025:14:27:36 +0200] "POST /blog/post-2 HTTP/1.1" 200 1311 "-" "python-requests/2.25.1"
185.199.108.153 - - [05/Oct/2025:20:34:36 +0200] "POST /products HTTP/1.1" 200 6051 "-" "python-requests/2.25.1"
127.0.0.1 - - [08/Oct/2025:19:44:36 +0200] "DELETE /profile HTTP/1.1" 503 5108 "https://github.com/" "python-requests/2.25.1"
37.59.123.45 - - [04/Oct/2025:11:50:36 +0200] "GET /settings HTTP/1.1" 304 9780 "-" "Mozilla/5.0 (X11; Linux x86_64) AppleWebKit/537.36 Chrome/91.0"
37.59.123.45 - - [04/Oct/2025:23:36:36 +0200] "GET /contact.html HTTP/1.1" 304 9966 "https://www.google.com/search?q=nginx" "python-requests/2.25.1"
41.190.3.50 - - [06/Oct/2025:08:05:36 +0200] "GET /settings HTTP/1.1" 503 4973 "-" "Mozilla/5.0 (X11; Linux x86_64; rv:89.0) Gecko/20100101 Firefox/89.0"
180.149.125.89 - - [06/Oct/2025:17:32:36 +0200] "DELETE /download HTTP/1.1" 502 7962 "https://twitter.com/" "curl/7.68.0"
151.80.31.45 - - [09/Oct/2025:00:18:36 +0200] "PUT /profile HTTP/1.1" 200 930 "https://twitter.com/" "Mozilla/5.0 (X11; Linux x86_64; rv:89.0) Gecko/20100101 Firefox/89.0"
180.149.125.89 - - [03/Oct/2025:03:24:36 +0200] "GET /profile HTTP/1.1" 200 5477 "-" "Mozilla/5.0 (Macintosh; Intel Mac OS X 10_15_7) AppleWebKit/537.36 Safari/605.1.15"
127.0.0.1 - - [04/Oct/2025:21:10:36 +0200] "GET /docs HTTP/1.1" 200 6443 "-" "curl/7.68.0"
92.118.160.1 - - [09/Oct/2025:20:52:36 +0200] "GET /profile HTTP/1.1" 304 8168 "-" "Mozilla/5.0 (X11; Linux x86_64) AppleWebKit/537.36 Chrome/91.0"
185.125.190.39 - - [07/Oct/2025:00:20:36 +0200] "POST /admin HTTP/1.1" 200 9359 "-" "Mozilla/5.0 (X11; Linux x86_64) AppleWebKit/537.36 Chrome/91.0"
172.16.0.5 - - [07/Oct/2025:06:42:36 +0200] "GET /contact.html HTTP/1.1" 502 6191 "-" "Mozilla/5.0 (X11; Linux x86_64) AppleWebKit/537.36 Chrome/91.0"
62.210.152.99 - - [05/Oct/2025:05:02:36 +0200] "GET /about.html HTTP/1.1" 404 10034 "https://stackoverflow.com/" "curl/7.68.0"
62.210.152.99 - - [07/Oct/2025:17:43:36 +0200] "GET /api/v2/orders HTTP/1.1" 200 331 "https://www.google.com/search?q=nginx" "Mozilla/5.0 (X11; Linux x86_64; rv:89.0) Gecko/20100101 Firefox/89.0"
180.149.125.89 - - [03/Oct/2025:03:34:36 +0200] "GET /checkout HTTP/1.1" 404 2501 "https://news.ycombinator.com/" "Mozilla/5.0 (X11; Linux x86_64) AppleWebKit/537.36 Chrome/91.0"
37.59.123.45 - - [09/Oct/2025:12:35:36 +0200] "DELETE /settings HTTP/1.1" 200 8314 "https://www.reddit.com/r/programming" "Go-http-client/1.1"
180.149.125.89 - - [04/Oct/2025:22:50:36 +0200] "GET /contact.html HTTP/1.1" 200 905 "-" "Mozilla/5.0 (X11; Linux x86_64) AppleWebKit/537.36 Chrome/91.0"
151.80.31.45 - - [05/Oct/2025:03:46:36 +0200] "GET /docs HTTP/1.1" 502 7436 "https://www.reddit.com/r/programming" "Mozilla/5.0 (X11; Linux x86_64; rv:89.0) Gecko/20100101 Firefox/89.0"
172.16.0.5 - - [09/Oct/2025:06:13:36 +0200] "GET /search HTTP/1.1" 500 8692 "https://news.ycombinator.com/" "Mozilla/5.0 (X11; Linux x86_64; rv:89.0) Gecko/20100101 Firefox/89.0"
185.125.190.39 - - [05/Oct/2025:07:38:36 +0200] "GET /profile HTTP/1.1" 503 3799 "https://github.com/" "Mozilla/5.0 (Macintosh; Intel Mac OS X 10_15_7) AppleWebKit/537.36 Safari/605.1.15"
127.0.0.1 - - [03/Oct/2025:10:25:36 +0200] "PUT /pricing HTTP/1.1" 200 7270 "https://www.reddit.com/r/programming" "Mozilla/5.0 (Macintosh; Intel Mac OS X 10_15_7) AppleWebKit/537.36 Safari/605.1.15"
172.16.0.5 - - [04/Oct/2025:20:59:36 +0200] "GET /api/v1/data HTTP/1.1" 200 854 "https://www.google.com/search?q=nginx" "python-requests/2.25.1"
223.165.16.232 - - [07/Oct/2025:01:12:36 +0200] "PUT /admin HTTP/1.1" 503 8667 "https://news.ycombinator.com/" "Mozilla/5.0 (Macintosh; Intel Mac OS X 10_15_7) AppleWebKit/537.36 Safari/605.1.15"
180.149.125.89 - - [09/Oct/2025:06:40:36 +0200] "PUT /checkout HTTP/1.1" 500 3957 "-" "python-requests/2.25.1"
185.70.41.130 - - [04/Oct/2025:02:24:36 +0200] "DELETE /index.html HTTP/1.1" 502 1012 "-" "python-requests/2.25.1"
41.190.3.50 - - [05/Oct/2025:23:48:36 +0200] "GET /download HTTP/1.1" 500 3209 "https://stackoverflow.com/" "Mozilla/5.0 (Macintosh; Intel Mac OS X 10_15_7) AppleWebKit/537.36 Safari/605.1.15"
203.0.113.5 - - [05/Oct/2025:18:24:36 +0200] "GET /search HTTP/1.1" 200 2175 "-" "Mozilla/5.0 (Windows NT 10.0; Win64; x64) AppleWebKit/537.36 Chrome/91.0.4472.124"
198.51.100.23 - - [05/Oct/2025:01:32:36 +0200] "GET /index.html HTTP/1.1" 200 3556 "-" "Go-http-client/1.1"
185.199.108.153 - - [07/Oct/2025:23:29:36 +0200] "DELETE /contact.html HTTP/1.1" 200 1904 "https://stackoverflow.com/" "curl/7.68.0"
37.59.123.45 - - [08/Oct/2025:07:50:36 +0200] "PUT /api/v2/orders HTTP/1.1" 200 9584 "https://twitter.com/" "curl/7.68.0"
127.0.0.1 - - [04/Oct/2025:15:08:36 +0200] "POST /index.html HTTP/1.1" 500 9393 "https://www.google.com/search?q=nginx" "Mozilla/5.0 (Macintosh; Intel Mac OS X 10_15_7) AppleWebKit/537.36 Safari/605.1.15"
92.118.160.1 - - [05/Oct/2025:10:13:36 +0200] "GET /api/v1/status HTTP/1.1" 503 778 "-" "Mozilla/5.0 (X11; Linux x86_64; rv:89.0) Gecko/20100101 Firefox/89.0"
62.210.152.99 - - [03/Oct/2025:15:01:36 +0200] "DELETE /products HTTP/1.1" 500 1746 "https://twitter.com/" "Mozilla/5.0 (X11; Linux x86_64) AppleWebKit/537.36 Chrome/91.0"
185.70.41.130 - - [08/Oct/2025:21:41:36 +0200] "DELETE /dashboard HTTP/1.1" 200 9723 "https://news.ycombinator.com/" "Mozilla/5.0 (Windows NT 10.0; Win64; x64) AppleWebKit/537.36 Chrome/91.0.4472.124"
37.59.123.45 - - [05/Oct/2025:03:40:36 +0200] "DELETE /api/v1/users HTTP/1.1" 200 7770 "https://stackoverflow.com/" "Mozilla/5.0 (Windows NT 10.0; Win64; x64) AppleWebKit/537.36 Chrome/91.0.4472.124"
185.125.190.39 - - [05/Oct/2025:12:18:36 +0200] "GET /contact.html HTTP/1.1" 503 9001 "https://github.com/" "Mozilla/5.0 (Macintosh; Intel Mac OS X 10_15_7) AppleWebKit/537.36 Safari/605.1.15"
62.210.152.99 - - [09/Oct/2025:15:55:36 +0200] "POST /blog/post-1 HTTP/1.1" 200 4474 "-" "Mozilla/5.0 (Macintosh; Intel Mac OS X 10_15_7) AppleWebKit/537.36 Safari/605.1.15"
192.168.1.10 - - [05/Oct/2025:07:14:36 +0200] "PUT /checkout HTTP/1.1" 200 8493 "-" "Mozilla/5.0 (X11; Linux x86_64) AppleWebKit/537.36 Chrome/91.0"
185.70.41.130 - - [05/Oct/2025:01:28:36 +0200] "GET /api/v1/data HTTP/1.1" 502 7556 "https://stackoverflow.com/" "Mozilla/5.0 (Macintosh; Intel Mac OS X 10_15_7) AppleWebKit/537.36 Safari/605.1.15"
172.16.0.5 - - [06/Oct/2025:19:29:36 +0200] "GET /index.html HTTP/1.1" 200 9396 "https://news.ycombinator.com/" "Mozilla/5.0 (X11; Linux x86_64) AppleWebKit/537.36 Chrome/91.0"
78.46.89.147 - - [09/Oct/2025:11:05:36 +0200] "GET /api/v1/data HTTP/1.1" 200 1910 "https://www.google.com/search?q=nginx" "Mozilla/5.0 (X11; Linux x86_64) AppleWebKit/537.36 Chrome/91.0"
151.80.31.45 - - [08/Oct/2025:03:02:36 +0200] "GET /search HTTP/1.1" 200 7194 "https://news.ycombinator.com/" "python-requests/2.25.1"
203.0.113.5 - - [05/Oct/2025:13:34:36 +0200] "DELETE /api/v1/data HTTP/1.1" 200 6003 "https://www.google.com/search?q=nginx" "Mozilla/5.0 (iPhone; CPU iPhone OS 14_6 like Mac OS X) Safari/604.1"
200.56.23.188 - - [03/Oct/2025:01:53:36 +0200] "GET /blog/post-2 HTTP/1.1" 200 6904 "https://twitter.com/" "Mozilla/5.0 (Macintosh; Intel Mac OS X 10_15_7) AppleWebKit/537.36 Safari/605.1.15"
185.125.190.39 - - [07/Oct/2025:06:25:36 +0200] "PUT /profile HTTP/1.1" 200 3628 "https://www.google.com/search?q=nginx" "Mozilla/5.0 (X11; Linux x86_64) AppleWebKit/537.36 Chrome/91.0"
62.210.152.99 - - [09/Oct/2025:08:05:36 +0200] "POST /api/v1/status HTTP/1.1" 503 7721 "-" "Mozilla/5.0 (Windows NT 10.0; Win64; x64) AppleWebKit/537.36 Chrome/91.0.4472.124"
41.190.3.50 - - [03/Oct/2025:18:35:36 +0200] "GET /search HTTP/1.1" 200 8096 "-" "python-requests/2.25.1"
223.165.16.232 - - [03/Oct/2025:09:10:36 +0200] "GET /blog/post-1 HTTP/1.1" 404 8817 "-" "Mozilla/5.0 (X11; Linux x86_64; rv:89.0) Gecko/20100101 Firefox/89.0"
41.190.3.50 - - [09/Oct/2025:18:54:36 +0200] "POST /logout HTTP/1.1" 200 502 "-" "Mozilla/5.0 (Windows NT 10.0; Win64; x64) AppleWebKit/537.36 Chrome/91.0.4472.124"
200.56.23.188 - - [07/Oct/2025:20:46:36 +0200] "GET /api/v2/orders HTTP/1.1" 200 6167 "-" "Mozilla/5.0 (X11; Linux x86_64; rv:89.0) Gecko/20100101 Firefox/89.0"
180.149.125.89 - - [06/Oct/2025:07:44:36 +0200] "PUT /api/v2/orders HTTP/1.1" 200 4311 "-" "python-requests/2.25.1"
198.51.100.23 - - [03/Oct/2025:22:48:36 +0200] "POST /api/v1/users HTTP/1.1" 404 8480 "-" "Go-http-client/1.1"
185.199.108.153 - - [08/Oct/2025:06:22:36 +0200] "GET /api/v2/orders HTTP/1.1" 404 4632 "https://twitter.com/" "Go-http-client/1.1"
172.16.0.5 - - [03/Oct/2025:15:05:36 +0200] "GET / HTTP/1.1" 500 8421 "https://www.reddit.com/r/programming" "Mozilla/5.0 (iPhone; CPU iPhone OS 14_6 like Mac OS X) Safari/604.1"
203.0.113.5 - - [07/Oct/2025:16:38:36 +0200] "GET / HTTP/1.1" 503 7775 "-" "Mozilla/5.0 (Macintosh; Intel Mac OS X 10_15_7) AppleWebKit/537.36 Safari/605.1.15"
203.0.113.5 - - [03/Oct/2025:03:12:36 +0200] "PUT /pricing HTTP/1.1" 200 109 "https://twitter.com/" "Go-http-client/1.1"
127.0.0.1 - - [03/Oct/2025:01:30:36 +0200] "GET /dashboard HTTP/1.1" 200 1619 "https://twitter.com/" "Mozilla/5.0 (Windows NT 10.0; Win64; x64) AppleWebKit/537.36 Chrome/91.0.4472.124"
62.210.152.99 - - [05/Oct/2025:06:40:36 +0200] "GET /contact.html HTTP/1.1" 200 164 "https://github.com/" "Mozilla/5.0 (iPhone; CPU iPhone OS 14_6 like Mac OS X) Safari/604.1"
192.168.1.10 - - [04/Oct/2025:06:22:36 +0200] "GET /cart HTTP/1.1" 200 2771 "https://stackoverflow.com/" "curl/7.68.0"
37.59.123.45 - - [04/Oct/2025:12:34:36 +0200] "POST /about.html HTTP/1.1" 503 5705 "https://www.google.com/search?q=nginx" "Go-http-client/1.1"
198.51.100.23 - - [06/Oct/2025:10:59:36 +0200] "GET /index.html HTTP/1.1" 200 5236 "https://stackoverflow.com/" "Mozilla/5.0 (X11; Linux x86_64; rv:89.0) Gecko/20100101 Firefox/89.0"
192.168.1.10 - - [05/Oct/2025:13:35:36 +0200] "GET /pricing HTTP/1.1" 200 4007 "https://www.google.com/search?q=nginx" "curl/7.68.0"
92.118.160.1 - - [03/Oct/2025:17:50:36 +0200] "GET /api/v1/users HTTP/1.1" 200 9098 "-" "Mozilla/5.0 (X11; Linux x86_64) AppleWebKit/537.36 Chrome/91.0"
198.51.100.23 - - [07/Oct/2025:06:14:36 +0200] "POST /products HTTP/1.1" 304 3622 "https://github.com/" "curl/7.68.0"
172.16.0.5 - - [05/Oct/2025:05:09:36 +0200] "GET /blog/post-1 HTTP/1.1" 404 5256 "https://twitter.com/" "Mozilla/5.0 (Macintosh; Intel Mac OS X 10_15_7) AppleWebKit/537.36 Safari/605.1.15"
37.59.123.45 - - [04/Oct/2025:21:53:36 +0200] "GET /admin HTTP/1.1" 304 5774 "https://www.reddit.com/r/programming" "python-requests/2.25.1"
185.125.190.39 - - [05/Oct/2025:06:33:36 +0200] "GET /api/v1/data HTTP/1.1" 200 4749 "https://www.google.com/search?q=nginx" "curl/7.68.0"
10.0.0.45 - - [03/Oct/2025:05:01:36 +0200] "GET /index.html HTTP/1.1" 200 4543 "-" "Mozilla/5.0 (X11; Linux x86_64) AppleWebKit/537.36 Chrome/91.0"
151.80.31.45 - - [05/Oct/2025:05:27:36 +0200] "GET /profile HTTP/1.1" 200 7816 "https://stackoverflow.com/" "python-requests/2.25.1"
203.0.113.5 - - [06/Oct/2025:16:52:36 +0200] "POST /checkout HTTP/1.1" 304 6341 "https://github.com/" "Go-http-client/1.1"
127.0.0.1 - - [05/Oct/2025:22:54:36 +0200] "DELETE /dashboard HTTP/1.1" 500 3396 "-" "Mozilla/5.0 (iPhone; CPU iPhone OS 14_6 like Mac OS X) Safari/604.1"
198.51.100.23 - - [03/Oct/2025:19:11:36 +0200] "GET /logout HTTP/1.1" 304 2644 "https://twitter.com/" "Mozilla/5.0 (X11; Linux x86_64; rv:89.0) Gecko/20100101 Firefox/89.0"
185.70.41.130 - - [07/Oct/2025:19:34:36 +0200] "GET /about.html HTTP/1.1" 502 584 "-" "python-requests/2.25.1"
200.56.23.188 - - [03/Oct/2025:02:41:36 +0200] "GET /settings HTTP/1.1" 200 5774 "https://news.ycombinator.com/" "Mozilla/5.0 (Macintosh; Intel Mac OS X 10_15_7) AppleWebKit/537.36 Safari/605.1.15"
78.46.89.147 - - [03/Oct/2025:02:17:36 +0200] "GET /cart HTTP/1.1" 500 2546 "https://www.google.com/search?q=nginx" "Mozilla/5.0 (X11; Linux x86_64; rv:89.0) Gecko/20100101 Firefox/89.0"
37.59.123.45 - - [06/Oct/2025:09:25:36 +0200] "DELETE /register HTTP/1.1" 500 7600 "-" "Go-http-client/1.1"
180.149.125.89 - - [03/Oct/2025:04:09:36 +0200] "DELETE /admin HTTP/1.1" 502 5827 "https://www.reddit.com/r/programming" "Mozilla/5.0 (Windows NT 10.0; Win64; x64) AppleWebKit/537.36 Chrome/91.0.4472.124"
192.168.1.10 - - [09/Oct/2025:15:18:36 +0200] "GET /blog/post-2 HTTP/1.1" 200 2406 "-" "Mozilla/5.0 (Macintosh; Intel Mac OS X 10_15_7) AppleWebKit/537.36 Safari/605.1.15"
37.59.123.45 - - [08/Oct/2025:00:54:36 +0200] "POST /api/v1/users HTTP/1.1" 500 6020 "https://news.ycombinator.com/" "curl/7.68.0"
37.59.123.45 - - [04/Oct/2025:19:15:36 +0200] "GET /api/v2/orders HTTP/1.1" 200 9751 "https://twitter.com/" "Mozilla/5.0 (X11; Linux x86_64; rv:89.0) Gecko/20100101 Firefox/89.0"
198.51.100.23 - - [07/Oct/2025:13:52:36 +0200] "DELETE /docs HTTP/1.1" 304 8384 "https://twitter.com/" "Mozilla/5.0 (X11; Linux x86_64; rv:89.0) Gecko/20100101 Firefox/89.0"
151.80.31.45 - - [04/Oct/2025:00:05:36 +0200] "GET /api/v2/orders HTTP/1.1" 200 2473 "https://www.reddit.com/r/programming" "python-requests/2.25.1"
185.70.41.130 - - [04/Oct/2025:00:55:36 +0200] "POST /blog/post-1 HTTP/1.1" 500 9568 "https://stackoverflow.com/" "Go-http-client/1.1"
78.46.89.147 - - [07/Oct/2025:17:52:36 +0200] "PUT /index.html HTTP/1.1" 200 3630 "https://www.reddit.com/r/programming" "Mozilla/5.0 (Windows NT 10.0; Win64; x64) AppleWebKit/537.36 Chrome/91.0.4472.124"
185.199.108.153 - - [08/Oct/2025:13:42:36 +0200] "GET /register HTTP/1.1" 503 5738 "https://www.google.com/search?q=nginx" "Mozilla/5.0 (iPhone; CPU iPhone OS 14_6 like Mac OS X) Safari/604.1"
127.0.0.1 - - [06/Oct/2025:19:24:36 +0200] "PUT /checkout HTTP/1.1" 502 517 "-" "Mozilla/5.0 (Macintosh; Intel Mac OS X 10_15_7) AppleWebKit/537.36 Safari/605.1.15"
192.168.1.10 - - [06/Oct/2025:23:37:36 +0200] "POST /dashboard HTTP/1.1" 503 8482 "-" "Mozilla/5.0 (X11; Linux x86_64) AppleWebKit/537.36 Chrome/91.0"
200.56.23.188 - - [08/Oct/2025:06:00:36 +0200] "GET /cart HTTP/1.1" 503 1724 "https://news.ycombinator.com/" "Go-http-client/1.1"
62.210.152.99 - - [09/Oct/2025:10:48:36 +0200] "PUT /logout HTTP/1.1" 503 8614 "-" "curl/7.68.0"
185.199.108.153 - - [09/Oct/2025:17:19:36 +0200] "GET /download HTTP/1.1" 304 217 "https://github.com/" "curl/7.68.0"
62.210.152.99 - - [07/Oct/2025:20:39:36 +0200] "GET /api/v1/status HTTP/1.1" 502 5908 "-" "Mozilla/5.0 (X11; Linux x86_64) AppleWebKit/537.36 Chrome/91.0"
202.177.215.73 - - [06/Oct/2025:21:17:36 +0200] "GET /api/v2/orders HTTP/1.1" 200 8999 "https://news.ycombinator.com/" "Mozilla/5.0 (Windows NT 10.0; Win64; x64) AppleWebKit/537.36 Chrome/91.0.4472.124"
62.210.152.99 - - [08/Oct/2025:13:00:36 +0200] "GET /login HTTP/1.1" 200 7833 "https://www.google.com/search?q=nginx" "Mozilla/5.0 (iPhone; CPU iPhone OS 14_6 like Mac OS X) Safari/604.1"
172.16.0.5 - - [05/Oct/2025:02:13:36 +0200] "PUT /about.html HTTP/1.1" 500 2727 "https://news.ycombinator.com/" "curl/7.68.0"
223.165.16.232 - - [04/Oct/2025:15:43:36 +0200] "POST /pricing HTTP/1.1" 503 7648 "https://twitter.com/" "python-requests/2.25.1"
151.80.31.45 - - [04/Oct/2025:15:38:36 +0200] "GET /contact.html HTTP/1.1" 500 2495 "https://github.com/" "Mozilla/5.0 (X11; Linux x86_64; rv:89.0) Gecko/20100101 Firefox/89.0"
185.125.190.39 - - [06/Oct/2025:19:29:36 +0200] "GET /api/v1/status HTTP/1.1" 200 1278 "https://www.reddit.com/r/programming" "Mozilla/5.0 (Windows NT 10.0; Win64; x64) AppleWebKit/537.36 Chrome/91.0.4472.124"
8.8.8.8 - - [09/Oct/2025:02:23:36 +0200] "DELETE /api/v2/orders HTTP/1.1" 200 8882 "https://www.reddit.com/r/programming" "python-requests/2.25.1"
10.0.0.45 - - [09/Oct/2025:15:33:36 +0200] "PUT /api/v2/orders HTTP/1.1" 200 4732 "https://twitter.com/" "Mozilla/5.0 (X11; Linux x86_64) AppleWebKit/537.36 Chrome/91.0"
203.0.113.5 - - [05/Oct/2025:16:45:36 +0200] "POST /api/v2/orders HTTP/1.1" 200 202 "https://news.ycombinator.com/" "Mozilla/5.0 (X11; Linux x86_64; rv:89.0) Gecko/20100101 Firefox/89.0"
180.149.125.89 - - [07/Oct/2025:13:08:36 +0200] "DELETE /about.html HTTP/1.1" 500 2151 "https://twitter.com/" "curl/7.68.0"
37.59.123.45 - - [07/Oct/2025:13:47:36 +0200] "PUT /profile HTTP/1.1" 200 4963 "-" "python-requests/2.25.1"
223.165.16.232 - - [04/Oct/2025:04:19:36 +0200] "GET /contact.html HTTP/1.1" 200 6629 "-" "Mozilla/5.0 (Windows NT 10.0; Win64; x64) AppleWebKit/537.36 Chrome/91.0.4472.124"
198.51.100.23 - - [06/Oct/2025:02:21:36 +0200] "GET /dashboard HTTP/1.1" 200 1277 "https://stackoverflow.com/" "Go-http-client/1.1"
180.149.125.89 - - [06/Oct/2025:22:14:36 +0200] "PUT /register HTTP/1.1" 502 8336 "-" "Mozilla/5.0 (iPhone; CPU iPhone OS 14_6 like Mac OS X) Safari/604.1"
192.168.1.10 - - [05/Oct/2025:21:57:36 +0200] "DELETE /cart HTTP/1.1" 304 2543 "https://www.reddit.com/r/programming" "Mozilla/5.0 (X11; Linux x86_64; rv:89.0) Gecko/20100101 Firefox/89.0"
223.165.16.232 - - [03/Oct/2025:14:45:36 +0200] "GET /search HTTP/1.1" 503 9585 "https://twitter.com/" "Go-http-client/1.1"
185.199.108.153 - - [03/Oct/2025:18:17:36 +0200] "GET /logout HTTP/1.1" 200 8092 "https://www.google.com/search?q=nginx" "Mozilla/5.0 (X11; Linux x86_64; rv:89.0) Gecko/20100101 Firefox/89.0"
10.0.0.45 - - [03/Oct/2025:15:16:36 +0200] "DELETE / HTTP/1.1" 502 4040 "https://news.ycombinator.com/" "Mozilla/5.0 (Macintosh; Intel Mac OS X 10_15_7) AppleWebKit/537.36 Safari/605.1.15"
180.149.125.89 - - [03/Oct/2025:18:20:36 +0200] "GET /products HTTP/1.1" 200 1183 "https://stackoverflow.com/" "Mozilla/5.0 (iPhone; CPU iPhone OS 14_6 like Mac OS X) Safari/604.1"
151.80.31.45 - - [07/Oct/2025:09:52:36 +0200] "DELETE /api/v1/status HTTP/1.1" 304 6829 "-" "Go-http-client/1.1"
10.0.0.45 - - [05/Oct/2025:12:54:36 +0200] "GET /api/v1/status HTTP/1.1" 200 2493 "-" "Go-http-client/1.1"
202.177.215.73 - - [08/Oct/2025:20:09:36 +0200] "DELETE /about.html HTTP/1.1" 304 9002 "https://news.ycombinator.com/" "Go-http-client/1.1"
223.165.16.232 - - [05/Oct/2025:14:28:36 +0200] "DELETE /api/v1/status HTTP/1.1" 200 4045 "-" "Mozilla/5.0 (Macintosh; Intel Mac OS X 10_15_7) AppleWebKit/537.36 Safari/605.1.15"
172.16.0.5 - - [08/Oct/2025:08:19:36 +0200] "GET /docs HTTP/1.1" 500 7810 "https://stackoverflow.com/" "Mozilla/5.0 (Windows NT 10.0; Win64; x64) AppleWebKit/537.36 Chrome/91.0.4472.124"
223.165.16.232 - - [06/Oct/2025:12:47:36 +0200] "GET /login HTTP/1.1" 200 2150 "-" "python-requests/2.25.1"
200.56.23.188 - - [05/Oct/2025:20:28:36 +0200] "GET /logout HTTP/1.1" 502 8331 "-" "curl/7.68.0"
202.177.215.73 - - [03/Oct/2025:23:11:36 +0200] "GET /pricing HTTP/1.1" 200 6229 "https://www.reddit.com/r/programming" "python-requests/2.25.1"
151.80.31.45 - - [08/Oct/2025:17:35:36 +0200] "GET /cart HTTP/1.1" 404 4999 "https://twitter.com/" "Mozilla/5.0 (Macintosh; Intel Mac OS X 10_15_7) AppleWebKit/537.36 Safari/605.1.15"
10.0.0.45 - - [09/Oct/2025:03:14:36 +0200] "GET /pricing HTTP/1.1" 200 7150 "https://news.ycombinator.com/" "Mozilla/5.0 (X11; Linux x86_64) AppleWebKit/537.36 Chrome/91.0"
198.51.100.23 - - [07/Oct/2025:04:58:36 +0200] "GET /api/v1/users HTTP/1.1" 503 8185 "https://stackoverflow.com/" "Mozilla/5.0 (Macintosh; Intel Mac OS X 10_15_7) AppleWebKit/537.36 Safari/605.1.15"
172.16.0.5 - - [07/Oct/2025:12:04:36 +0200] "POST /index.html HTTP/1.1" 502 3916 "https://www.reddit.com/r/programming" "Mozilla/5.0 (iPhone; CPU iPhone OS 14_6 like Mac OS X) Safari/604.1"
172.16.0.5 - - [08/Oct/2025:07:04:36 +0200] "POST /contact.html HTTP/1.1" 200 1703 "https://www.google.com/search?q=nginx" "curl/7.68.0"
8.8.8.8 - - [04/Oct/2025:10:59:36 +0200] "DELETE /settings HTTP/1.1" 503 7323 "-" "python-requests/2.25.1"
92.118.160.1 - - [07/Oct/2025:06:07:36 +0200] "GET / HTTP/1.1" 200 9387 "https://github.com/" "Go-http-client/1.1"
41.190.3.50 - - [03/Oct/2025:11:32:36 +0200] "GET /dashboard HTTP/1.1" 502 7574 "https://twitter.com/" "Go-http-client/1.1"
41.190.3.50 - - [09/Oct/2025:17:40:36 +0200] "DELETE /index.html HTTP/1.1" 200 2324 "https://stackoverflow.com/" "python-requests/2.25.1"
185.199.108.153 - - [06/Oct/2025:23:27:36 +0200] "GET /search HTTP/1.1" 304 450 "https://www.google.com/search?q=nginx" "Mozilla/5.0 (Windows NT 10.0; Win64; x64) AppleWebKit/537.36 Chrome/91.0.4472.124"
185.125.190.39 - - [03/Oct/2025:21:08:36 +0200] "PUT /products HTTP/1.1" 200 4537 "https://twitter.com/" "Go-http-client/1.1"
180.149.125.89 - - [07/Oct/2025:23:04:36 +0200] "GET /download HTTP/1.1" 502 9921 "https://twitter.com/" "Go-http-client/1.1"
78.46.89.147 - - [04/Oct/2025:13:13:36 +0200] "PUT /admin HTTP/1.1" 500 9449 "https://www.google.com/search?q=nginx" "Mozilla/5.0 (Windows NT 10.0; Win64; x64) AppleWebKit/537.36 Chrome/91.0.4472.124"
180.149.125.89 - - [07/Oct/2025:13:14:36 +0200] "GET /api/v2/orders HTTP/1.1" 200 364 "https://github.com/" "Mozilla/5.0 (iPhone; CPU iPhone OS 14_6 like Mac OS X) Safari/604.1"
180.149.125.89 - - [04/Oct/2025:02:59:36 +0200] "GET /logout HTTP/1.1" 200 5164 "https://github.com/" "Mozilla/5.0 (Macintosh; Intel Mac OS X 10_15_7) AppleWebKit/537.36 Safari/605.1.15"
