200.56.23.188 - - [07/Oct/2025:02:18:36 +0200] "GET /admin HTTP/1.1" 502 5584 "https://www.reddit.com/r/programming" "python-requests/2.25.1"
180.149.125.89 - - [04/Oct/2025:19:59:36 +0200] "GET /checkout HTTP/1.1" 200 2891 "https://twitter.com/" "Go-http-client/1.1"
200.56.23.188 - - [05/Oct/2025:07:10:36 +0200] "POST /blog/post-2 HTTP/1.1" 503 9792 "https://www.reddit.com/r/programming" "Mozilla/5.0 (Windows NT 10.0; Win64; x64) AppleWebKit/537.36 Chrome/91.0.4472.124"
185.125.190.39 - - [09/Oct/2025:21:52:36 +0200] "GET /api/v1/users HTTP/1.1" 304 4621 "https://www.reddit.com/r/programming" "curl/7.68.0"
92.118.160.1 - - [04/Oct/2025:17:26:36 +0200] "GET /api/v2/orders HTTP/1.1" 200 2280 "https://www.google.com/search?q=nginx" "Mozilla/5.0 (Macintosh; Intel Mac OS X 10_15_7) AppleWebKit/537.36 Safari/605.1.15"
92.118.160.1 - - [08/Oct/2025:08:14:36 +0200] "GET /blog/post-2 HTTP/1.1" 404 8245 "https://www.reddit.com/r/programming" "curl/7.68.0"
185.70.41.130 - - [05/Oct/2025:13:47:36 +0200] "GET /dashboard HTTP/1.1" 500 689 "https://github.com/" "Mozilla/5.0 (X11; Linux x86_64) AppleWebKit/537.36 Chrome/91.0"
185.125.190.39 - - [06/Oct/2025:23:31:36 +0200] "POST /settings HTTP/1.1" 404 627 "-" "Mozilla/5.0 (Macintosh; Intel Mac OS X 10_15_7) AppleWebKit/537.36 Safari/605.1.15"
185.125.190.39 - - [09/Oct/2025:11:33:36 +0200] "PUT /products HTTP/1.1" 200 7490 "https://www.google.com/search?q=nginx" "python-requests/2.25.1"
180.149.125.89 - - [09/Oct/2025:05:08:36 +0200] "GET /api/v1/data HTTP/1.1" 500 4810 "https://github.com/" "Mozilla/5.0 (X11; Linux x86_64; rv:89.0) Gecko/20100101 Firefox/89.0"
92.118.160.1 - - [07/Oct/2025:12:15:36 +0200] "GET /index.html HTTP/1.1" 500 4787 "https://www.reddit.com/r/programming" "Mozilla/5.0 (iPhone; CPU iPhone OS 14_6 like Mac OS X) Safari/604.1"
202.177.215.73 - - [04/Oct/2025:06:50:36 +0200] "PUT /api/v1/users HTTP/1.1" 200 4785 "https://github.com/" "Mozilla/5.0 (iPhone; CPU iPhone OS 14_6 like Mac OS X) Safari/604.1"
202.177.215.73 - - [09/Oct/2025:13:22:36 +0200] "GET /cart HTTP/1.1" 404 3720 "https://stackoverflow.com/" "Mozilla/5.0 (Macintosh; Intel Mac OS X 10_15_7) AppleWebKit/537.36 Safari/605.1.15"
185.199.108.153 - - [06/Oct/2025:00:52:36 +0200] "DELETE /api/v1/data HTTP/1.1" 200 7865 "https://news.ycombinator.com/" "curl/7.68.0"
180.149.125.89 - - [05/Oct/2025:07:26:36 +0200] "GET /docs HTTP/1.1" 500 271 "https://twitter.com/" "Mozilla/5.0 (Macintosh; Intel Mac OS X 10_15_7) AppleWebKit/537.36 Safari/605.1.15"
185.199.108.153 - - [04/Oct/2025:22:05:36 +0200] "GET /settings HTTP/1.1" 200 4045 "https://www.google.com/search?q=nginx" "python-requests/2.25.1"
62.210.152.99 - - [07/Oct/2025:07:38:36 +0200] "GET /about.html HTTP/1.1" 502 3501 "https://www.reddit.com/r/programming" "Mozilla/5.0 (X11; Linux x86_64; rv:89.0) Gecko/20100101 Firefox/89.0"
200.56.23.188 - - [08/Oct/2025:12:05:36 +0200] "GET / HTTP/1.1" 200 7067 "https://twitter.com/" "Mozilla/5.0 (Windows NT 10.0; Win64; x64) AppleWebKit/537.36 Chrome/91.0.4472.124"
185.125.190.39 - - [09/Oct/2025:04:21:36 +0200] "GET /api/v2/orders HTTP/1.1" 200 9646 "https://github.com/" "Mozilla/5.0 (Windows NT 10.0; Win64; x64) AppleWebKit/537.36 Chrome/91.0.4472.124"
37.59.123.45 - - [02/Oct/2025:23:45:36 +0200] "GET /products HTTP/1.1" 200 3103 "-" "Mozilla/5.0 (iPhone; CPU iPhone OS 14_6 like Mac OS X) Safari/604.1"
41.190.3.50 - - [07/Oct/2025:17:52:36 +0200] "DELETE /blog/post-1 HTTP/1.1" 200 141 "https://stackoverflow.com/" "Go-http-client/1.1"
185.199.108.153 - - [03/Oct/2025:16:21:36 +0200] "GET /about.html HTTP/1.1" 503 9518 "https://twitter.com/" "Mozilla/5.0 (X11; Linux x86_64) AppleWebKit/537.36 Chrome/91.0"
172.16.0.5 - - [05/Oct/2025:14:13:36 +0200] "GET /api/v1/status HTTP/1.1" 200 438 "-" "Mozilla/5.0 (iPhone; CPU iPhone OS 14_6 like Mac OS X) Safari/604.1"
151.80.31.45 - - [04/Oct/2025:00:08:36 +0200] "GET /api/v1/data HTTP/1.1" 304 9971 "https://stackoverflow.com/" "Mozilla/5.0 (Windows NT 10.0; Win64; x64) AppleWebKit/537.36 Chrome/91.0.4472.124"
185.199.108.153 - - [08/Oct/2025:13:08:36 +0200] "GET /api/v2/orders HTTP/1.1" 502 8771 "-" "Mozilla/5.0 (X11; Linux x86_64) AppleWebKit/537.36 Chrome/91.0"
127.0.0.1 - - [05/Oct/2025:00:16:36 +0200] "GET /api/v1/data HTTP/1.1" 503 7364 "https://twitter.com/" "Mozilla/5.0 (Windows NT 10.0; Win64; x64) AppleWebKit/537.36 Chrome/91.0.4472.124"
127.0.0.1 - - [04/Oct/2025:10:25:36 +0200] "GET /login HTTP/1.1" 500 2336 "https://stackoverflow.com/" "curl/7.68.0"
62.210.152.99 - - [08/Oct/2025:01:14:36 +0200] "PUT /contact.html HTTP/1.1" 503 2494 "https://twitter.com/" "Go-http-client/1.1"
10.0.0.45 - - [08/Oct/2025:14:08:36 +0200] "GET /contact.html HTTP/1.1" 304 7647 "https://twitter.com/" "curl/7.68.0"
62.210.152.99 - - [08/Oct/2025:10:01:36 +0200] "POST /products HTTP/1.1" 200 1645 "https://stackoverflow.com/" "Mozilla/5.0 (iPhone; CPU iPhone OS 14_6 like Mac OS X) Safari/604.1"
202.177.215.73 - - [05/Oct/2025:15:07:36 +0200] "DELETE /contact.html HTTP/1.1" 503 1201 "https://www.google.com/search?q=nginx" "Mozilla/5.0 (Windows NT 10.0; Win64; x64) AppleWebKit/537.36 Chrome/91.0.4472.124"
185.125.190.39 - - [06/Oct/2025:07:00:36 +0200] "GET /contact.html HTTP/1.1" 304 6597 "-" "curl/7.68.0"
10.0.0.45 - - [03/Oct/2025:02:35:36 +0200] "GET /about.html HTTP/1.1" 304 4414 "-" "Mozilla/5.0 (Windows NT 10.0; Win64; x64) AppleWebKit/537.36 Chrome/91.0.4472.124"
198.51.100.23 - - [03/Oct/2025:17:25:36 +0200] "POST /login HTTP/1.1" 200 8079 "https://www.reddit.com/r/programming" "Mozilla/5.0 (Windows NT 10.0; Win64; x64) AppleWebKit/537.36 Chrome/91.0.4472.124"
78.46.89.147 - - [06/Oct/2025:19:00:36 +0200] "PUT /cart HTTP/1.1" 304 6410 "-" "Go-http-client/1.1"
192.168.1.10 - - [06/Oct/2025:02:59:36 +0200] "PUT /dashboard HTTP/1.1" 200 4732 "https://github.com/" "Mozilla/5.0 (iPhone; CPU iPhone OS 14_6 like Mac OS X) Safari/604.1"
185.125.190.39 - - [03/Oct/2025:18:57:36 +0200] "GET /api/v2/orders HTTP/1.1" 200 2347 "-" "Mozilla/5.0 (X11; Linux x86_64; rv:89.0) Gecko/20100101 Firefox/89.0"
41.190.3.50 - - [09/Oct/2025:09:11:36 +0200] "DELETE /login HTTP/1.1" 502 6199 "https://www.google.com/search?q=nginx" "python-requests/2.25.1"
127.0.0.1 - - [03/Oct/2025:09:53:36 +0200] "GET /login HTTP/1.1" 200 1466 "https://stackoverflow.com/" "Mozilla/5.0 (X11; Linux x86_64; rv:89.0) Gecko/20100101 Firefox/89.0"
185.199.108.153 - - [03/Oct/2025:06:28:36 +0200] "GET /api/v2/orders HTTP/1.1" 304 8443 "https://stackoverflow.com/" "Go-http-client/1.1"
202.177.215.73 - - [03/Oct/2025:11:55:36 +0200] "GET /login HTTP/1.1" 404 697 "-" "Mozilla/5.0 (X11; Linux x86_64; rv:89.0) Gecko/20100101 Firefox/89.0"
223.165.16.232 - - [08/Oct/2025:17:47:36 +0200] "GET /dashboard HTTP/1.1" 502 8384 "https://twitter.com/" "Mozilla/5.0 (Macintosh; Intel Mac OS X 10_15_7) AppleWebKit/537.36 Safari/605.1.15"
203.0.113.5 - - [04/Oct/2025:12:21:36 +0200] "DELETE / HTTP/1.1" 200 8516 "-" "curl/7.68.0"
223.165.16.232 - - [09/Oct/2025:09:02:36 +0200] "GET /settings HTTP/1.1" 200 1466 "-" "Mozilla/5.0 (X11; Linux x86_64; rv:89.0) Gecko/20100101 Firefox/89.0"
185.70.41.130 - - [09/Oct/2025:13:36:36 +0200] "GET / HTTP/1.1" 502 3699 "https://twitter.com/" "Mozilla/5.0 (X11; Linux x86_64; rv:89.0) Gecko/20100101 Firefox/89.0"
180.149.125.89 - - [06/Oct/2025:01:32:36 +0200] "DELETE /api/v1/status HTTP/1.1" 304 2389 "https://github.com/" "Mozilla/5.0 (X11; Linux x86_64; rv:89.0) Gecko/20100101 Firefox/89.0"
198.51.100.23 - - [07/Oct/2025:17:42:36 +0200] "PUT /api/v2/orders HTTP/1.1" 200 200 "-" "Mozilla/5.0 (Macintosh; Intel Mac OS X 10_15_7) AppleWebKit/537.36 Safari/605.1.15"
185.125.190.39 - - [08/Oct/2025:03:54:36 +0200] "GET / HTTP/1.1" 200 7270 "https://news.ycombinator.com/" "Mozilla/5.0 (Windows NT 10.0; Win64; x64) AppleWebKit/537.36 Chrome/91.0.4472.124"
198.51.100.23 - - [05/Oct/2025:04:23:36 +0200] "DELETE /logout HTTP/1.1" 404 4451 "-" "python-requests/2.25.1"
223.165.16.232 - - [06/Oct/2025:06:20:36 +0200] "GET /products HTTP/1.1" 500 1265 "https://www.google.com/search?q=nginx" "Go-http-client/1.1"
37.59.123.45 - - [04/Oct/2025:07:09:36 +0200] "GET /dashboard HTTP/1.1" 502 1102 "https://twitter.com/" "Mozilla/5.0 (Windows NT 10.0; Win64; x64) AppleWebKit/537.36 Chrome/91.0.4472.124"
127.0.0.1 - - [05/Oct/2025:19:24:36 +0200] "GET /search HTTP/1.1" 502 5514 "-" "Go-http-client/1.1"
37.59.123.45 - - [03/Oct/2025:20:25:36 +0200] "GET /blog/post-1 HTTP/1.1" 404 1881 "https://twitter.com/" "Mozilla/5.0 (Macintosh; Intel Mac OS X 10_15_7) AppleWebKit/537.36 Safari/605.1.15"
151.80.31.45 - - [06/Oct/2025:10:09:36 +0200] "PUT /pricing HTTP/1.1" 500 811 "https://stackoverflow.com/" "Mozilla/5.0 (iPhone; CPU iPhone OS 14_6 like Mac OS X) Safari/604.1"
151.80.31.45 - - [09/Oct/2025:17:12:36 +0200] "GET /api/v1/data HTTP/1.1" 500 5978 "-" "python-requests/2.25.1"
203.0.113.5 - - [05/Oct/2025:01:53:36 +0200] "PUT /logout HTTP/1.1" 304 7650 "-" "Mozilla/5.0 (iPhone; CPU iPhone OS 14_6 like Mac OS X) Safari/604.1"
92.118.160.1 - - [03/Oct/2025:05:22:36 +0200] "DELETE /about.html HTTP/1.1" 200 9701 "https://www.google.com/search?q=nginx" "curl/7.68.0"
172.16.0.5 - - [08/Oct/2025:00:03:36 +0200] "GET /docs HTTP/1.1" 503 4547 "https://www.reddit.com/r/programming" "Mozilla/5.0 (X11; Linux x86_64) AppleWebKit/537.36 Chrome/91.0"
8.8.8.8 - - [03/Oct/2025:02:59:36 +0200] "GET /cart HTTP/1.1" 503 5356 "-" "curl/7.68.0"
200.56.23.188 - - [06/Oct/2025:01:43:36 +0200] "GET /search HTTP/1.1" 503 6602 "https://stackoverflow.com/" "python-requests/2.25.1"
78.46.89.147 - - [06/Oct/2025:22:07:36 +0200] "GET /checkout HTTP/1.1" 200 4009 "https://www.google.com/search?q=nginx" "Go-http-client/1.1"
172.16.0.5 - - [03/Oct/2025:11:19:36 +0200] "GET /api/v1/status HTTP/1.1" 200 4538 "https://twitter.com/" "Mozilla/5.0 (iPhone; CPU iPhone OS 14_6 like Mac OS X) Safari/604.1"
180.149.125.89 - - [05/Oct/2025:18:31:36 +0200] "GET /about.html HTTP/1.1" 502 3854 "-" "Mozilla/5.0 (iPhone; CPU iPhone OS 14_6 like Mac OS X) Safari/604.1"
185.125.190.39 - - [06/Oct/2025:06:25:36 +0200] "GET /search HTTP/1.1" 404 9464 "https://github.com/" "Mozilla/5.0 (Windows NT 10.0; Win64; x64) AppleWebKit/537.36 Chrome/91.0.4472.124"
185.70.41.130 - - [03/Oct/2025:09:32:36 +0200] "DELETE /download HTTP/1.1" 503 2811 "https://stackoverflow.com/" "Mozilla/5.0 (iPhone; CPU iPhone OS 14_6 like Mac OS X) Safari/604.1"
37.59.123.45 - - [06/Oct/2025:11:56:36 +0200] "PUT /download HTTP/1.1" 304 5512 "https://stackoverflow.com/" "Go-http-client/1.1"
151.80.31.45 - - [08/Oct/2025:01:59:36 +0200] "GET /index.html HTTP/1.1" 200 452 "https://www.reddit.com/r/programming" "Mozilla/5.0 (X11; Linux x86_64; rv:89.0) Gecko/20100101 Firefox/89.0"
62.210.152.99 - - [03/Oct/2025:06:45:36 +0200] "POST /cart HTTP/1.1" 200 2394 "https://twitter.com/" "Mozilla/5.0 (Macintosh; Intel Mac OS X 10_15_7) AppleWebKit/537.36 Safari/605.1.15"
151.80.31.45 - - [07/Oct/2025:23:19:36 +0200] "GET /download HTTP/1.1" 304 4534 "https://www.google.com/search?q=nginx" "Mozilla/5.0 (Windows NT 10.0; Win64; x64) AppleWebKit/537.36 Chrome/91.0.4472.124"
185.70.41.130 - - [03/Oct/2025:18:42:36 +0200] "GET /profile HTTP/1.1" 200 2074 "-" "Mozilla/5.0 (iPhone; CPU iPhone OS 14_6 like Mac OS X) Safari/604.1"
62.210.152.99 - - [05/Oct/2025:12:53:36 +0200] "POST /blog/post-1 HTTP/1.1" 404 3889 "https://news.ycombinator.com/" "curl/7.68.0"
172.16.0.5 - - [07/Oct/2025:16:04:36 +0200] "GET /blog/post-1 HTTP/1.1" 500 7023 "-" "Mozilla/5.0 (Macintosh; Intel Mac OS X 10_15_7) AppleWebKit/537.36 Safari/605.1.15"
92.118.160.1 - - [03/Oct/2025:11:39:36 +0200] "GET /logout HTTP/1.1" 200 1447 "https://github.com/" "Mozilla/5.0 (Windows NT 10.0; Win64; x64) AppleWebKit/537.36 Chrome/91.0.4472.124"
8.8.8.8 - - [08/Oct/2025:17:02:36 +0200] "DELETE /logout HTTP/1.1" 200 6762 "https://stackoverflow.com/" "python-requests/2.25.1"
185.199.108.153 - - [06/Oct/2025:21:07:36 +0200] "DELETE /api/v1/users HTTP/1.1" 200 911 "-" "Mozilla/5.0 (Macintosh; Intel Mac OS X 10_15_7) AppleWebKit/537.36 Safari/605.1.15"
203.0.113.5 - - [03/Oct/2025:23:48:36 +0200] "PUT /checkout HTTP/1.1" 404 346 "-" "curl/7.68.0"
151.80.31.45 - - [07/Oct/2025:14:11:36 +0200] "GET /logout HTTP/1.1" 200 7228 "https://www.reddit.com/r/programming" "Mozilla/5.0 (X11; Linux x86_64) AppleWebKit/537.36 Chrome/91.0"
127.0.0.1 - - [06/Oct/2025:22:57:36 +0200] "GET /api/v2/orders HTTP/1.1" 503 3166 "https://www.reddit.com/r/programming" "curl/7.68.0"
62.210.152.99 - - [05/Oct/2025:16:20:36 +0200] "GET /api/v1/status HTTP/1.1" 404 4119 "-" "Go-http-client/1.1"
203.0.113.5 - - [05/Oct/2025:01:27:36 +0200] "GET /pricing HTTP/1.1" 404 3148 "https://news.ycombinator.com/" "Mozilla/5.0 (X11; Linux x86_64; rv:89.0) Gecko/20100101 Firefox/89.0"
62.210.152.99 - - [03/Oct/2025:04:12:36 +0200] "GET / HTTP/1.1" 200 6269 "-" "Go-http-client/1.1"
8.8.8.8 - - [07/Oct/2025:16:07:36 +0200] "DELETE /api/v1/status HTTP/1.1" 304 9729 "https://twitter.com/" "Mozilla/5.0 (Macintosh; Intel Mac OS X 10_15_7) AppleWebKit/537.36 Safari/605.1.15"
78.46.89.147 - - [04/Oct/2025:17:55:36 +0200] "DELETE /about.html HTTP/1.1" 404 7686 "-" "Mozilla/5.0 (Macintosh; Intel Mac OS X 10_15_7) AppleWebKit/537.36 Safari/605.1.15"
198.51.100.23 - - [08/Oct/2025:22:45:36 +0200] "GET /api/v1/users HTTP/1.1" 200 5793 "-" "Mozilla/5.0 (Macintosh; Intel Mac OS X 10_15_7) AppleWebKit/537.36 Safari/605.1.15"
41.190.3.50 - - [08/Oct/2025:22:10:36 +0200] "GET /contact.html HTTP/1.1" 502 8755 "https://www.google.com/search?q=nginx" "curl/7.68.0"
8.8.8.8 - - [03/Oct/2025:20:31:36 +0200] "GET /pricing HTTP/1.1" 200 3881 "-" "Mozilla/5.0 (iPhone; CPU iPhone OS 14_6 like Mac OS X) Safari/604.1"
223.165.16.232 - - [04/Oct/2025:07:27:36 +0200] "GET /cart HTTP/1.1" 200 9141 "https://www.google.com/search?q=nginx" "Go-http-client/1.1"
8.8.8.8 - - [06/Oct/2025:16:38:36 +0200] "PUT /blog/post-2 HTTP/1.1" 304 9791 "-" "Mozilla/5.0 (Windows NT 10.0; Win64; x64) AppleWebKit/537.36 Chrome/91.0.4472.124"
185.70.41.130 - - [03/Oct/2025:02:43:36 +0200] "GET /api/v1/data HTTP/1.1" 500 8115 "-" "Go-http-client/1.1"
203.0.113.5 - - [06/Oct/2025:17:33:36 +0200] "GET /admin HTTP/1.1" 502 5495 "https://twitter.com/" "Mozilla/5.0 (Windows NT 10.0; Win64; x64) AppleWebKit/537.36 Chrome/91.0.4472.124"
185.70.41.130 - - [04/Oct/2025:01:45:36 +0200] "DELETE /login HTTP/1.1" 500 10073 "https://github.com/" "curl/7.68.0"
37.59.123.45 - - [07/Oct/2025:14:21:36 +0200] "GET /api/v1/data HTTP/1.1" 200 2818 "-" "Mozilla/5.0 (Windows NT 10.0; Win64; x64) AppleWebKit/537.36 Chrome/91.0.4472.124"
185.199.108.153 - - [09/Oct/2025:03:43:36 +0200] "GET /api/v1/status HTTP/1.1" 200 5832 "https://github.com/" "Mozilla/5.0 (Windows NT 10.0; Win64; x64) AppleWebKit/537.36 Chrome/91.0.4472.124"
185.199.108.153 - - [09/Oct/2025:00:44:36 +0200] "GET /profile HTTP/1.1" 200 7334 "https://github.com/" "Mozilla/5.0 (Macintosh; Intel Mac OS X 10_15_7) AppleWebKit/537.36 Safari/605.1.15"
151.80.31.45 - - [03/Oct/2025:08:48:36 +0200] "GET /contact.html HTTP/1.1" 503 3319 "https://www.reddit.com/r/programming" "Mozilla/5.0 (X11; Linux x86_64) AppleWebKit/537.36 Chrome/91.0"
192.168.1.10 - - [04/Oct/2025:03:35:36 +0200] "GET /admin HTTP/1.1" 200 407 "https://github.com/" "Mozilla/5.0 (X11; Linux x86_64) AppleWebKit/537.36 Chrome/91.0"
172.16.0.5 - - [06/Oct/2025:23:25:36 +0200] "GET /logout HTTP/1.1" 200 2159 "https://www.reddit.com/r/programming" "Mozilla/5.0 (X11; Linux x86_64) AppleWebKit/537.36 Chrome/91.0"
202.177.215.73 - - [08/Oct/2025:22:17:36 +0200] "GET /settings HTTP/1.1" 200 6306 "https://github.com/" "Go-http-client/1.1"
198.51.100.23 - - [06/Oct/2025:07:19:36 +0200] "GET /search HTTP/1.1" 500 4272 "https://www.reddit.com/r/programming" "Mozilla/5.0 (iPhone; CPU iPhone OS 14_6 like Mac OS X) Safari/604.1"
185.199.108.153 - - [08/Oct/2025:06:01:36 +0200] "PUT /login HTTP/1.1" 304 8508 "https://news.ycombinator.com/" "curl/7.68.0"
41.190.3.50 - - [05/Oct/2025:03:41:36 +0200] "POST /blog/post-2 HTTP/1.1" 200 2087 "https://twitter.com/" "python-requests/2.25.1"
202.177.215.73 - - [04/Oct/2025:16:26:36 +0200] "PUT /index.html HTTP/1.1" 200 8786 "-" "Mozilla/5.0 (X11; Linux x86_64; rv:89.0) Gecko/20100101 Firefox/89.0"
202.177.215.73 - - [05/Oct/2025:14:50:36 +0200] "DELETE /products HTTP/1.1" 200 7326 "-" "Mozilla/5.0 (Macintosh; Intel Mac OS X 10_15_7) AppleWebKit/537.36 Safari/605.1.15"
185.70.41.130 - - [09/Oct/2025:05:53:36 +0200] "GET /api/v1/status HTTP/1.1" 502 9797 "https://news.ycombinator.com/" "Mozilla/5.0 (Macintosh; Intel Mac OS X 10_15_7) AppleWebKit/537.36 Safari/605.1.15"
127.0.0.1 - - [08/Oct/2025:11:46:36 +0200] "GET /settings HTTP/1.1" 200 8345 "https://www.google.com/search?q=nginx" "Go-http-client/1.1"
8.8.8.8 - - [03/Oct/2025:22:55:36 +0200] "PUT /blog/post-1 HTTP/1.1" 503 6033 "-" "Mozilla/5.0 (iPhone; CPU iPhone OS 14_6 like Mac OS X) Safari/604.1"
200.56.23.188 - - [09/Oct/2025:07:01:36 +0200] "GET /pricing HTTP/1.1" 503 5104 "https://news.ycombinator.com/" "python-requests/2.25.1"
185.70.41.130 - - [03/Oct/2025:12:48:36 +0200] "GET /api/v2/orders HTTP/1.1" 502 5542 "https://stackoverflow.com/" "Mozilla/5.0 (X11; Linux x86_64) AppleWebKit/537.36 Chrome/91.0"
172.16.0.5 - - [08/Oct/2025:05:12:36 +0200] "GET /contact.html HTTP/1.1" 200 3650 "-" "Go-http-client/1.1"
223.165.16.232 - - [06/Oct/2025:22:18:36 +0200] "PUT /blog/post-1 HTTP/1.1" 200 9800 "https://twitter.com/" "Go-http-client/1.1"
62.210.152.99 - - [08/Oct/2025:14:22:36 +0200] "GET /register HTTP/1.1" 502 1254 "-" "Mozilla/5.0 (Macintosh; Intel Mac OS X 10_15_7) AppleWebKit/537.36 Safari/605.1.15"
37.59.123.45 - - [04/Oct/2025:03:39:36 +0200] "DELETE /about.html HTTP/1.1" 200 5626 "https://www.reddit.com/r/programming" "Mozilla/5.0 (iPhone; CPU iPhone OS 14_6 like Mac OS X) Safari/604.1"
185.125.190.39 - - [05/Oct/2025:23:49:36 +0200] "GET /blog/post-1 HTTP/1.1" 200 4148 "https://stackoverflow.com/" "Mozilla/5.0 (Macintosh; Intel Mac OS X 10_15_7) AppleWebKit/537.36 Safari/605.1.15"
198.51.100.23 - - [06/Oct/2025:19:29:36 +0200] "PUT / HTTP/1.1" 500 3623 "https://stackoverflow.com/" "Mozilla/5.0 (X11; Linux x86_64) AppleWebKit/537.36 Chrome/91.0"
8.8.8.8 - - [02/Oct/2025:23:23:36 +0200] "GET /dashboard HTTP/1.1" 304 1215 "-" "Mozilla/5.0 (X11; Linux x86_64) AppleWebKit/537.36 Chrome/91.0"
172.16.0.5 - - [05/Oct/2025:17:26:36 +0200] "GET /cart HTTP/1.1" 200 9938 "https://stackoverflow.com/" "Mozilla/5.0 (X11; Linux x86_64) AppleWebKit/537.36 Chrome/91.0"
62.210.152.99 - - [08/Oct/2025:01:02:36 +0200] "GET /index.html HTTP/1.1" 500 3407 "-" "Mozilla/5.0 (X11; Linux x86_64; rv:89.0) Gecko/20100101 Firefox/89.0"
92.118.160.1 - - [05/Oct/2025:01:09:36 +0200] "POST /index.html HTTP/1.1" 200 8895 "https://twitter.com/" "Go-http-client/1.1"
8.8.8.8 - - [09/Oct/2025:11:01:36 +0200] "GET /blog/post-2 HTTP/1.1" 200 1956 "-" "Mozilla/5.0 (Macintosh; Intel Mac OS X 10_15_7) AppleWebKit/537.36 Safari/605.1.15"
8.8.8.8 - - [06/Oct/2025:00:36:36 +0200] "GET /login HTTP/1.1" 200 8871 "https://www.reddit.com/r/programming" "Mozilla/5.0 (iPhone; CPU iPhone OS 14_6 like Mac OS X) Safari/604.1"
8.8.8.8 - - [06/Oct/2025:07:15:36 +0200] "GET /dashboard HTTP/1.1" 404 3931 "https://www.reddit.com/r/programming" "Mozilla/5.0 (Windows NT 10.0; Win64; x64) AppleWebKit/537.36 Chrome/91.0.4472.124"
127.0.0.1 - - [04/Oct/2025:14:51:36 +0200] "POST /api/v1/data HTTP/1.1" 503 9152 "-" "Mozilla/5.0 (Windows NT 10.0; Win64; x64) AppleWebKit/537.36 Chrome/91.0.4472.124"
185.70.41.130 - - [07/Oct/2025:01:21:36 +0200] "GET /about.html HTTP/1.1" 200 4571 "https://news.ycombinator.com/" "curl/7.68.0"
203.0.113.5 - - [07/Oct/2025:23:29:36 +0200] "GET /logout HTTP/1.1" 500 3212 "-" "Go-http-client/1.1"
127.0.0.1 - - [07/Oct/2025:01:26:36 +0200] "PUT /blog/post-1 HTTP/1.1" 200 7092 "https://www.google.com/search?q=nginx" "python-requests/2.25.1"
8.8.8.8 - - [02/Oct/2025:22:35:36 +0200] "GET /admin HTTP/1.1" 200 495 "https://stackoverflow.com/" "Go-http-client/1.1"
180.149.125.89 - - [03/Oct/2025:20:49:36 +0200] "GET /about.html HTTP/1.1" 200 392 "https://stackoverflow.com/" "Mozilla/5.0 (iPhone; CPU iPhone OS 14_6 like Mac OS X) Safari/604.1"
8.8.8.8 - - [05/Oct/2025:10:06:36 +0200] "DELETE /download HTTP/1.1" 503 6445 "https://www.google.com/search?q=nginx" "Mozilla/5.0 (Macintosh; Intel Mac OS X 10_15_7) AppleWebKit/537.36 Safari/605.1.15"
78.46.89.147 - - [09/Oct/2025:03:43:36 +0200] "GET /pricing HTTP/1.1" 200 207 "-" "Mozilla/5.0 (iPhone; CPU iPhone OS 14_6 like Mac OS X) Safari/604.1"
185.70.41.130 - - [08/Oct/2025:08:33:36 +0200] "GET /blog/post-1 HTTP/1.1" 304 2578 "-" "Mozilla/5.0 (X11; Linux x86_64; rv:89.0) Gecko/20100101 Firefox/89.0"
127.0.0.1 - - [03/Oct/2025:03:54:36 +0200] "GET /settings HTTP/1.1" 200 8681 "https://stackoverflow.com/" "Mozilla/5.0 (Macintosh; Intel Mac OS X 10_15_7) AppleWebKit/537.36 Safari/605.1.15"
200.56.23.188 - - [08/Oct/2025:18:16:36 +0200] "PUT /about.html HTTP/1.1" 502 10033 "-" "Mozilla/5.0 (X11; Linux x86_64; rv:89.0) Gecko/20100101 Firefox/89.0"
198.51.100.23 - - [08/Oct/2025:17:55:36 +0200] "PUT /api/v1/data HTTP/1.1" 200 6640 "https://news.ycombinator.com/" "Mozilla/5.0 (iPhone; CPU iPhone OS 14_6 like Mac OS X) Safari/604.1"
78.46.89.147 - - [07/Oct/2025:22:06:36 +0200] "GET /pricing HTTP/1.1" 304 417 "-" "Mozilla/5.0 (Macintosh; Intel Mac OS X 10_15_7) AppleWebKit/537.36 Safari/605.1.15"
127.0.0.1 - - [03/Oct/2025:20:18:36 +0200] "GET /search HTTP/1.1" 502 856 "https://github.com/" "python-requests/2.25.1"
78.46.89.147 - - [07/Oct/2025:06:50:36 +0200] "POST /login HTTP/1.1" 200 2125 "https://twitter.com/" "Mozilla/5.0 (Windows NT 10.0; Win64; x64) AppleWebKit/537.36 Chrome/91.0.4472.124"
185.125.190.39 - - [06/Oct/2025:04:35:36 +0200] "PUT /register HTTP/1.1" 200 1542 "https://www.google.com/search?q=nginx" "Mozilla/5.0 (iPhone; CPU iPhone OS 14_6 like Mac OS X) Safari/604.1"
78.46.89.147 - - [02/Oct/2025:22:56:36 +0200] "DELETE / HTTP/1.1" 200 1532 "https://github.com/" "Mozilla/5.0 (X11; Linux x86_64; rv:89.0) Gecko/20100101 Firefox/89.0"
151.80.31.45 - - [07/Oct/2025:06:12:36 +0200] "GET /pricing HTTP/1.1" 304 123 "-" "Mozilla/5.0 (X11; Linux x86_64; rv:89.0) Gecko/20100101 Firefox/89.0"
200.56.23.188 - - [07/Oct/2025:13:20:36 +0200] "PUT /blog/post-1 HTTP/1.1" 200 8126 "-" "Mozilla/5.0 (Macintosh; Intel Mac OS X 10_15_7) AppleWebKit/537.36 Safari/605.1.15"
185.199.108.153 - - [05/Oct/2025:02:47:36 +0200] "PUT /search HTTP/1.1" 404 8531 "https://stackoverflow.com/" "Go-http-client/1.1"
62.210.152.99 - - [03/Oct/2025:06:23:36 +0200] "DELETE /checkout HTTP/1.1" 200 4373 "https://news.ycombinator.com/" "Mozilla/5.0 (Macintosh; Intel Mac OS X 10_15_7) AppleWebKit/537.36 Safari/605.1.15"
37.59.123.45 - - [03/Oct/2025:23:29:36 +0200] "DELETE /register HTTP/1.1" 304 2622 "https://www.google.com/search?q=nginx" "Mozilla/5.0 (iPhone; CPU iPhone OS 14_6 like Mac OS X) Safari/604.1"
180.149.125.89 - - [04/Oct/2025:03:27:36 +0200] "GET /blog/post-1 HTTP/1.1" 200 5422 "https://twitter.com/" "Mozilla/5.0 (iPhone; CPU iPhone OS 14_6 like Mac OS X) Safari/604.1"
8.8.8.8 - - [05/Oct/2025:17:16:36 +0200] "GET /blog/post-2 HTTP/1.1" 503 3311 "https://stackoverflow.com/" "curl/7.68.0"
172.16.0.5 - - [05/Oct/2025:02:02:36 +0200] "POST /login HTTP/1.1" 200 8324 "https://stackoverflow.com/" "curl/7.68.0"
37.59.123.45 - - [08/Oct/2025:22:20:36 +0200] "POST /contact.html HTTP/1.1" 200 2697 "https://stackoverflow.com/" "python-requests/2.25.1"
10.0.0.45 - - [07/Oct/2025:19:41:36 +0200] "GET /register HTTP/1.1" 404 8316 "https://www.reddit.com/r/programming" "Mozilla/5.0 (X11; Linux x86_64; rv:89.0) Gecko/20100101 Firefox/89.0"
185.70.41.130 - - [09/Oct/2025:17:45:36 +0200] "DELETE /download HTTP/1.1" 502 8124 "https://www.google.com/search?q=nginx" "curl/7.68.0"
172.16.0.5 - - [09/Oct/2025:15:44:36 +0200] "GET /products HTTP/1.1" 200 2311 "https://www.google.com/search?q=nginx" "Mozilla/5.0 (X11; Linux x86_64) AppleWebKit/537.36 Chrome/91.0"
192.168.1.10 - - [06/Oct/2025:19:16:36 +0200] "GET / HTTP/1.1" 500 2494 "https://stackoverflow.com/" "Mozilla/5.0 (X11; Linux x86_64; rv:89.0) Gecko/20100101 Firefox/89.0"
62.210.152.99 - - [04/Oct/2025:14:36:36 +0200] "GET /api/v1/data HTTP/1.1" 500 5420 "https://www.google.com/search?q=nginx" "curl/7.68.0"
198.51.100.23 - - [05/Oct/2025:15:01:36 +0200] "GET /api/v1/users HTTP/1.1" 500 826 "-" "Mozilla/5.0 (Windows NT 10.0; Win64; x64) AppleWebKit/537.36 Chrome/91.0.4472.124"
172.16.0.5 - - [05/Oct/2025:08:10:36 +0200] "GET /products HTTP/1.1" 502 8987 "-" "curl/7.68.0"
185.125.190.39 - - [06/Oct/2025:02:17:36 +0200] "GET /search HTTP/1.1" 200 8060 "https://www.google.com/search?q=nginx" "curl/7.68.0"
127.0.0.1 - - [03/Oct/2025:06:41:36 +0200] "GET /contact.html HTTP/1.1" 200 6507 "https://github.com/" "Mozilla/5.0 (iPhone; CPU iPhone OS 14_6 like Mac OS X) Safari/604.1"
200.56.23.188 - - [03/Oct/2025:06:05:36 +0200] "GET / HTTP/1.1" 200 4684 "https://www.google.com/search?q=nginx" "Mozilla/5.0 (X11; Linux x86_64; rv:89.0) Gecko/20100101 Firefox/89.0"
202.177.215.73 - - [08/Oct/2025:07:50:36 +0200] "POST /checkout HTTP/1.1" 404 9757 "https://github.com/" "python-requests/2.25.1"
180.149.125.89 - - [09/Oct/2025:06:29:36 +0200] "POST /api/v1/data HTTP/1.1" 502 4987 "-" "Mozilla/5.0 (iPhone; CPU iPhone OS 14_6 like Mac OS X) Safari/604.1"
192.168.1.10 - - [03/Oct/2025:22:44:36 +0200] "GET /cart HTTP/1.1" 200 456 "https://www.google.com/search?q=nginx" "Mozilla/5.0 (X11; Linux x86_64; rv:89.0) Gecko/20100101 Firefox/89.0"
127.0.0.1 - - [07/Oct/2025:12:41:36 +0200] "GET /api/v1/data HTTP/1.1" 200 3819 "-" "Mozilla/5.0 (Macintosh; Intel Mac OS X 10_15_7) AppleWebKit/537.36 Safari/605.1.15"
172.16.0.5 - - [03/Oct/2025:06:43:36 +0200] "PUT /dashboard HTTP/1.1" 304 1552 "https://news.ycombinator.com/" "python-requests/2.25.1"
10.0.0.45 - - [05/Oct/2025:15:39:36 +0200] "POST / HTTP/1.1" 200 5403 "https://news.ycombinator.com/" "Mozilla/5.0 (X11; Linux x86_64) AppleWebKit/537.36 Chrome/91.0"
127.0.0.1 - - [09/Oct/2025:04:35:36 +0200] "GET /api/v1/data HTTP/1.1" 304 6752 "-" "Mozilla/5.0 (Macintosh; Intel Mac OS X 10_15_7) AppleWebKit/537.36 Safari/605.1.15"
10.0.0.45 - - [07/Oct/2025:14:01:36 +0200] "DELETE /contact.html HTTP/1.1" 200 5502 "https://www.google.com/search?q=nginx" "python-requests/2.25.1"
172.16.0.5 - - [08/Oct/2025:14:48:36 +0200] "GET /api/v1/users HTTP/1.1" 200 1757 "https://www.google.com/search?q=nginx" "Mozilla/5.0 (Macintosh; Intel Mac OS X 10_15_7) AppleWebKit/537.36 Safari/605.1.15"
185.125.190.39 - - [07/Oct/2025:08:09:36 +0200] "PUT /api/v1/data HTTP/1.1" 304 1259 "https://www.google.com/search?q=nginx" "Mozilla/5.0 (Macintosh; Intel Mac OS X 10_15_7) AppleWebKit/537.36 Safari/605.1.15"
185.125.190.39 - - [07/Oct/2025:05:02:36 +0200] "GET /dashboard HTTP/1.1" 200 9138 "-" "curl/7.68.0"
200.56.23.188 - - [07/Oct/2025:15:50:36 +0200] "DELETE /pricing HTTP/1.1" 503 7335 "https://www.reddit.com/r/programming" "Mozilla/5.0 (Macintosh; Intel Mac OS X 10_15_7) AppleWebKit/537.36 Safari/605.1.15"
192.168.1.10 - - [06/Oct/2025:22:52:36 +0200] "DELETE /dashboard HTTP/1.1" 503 6604 "https://stackoverflow.com/" "Mozilla/5.0 (X11; Linux x86_64; rv:89.0) Gecko/20100101 Firefox/89.0"
200.56.23.188 - - [08/Oct/2025:23:02:36 +0200] "PUT /about.html HTTP/1.1" 502 9611 "https://twitter.com/" "python-requests/2.25.1"
127.0.0.1 - - [07/Oct/2025:15:19:36 +0200] "GET /docs HTTP/1.1" 502 5603 "-" "curl/7.68.0"
192.168.1.10 - - [05/Oct/2025:22:45:36 +0200] "GET /download HTTP/1.1" 304 277 "https://twitter.com/" "Mozilla/5.0 (Windows NT 10.0; Win64; x64) AppleWebKit/537.36 Chrome/91.0.4472.124"
151.80.31.45 - - [09/Oct/2025:04:04:36 +0200] "GET /api/v1/users HTTP/1.1" 200 602 "https://news.ycombinator.com/" "Mozilla/5.0 (Windows NT 10.0; Win64; x64) AppleWebKit/537.36 Chrome/91.0.4472.124"
202.177.215.73 - - [07/Oct/2025:09:36:36 +0200] "GET /checkout HTTP/1.1" 200 5295 "https://www.reddit.com/r/programming" "Mozilla/5.0 (X11; Linux x86_64; rv:89.0) Gecko/20100101 Firefox/89.0"
203.0.113.5 - - [09/Oct/2025:11:36:36 +0200] "GET /about.html HTTP/1.1" 200 7467 "-" "Mozilla/5.0 (X11; Linux x86_64) AppleWebKit/537.36 Chrome/91.0"
185.199.108.153 - - [05/Oct/2025:14:16:36 +0200] "GET /about.html HTTP/1.1" 304 9213 "-" "Go-http-client/1.1"
200.56.23.188 - - [07/Oct/2025:13:09:36 +0200] "DELETE / HTTP/1.1" 500 1461 "https://twitter.com/" "Mozilla/5.0 (Macintosh; Intel Mac OS X 10_15_7) AppleWebKit/537.36 Safari/605.1.15"
10.0.0.45 - - [08/Oct/2025:08:24:36 +0200] "GET /admin HTTP/1.1" 500 7436 "https://twitter.com/" "Mozilla/5.0 (X11; Linux x86_64) AppleWebKit/537.36 Chrome/91.0"
8.8.8.8 - - [04/Oct/2025:13:10:36 +0200] "POST /register HTTP/1.1" 304 5977 "-" "Mozilla/5.0 (X11; Linux x86_64) AppleWebKit/537.36 Chrome/91.0"
185.125.190.39 - - [03/Oct/2025:08:02:36 +0200] "GET /checkout HTTP/1.1" 200 3006 "https://www.reddit.com/r/programming" "Mozilla/5.0 (X11; Linux x86_64) AppleWebKit/537.36 Chrome/91.0"
223.165.16.232 - - [09/Oct/2025:04:05:36 +0200] "POST /download HTTP/1.1" 503 2745 "https://news.ycombinator.com/" "Go-http-client/1.1"
180.149.125.89 - - [09/Oct/2025:10:08:36 +0200] "GET /settings HTTP/1.1" 200 1201 "https://news.ycombinator.com/" "Mozilla/5.0 (Windows NT 10.0; Win64; x64) AppleWebKit/537.36 Chrome/91.0.4472.124"
185.125.190.39 - - [07/Oct/2025:17:26:36 +0200] "GET / HTTP/1.1" 200 9458 "https://github.com/" "curl/7.68.0"
180.149.125.89 - - [05/Oct/2025:23:14:36 +0200] "POST /blog/post-2 HTTP/1.1" 200 8523 "https://news.ycombinator.com/" "Mozilla/5.0 (iPhone; CPU iPhone OS 14_6 like Mac OS X) Safari/604.1"
202.177.215.73 - - [07/Oct/2025:04:15:36 +0200] "GET /contact.html HTTP/1.1" 200 3994 "-" "Mozilla/5.0 (X11; Linux x86_64) AppleWebKit/537.36 Chrome/91.0"
185.199.108.153 - - [05/Oct/2025:06:49:36 +0200] "GET /contact.html HTTP/1.1" 404 6555 "https://stackoverflow.com/" "curl/7.68.0"
200.56.23.188 - - [04/Oct/2025:10:53:36 +0200] "POST /dashboard HTTP/1.1" 200 3222 "https://news.ycombinator.com/" "Mozilla/5.0 (X11; Linux x86_64) AppleWebKit/537.36 Chrome/91.0"
203.0.113.5 - - [07/Oct/2025:02:54:36 +0200] "GET /login HTTP/1.1" 200 2717 "-" "python-requests/2.25.1"
185.199.108.153 - - [05/Oct/2025:00:19:36 +0200] "GET /blog/post-2 HTTP/1.1" 200 7587 "https://twitter.com/" "curl/7.68.0"
92.118.160.1 - - [03/Oct/2025:03:45:36 +0200] "GET /pricing HTTP/1.1" 404 214 "-" "Mozilla/5.0 (Windows NT 10.0; Win64; x64) AppleWebKit/537.36 Chrome/91.0.4472.124"
10.0.0.45 - - [03/Oct/2025:23:29:36 +0200] "POST /about.html HTTP/1.1" 200 1897 "https://news.ycombinator.com/" "Mozilla/5.0 (Windows NT 10.0; Win64; x64) AppleWebKit/537.36 Chrome/91.0.4472.124"
10.0.0.45 - - [09/Oct/2025:20:13:36 +0200] "GET /pricing HTTP/1.1" 200 2334 "-" "curl/7.68.0"
200.56.23.188 - - [05/Oct/2025:21:32:36 +0200] "GET /login HTTP/1.1" 200 1903 "https://news.ycombinator.com/" "Go-http-client/1.1"
41.190.3.50 - - [04/Oct/2025:11:55:36 +0200] "POST /blog/post-2 HTTP/1.1" 200 6947 "-" "Mozilla/5.0 (Windows NT 10.0; Win64; x64) AppleWebKit/537.36 Chrome/91.0.4472.124"
185.199.108.153 - - [05/Oct/2025:20:40:36 +0200] "GET /api/v2/orders HTTP/1.1" 500 9438 "-" "Mozilla/5.0 (Macintosh; Intel Mac OS X 10_15_7) AppleWebKit/537.36 Safari/605.1.15"
127.0.0.1 - - [04/Oct/2025:12:40:36 +0200] "GET /settings HTTP/1.1" 500 791 "-" "Mozilla/5.0 (Windows NT 10.0; Win64; x64) AppleWebKit/537.36 Chrome/91.0.4472.124"
172.16.0.5 - - [06/Oct/2025:05:51:36 +0200] "PUT /api/v2/orders HTTP/1.1" 404 4467 "https://www.google.com/search?q=nginx" "python-requests/2.25.1"
92.118.160.1 - - [08/Oct/2025:21:35:36 +0200] "DELETE /profile HTTP/1.1" 502 6830 "https://www.google.com/search?q=nginx" "Mozilla/5.0 (X11; Linux x86_64; rv:89.0) Gecko/20100101 Firefox/89.0"
127.0.0.1 - - [06/Oct/2025:02:07:36 +0200] "GET /search HTTP/1.1" 200 2837 "-" "Mozilla/5.0 (X11; Linux x86_64; rv:89.0) Gecko/20100101 Firefox/89.0"
200.56.23.188 - - [03/Oct/2025:12:09:36 +0200] "DELETE / HTTP/1.1" 500 383 "-" "Go-http-client/1.1"
198.51.100.23 - - [08/Oct/2025:06:03:36 +0200] "GET /logout HTTP/1.1" 500 1061 "https://www.reddit.com/r/programming" "Mozilla/5.0 (Windows NT 10.0; Win64; x64) AppleWebKit/537.36 Chrome/91.0.4472.124"
41.190.3.50 - - [05/Oct/2025:15:12:36 +0200] "GET /cart HTTP/1.1" 200 3869 "https://stackoverflow.com/" "Mozilla/5.0 (Macintosh; Intel Mac OS X 10_15_7) AppleWebKit/537.36 Safari/605.1.15"
185.199.108.153 - - [05/Oct/2025:13:25:36 +0200] "GET /api/v1/users HTTP/1.1" 404 5491 "https://github.com/" "Mozilla/5.0 (Macintosh; Intel Mac OS X 10_15_7) AppleWebKit/537.36 Safari/605.1.15"
172.16.0.5 - - [04/Oct/2025:01:37:36 +0200] "POST /profile HTTP/1.1" 404 844 "https://news.ycombinator.com/" "Mozilla/5.0 (Windows NT 10.0; Win64; x64) AppleWebKit/537.36 Chrome/91.0.4472.124"
185.199.108.153 - - [04/Oct/2025:12:07:36 +0200] "PUT /login HTTP/1.1" 404 1473 "https://www.reddit.com/r/programming" "Go-http-client/1.1"
37.59.123.45 - - [06/Oct/2025:10:47:36 +0200] "GET /login HTTP/1.1" 502 5661 "https://github.com/" "Mozilla/5.0 (X11; Linux x86_64; rv:89.0) Gecko/20100101 Firefox/89.0"
200.56.23.188 - - [09/Oct/2025:09:39:36 +0200] "GET /login HTTP/1.1" 500 7155 "-" "Go-http-client/1.1"
223.165.16.232 - - [05/Oct/2025:08:42:36 +0200] "GET /about.html HTTP/1.1" 200 2788 "https://www.google.com/search?q=nginx" "Mozilla/5.0 (iPhone; CPU iPhone OS 14_6 like Mac OS X) Safari/604.1"
62.210.152.99 - - [03/Oct/2025:10:10:36 +0200] "GET /blog/post-2 HTTP/1.1" 200 356 "https://www.google.com/search?q=nginx" "Mozilla/5.0 (X11; Linux x86_64; rv:89.0) Gecko/20100101 Firefox/89.0"
78.46.89.147 - - [03/Oct/2025:20:43:36 +0200] "GET /profile HTTP/1.1" 404 3223 "-" "Mozilla/5.0 (X11; Linux x86_64; rv:89.0) Gecko/20100101 Firefox/89.0"
37.59.123.45 - - [07/Oct/2025:09:13:36 +0200] "GET /admin HTTP/1.1" 304 2179 "https://twitter.com/" "curl/7.68.0"
37.59.123.45 - - [07/Oct/2025:17:52:36 +0200] "DELETE /download HTTP/1.1" 500 3021 "https://news.ycombinator.com/" "Mozilla/5.0 (X11; Linux x86_64) AppleWebKit/537.36 Chrome/91.0"
185.70.41.130 - - [03/Oct/2025:14:51:36 +0200] "DELETE /blog/post-2 HTTP/1.1" 200 5381 "https://github.com/" "Mozilla/5.0 (iPhone; CPU iPhone OS 14_6 like Mac OS X) Safari/604.1"
180.149.125.89 - - [09/Oct/2025:13:17:36 +0200] "GET /products HTTP/1.1" 200 6265 "-" "Mozilla/5.0 (Windows NT 10.0; Win64; x64) AppleWebKit/537.36 Chrome/91.0.4472.124"
41.190.3.50 - - [07/Oct/2025:11:08:36 +0200] "GET /profile HTTP/1.1" 503 8477 "https://github.com/" "Mozilla/5.0 (X11; Linux x86_64; rv:89.0) Gecko/20100101 Firefox/89.0"
151.80.31.45 - - [09/Oct/2025:09:34:36 +0200] "POST /api/v1/status HTTP/1.1" 200 7313 "https://www.google.com/search?q=nginx" "Mozilla/5.0 (X11; Linux x86_64) AppleWebKit/537.36 Chrome/91.0"
151.80.31.45 - - [04/Oct/2025:04:35:36 +0200] "POST /blog/post-1 HTTP/1.1" 200 5062 "-" "python-requests/2.25.1"
185.125.190.39 - - [09/Oct/2025:14:55:36 +0200] "POST /api/v1/status HTTP/1.1" 500 3807 "-" "Mozilla/5.0 (X11; Linux x86_64) AppleWebKit/537.36 Chrome/91.0"
8.8.8.8 - - [03/Oct/2025:10:57:36 +0200] "GET /login HTTP/1.1" 500 7941 "-" "Go-http-client/1.1"
78.46.89.147 - - [05/Oct/2025:08:17:36 +0200] "DELETE /cart HTTP/1.1" 502 7825 "https://www.reddit.com/r/programming" "Go-http-client/1.1"
172.16.0.5 - - [07/Oct/2025:11:53:36 +0200] "PUT /contact.html HTTP/1.1" 200 8000 "https://twitter.com/" "Mozilla/5.0 (X11; Linux x86_64; rv:89.0) Gecko/20100101 Firefox/89.0"
151.80.31.45 - - [05/Oct/2025:19:37:36 +0200] "POST /docs HTTP/1.1" 404 3144 "https://www.google.com/search?q=nginx" "Go-http-client/1.1"
172.16.0.5 - - [07/Oct/2025:10:42:36 +0200] "PUT /settings HTTP/1.1" 500 4818 "-" "Mozilla/5.0 (Macintosh; Intel Mac OS X 10_15_7) AppleWebKit/537.36 Safari/605.1.15"
8.8.8.8 - - [09/Oct/2025:20:15:36 +0200] "POST /checkout HTTP/1.1" 503 6883 "https://github.com/" "curl/7.68.0"
92.118.160.1 - - [04/Oct/2025:11:52:36 +0200] "DELETE /login HTTP/1.1" 502 8936 "https://news.ycombinator.com/" "curl/7.68.0"
223.165.16.232 - - [09/Oct/2025:18:34:36 +0200] "GET /docs HTTP/1.1" 500 4799 "https://stackoverflow.com/" "Mozilla/5.0 (Macintosh; Intel Mac OS X 10_15_7) AppleWebKit/537.36 Safari/605.1.15"
92.118.160.1 - - [04/Oct/2025:16:48:36 +0200] "DELETE /dashboard HTTP/1.1" 502 7586 "https://www.google.com/search?q=nginx" "Mozilla/5.0 (Macintosh; Intel Mac OS X 10_15_7) AppleWebKit/537.36 Safari/605.1.15"
151.80.31.45 - - [04/Oct/2025:02:29:36 +0200] "GET /pricing HTTP/1.1" 502 3563 "https://twitter.com/" "Mozilla/5.0 (Windows NT 10.0; Win64; x64) AppleWebKit/537.36 Chrome/91.0.4472.124"
198.51.100.23 - - [07/Oct/2025:00:51:36 +0200] "PUT /dashboard HTTP/1.1" 200 8087 "-" "Go-http-client/1.1"
185.199.108.153 - - [06/Oct/2025:23:14:36 +0200] "GET /checkout HTTP/1.1" 200 9516 "https://stackoverflow.com/" "Mozilla/5.0 (Macintosh; Intel Mac OS X 10_15_7) AppleWebKit/537.36 Safari/605.1.15"
41.190.3.50 - - [05/Oct/2025:13:23:36 +0200] "POST /search HTTP/1.1" 304 9647 "-" "python-requests/2.25.1"
192.168.1.10 - - [05/Oct/2025:16:27:36 +0200] "PUT /logout HTTP/1.1" 500 4721 "-" "Go-http-client/1.1"
180.149.125.89 - - [08/Oct/2025:22:44:36 +0200] "GET /api/v1/status HTTP/1.1" 503 2707 "https://news.ycombinator.com/" "curl/7.68.0"
200.56.23.188 - - [03/Oct/2025:08:03:36 +0200] "POST /cart HTTP/1.1" 200 8020 "-" "Go-http-client/1.1"
180.149.125.89 - - [08/Oct/2025:11:33:36 +0200] "GET /profile HTTP/1.1" 200 8104 "https://twitter.com/" "Mozilla/5.0 (iPhone; CPU iPhone OS 14_6 like Mac OS X) Safari/604.1"
200.56.23.188 - - [08/Oct/2025:05:01:36 +0200] "POST /profile HTTP/1.1" 500 5726 "https://www.google.com/search?q=nginx" "Mozilla/5.0 (Macintosh; Intel Mac OS X 10_15_7) AppleWebKit/537.36 Safari/605.1.15"
37.59.123.45 - - [09/Oct/2025:21:53:36 +0200] "PUT /profile HTTP/1.1" 200 5617 "https://www.reddit.com/r/programming" "python-requests/2.25.1"
62.210.152.99 - - [06/Oct/2025:03:32:36 +0200] "POST /api/v1/status HTTP/1.1" 404 3729 "https://www.google.com/search?q=nginx" "python-requests/2.25.1"
202.177.215.73 - - [07/Oct/2025:04:15:36 +0200] "GET /cart HTTP/1.1" 200 1278 "https://news.ycombinator.com/" "Mozilla/5.0 (Macintosh; Intel Mac OS X 10_15_7) AppleWebKit/537.36 Safari/605.1.15"
92.118.160.1 - - [05/Oct/2025:07:03:36 +0200] "PUT /api/v1/status HTTP/1.1" 200 5642 "https://stackoverflow.com/" "Mozilla/5.0 (Macintosh; Intel Mac OS X 10_15_7) AppleWebKit/537.36 Safari/605.1.15"
200.56.23.188 - - [08/Oct/2025:12:31:36 +0200] "GET /download HTTP/1.1" 200 1198 "https://news.ycombinator.com/" "Mozilla/5.0 (Windows NT 10.0; Win64; x64) AppleWebKit/537.36 Chrome/91.0.4472.124"
198.51.100.23 - - [07/Oct/2025:11:32:36 +0200] "POST /cart HTTP/1.1" 500 9016 "https://www.google.com/search?q=nginx" "Mozilla/5.0 (Windows NT 10.0; Win64; x64) AppleWebKit/537.36 Chrome/91.0.4472.124"
151.80.31.45 - - [08/Oct/2025:03:59:36 +0200] "POST /cart HTTP/1.1" 304 1231 "https://www.reddit.com/r/programming" "curl/7.68.0"
172.16.0.5 - - [09/Oct/2025:04:09:36 +0200] "PUT /index.html HTTP/1.1" 200 5256 "https://stackoverflow.com/" "Mozilla/5.0 (Windows NT 10.0; Win64; x64) AppleWebKit/537.36 Chrome/91.0.4472.124"
192.168.1.10 - - [07/Oct/2025:20:28:36 +0200] "GET /profile HTTP/1.1" 404 509 "-" "curl/7.68.0"
78.46.89.147 - - [03/Oct/2025:05:36:36 +0200] "PUT /dashboard HTTP/1.1" 404 3858 "-" "curl/7.68.0"
185.199.108.153 - - [09/Oct/2025:17:51:36 +0200] "GET /profile HTTP/1.1" 200 6562 "https://news.ycombinator.com/" "Mozilla/5.0 (Windows NT 10.0; Win64; x64) AppleWebKit/537.36 Chrome/91.0.4472.124"
151.80.31.45 - - [04/Oct/2025:17:50:36 +0200] "POST /api/v1/data HTTP/1.1" 503 6688 "https://github.com/" "python-requests/2.25.1"
203.0.113.5 - - [06/Oct/2025:07:34:36 +0200] "GET /checkout HTTP/1.1" 200 5286 "https://stackoverflow.com/" "python-requests/2.25.1"
198.51.100.23 - - [07/Oct/2025:21:34:36 +0200] "POST /api/v1/data HTTP/1.1" 304 7409 "https://twitter.com/" "Go-http-client/1.1"
37.59.123.45 - - [09/Oct/2025:20:00:36 +0200] "GET /pricing HTTP/1.1" 500 9533 "-" "Go-http-client/1.1"
200.56.23.188 - - [03/Oct/2025:11:48:36 +0200] "GET /contact.html HTTP/1.1" 500 2242 "https://www.reddit.com/r/programming" "python-requests/2.25.1"
202.177.215.73 - - [09/Oct/2025:10:11:36 +0200] "POST /download HTTP/1.1" 200 1758 "https://github.com/" "Mozilla/5.0 (X11; Linux x86_64) AppleWebKit/537.36 Chrome/91.0"
172.16.0.5 - - [06/Oct/2025:01:20:36 +0200] "POST /register HTTP/1.1" 200 4782 "-" "Go-http-client/1.1"
198.51.100.23 - - [03/Oct/2025:06:50:36 +0200] "DELETE /api/v1/users HTTP/1.1" 503 9042 "https://stackoverflow.com/" "Mozilla/5.0 (X11; Linux x86_64) AppleWebKit/537.36 Chrome/91.0"
192.168.1.10 - - [03/Oct/2025:19:02:36 +0200] "GET /api/v1/data HTTP/1.1" 503 9302 "https://stackoverflow.com/" "Go-http-client/1.1"
10.0.0.45 - - [07/Oct/2025:17:03:36 +0200] "DELETE /settings HTTP/1.1" 404 2181 "https://news.ycombinator.com/" "curl/7.68.0"
203.0.113.5 - - [04/Oct/2025:12:35:36 +0200] "DELETE /download HTTP/1.1" 502 5329 "-" "Go-http-client/1.1"
185.70.41.130 - - [08/Oct/2025:08:45:36 +0200] "DELETE /products HTTP/1.1" 304 8074 "https://stackoverflow.com/" "Mozilla/5.0 (iPhone; CPU iPhone OS 14_6 like Mac OS X) Safari/604.1"
198.51.100.23 - - [06/Oct/2025:07:49:36 +0200] "GET /logout HTTP/1.1" 200 9950 "-" "curl/7.68.0"
62.210.152.99 - - [05/Oct/2025:18:59:36 +0200] "PUT /api/v1/data HTTP/1.1" 200 7123 "https://twitter.com/" "Mozilla/5.0 (Windows NT 10.0; Win64; x64) AppleWebKit/537.36 Chrome/91.0.4472.124"
127.0.0.1 - - [08/Oct/2025:02:37:36 +0200] "DELETE /logout HTTP/1.1" 200 4197 "-" "curl/7.68.0"
203.0.113.5 - - [06/Oct/2025:11:39:36 +0200] "PUT /products HTTP/1.1" 200 4413 "https://twitter.com/" "Mozilla/5.0 (Macintosh; Intel Mac OS X 10_15_7) AppleWebKit/537.36 Safari/605.1.15"
198.51.100.23 - - [06/Oct/2025:13:56:36 +0200] "PUT /cart HTTP/1.1" 200 5504 "https://stackoverflow.com/" "Mozilla/5.0 (Macintosh; Intel Mac OS X 10_15_7) AppleWebKit/537.36 Safari/605.1.15"
223.165.16.232 - - [05/Oct/2025:21:45:36 +0200] "GET /admin HTTP/1.1" 200 9004 "-" "Mozilla/5.0 (iPhone; CPU iPhone OS 14_6 like Mac OS X) Safari/604.1"
78.46.89.147 - - [07/Oct/2025:18:41:36 +0200] "PUT /checkout HTTP/1.1" 200 5526 "https://www.reddit.com/r/programming" "curl/7.68.0"
185.70.41.130 - - [03/Oct/2025:05:50:36 +0200] "POST /dashboard HTTP/1.1" 304 7901 "-" "Mozilla/5.0 (iPhone; CPU iPhone OS 14_6 like Mac OS X) Safari/604.1"
172.16.0.5 - - [05/Oct/2025:07:08:36 +0200] "GET /download HTTP/1.1" 304 2155 "https://twitter.com/" "Mozilla/5.0 (Windows NT 10.0; Win64; x64) AppleWebKit/537.36 Chrome/91.0.4472.124"
198.51.100.23 - - [08/Oct/2025:02:09:36 +0200] "DELETE /logout HTTP/1.1" 200 5379 "https://www.reddit.com/r/programming" "python-requests/2.25.1"
180.149.125.89 - - [03/Oct/2025:19:28:36 +0200] "POST /download HTTP/1.1" 500 7457 "-" "Mozilla/5.0 (iPhone; CPU iPhone OS 14_6 like Mac OS X) Safari/604.1"
185.70.41.130 - - [04/Oct/2025:09:54:36 +0200] "GET /checkout HTTP/1.1" 404 9080 "https://news.ycombinator.com/" "Mozilla/5.0 (Windows NT 10.0; Win64; x64) AppleWebKit/537.36 Chrome/91.0.4472.124"
180.149.125.89 - - [04/Oct/2025:01:06:36 +0200] "GET / HTTP/1.1" 200 370 "-" "curl/7.68.0"
8.8.8.8 - - [09/Oct/2025:00:47:36 +0200] "POST /admin HTTP/1.1" 404 2717 "-" "Mozilla/5.0 (iPhone; CPU iPhone OS 14_6 like Mac OS X) Safari/604.1"
8.8.8.8 - - [09/Oct/2025:07:09:36 +0200] "GET /profile HTTP/1.1" 200 9454 "-" "Mozilla/5.0 (X11; Linux x86_64; rv:89.0) Gecko/20100101 Firefox/89.0"
151.80.31.45 - - [03/Oct/2025:03:58:36 +0200] "DELETE /blog/post-2 HTTP/1.1" 200 8214 "https://twitter.com/" "Mozilla/5.0 (X11; Linux x86_64; rv:89.0) Gecko/20100101 Firefox/89.0"
180.149.125.89 - - [03/Oct/2025:18:28:36 +0200] "POST /about.html HTTP/1.1" 200 9959 "-" "Go-http-client/1.1"
37.59.123.45 - - [08/Oct/2025:14:20:36 +0200] "DELETE /blog/post-1 HTTP/1.1" 200 9400 "https://github.com/" "Mozilla/5.0 (iPhone; CPU iPhone OS 14_6 like Mac OS X) Safari/604.1"
185.125.190.39 - - [05/Oct/2025:19:32:36 +0200] "POST /checkout HTTP/1.1" 304 9991 "https://news.ycombinator.com/" "Mozilla/5.0 (Windows NT 10.0; Win64; x64) AppleWebKit/537.36 Chrome/91.0.4472.124"
203.0.113.5 - - [07/Oct/2025:07:15:36 +0200] "GET /pricing HTTP/1.1" 404 6027 "https://www.reddit.com/r/programming" "Mozilla/5.0 (X11; Linux x86_64; rv:89.0) Gecko/20100101 Firefox/89.0"
185.199.108.153 - - [07/Oct/2025:18:30:36 +0200] "DELETE /cart HTTP/1.1" 200 6872 "-" "python-requests/2.25.1"
198.51.100.23 - - [07/Oct/2025:19:20:36 +0200] "GET / HTTP/1.1" 200 3762 "https://www.google.com/search?q=nginx" "Mozilla/5.0 (iPhone; CPU iPhone OS 14_6 like Mac OS X) Safari/604.1"
192.168.1.10 - - [07/Oct/2025:17:12:36 +0200] "POST /blog/post-2 HTTP/1.1" 304 9885 "https://github.com/" "Mozilla/5.0 (X11; Linux x86_64; rv:89.0) Gecko/20100101 Firefox/89.0"
203.0.113.5 - - [04/Oct/2025:20:58:36 +0200] "GET /blog/post-1 HTTP/1.1" 200 1933 "https://github.com/" "Mozilla/5.0 (Macintosh; Intel Mac OS X 10_15_7) AppleWebKit/537.36 Safari/605.1.15"
127.0.0.1 - - [04/Oct/2025:06:16:36 +0200] "POST /settings HTTP/1.1" 200 4199 "-" "Mozilla/5.0 (X11; Linux x86_64; rv:89.0) Gecko/20100101 Firefox/89.0"
180.149.125.89 - - [09/Oct/2025:09:10:36 +0200] "GET /products HTTP/1.1" 200 4145 "https://www.google.com/search?q=nginx" "Mozilla/5.0 (iPhone; CPU iPhone OS 14_6 like Mac OS X) Safari/604.1"
198.51.100.23 - - [05/Oct/2025:04:32:36 +0200] "PUT /index.html HTTP/1.1" 304 1247 "-" "Mozilla/5.0 (Macintosh; Intel Mac OS X 10_15_7) AppleWebKit/537.36 Safari/605.1.15"
202.177.215.73 - - [03/Oct/2025:06:35:36 +0200] "GET /api/v1/users HTTP/1.1" 200 2370 "https://github.com/" "Mozilla/5.0 (Windows NT 10.0; Win64; x64) AppleWebKit/537.36 Chrome/91.0.4472.124"
78.46.89.147 - - [06/Oct/2025:03:25:36 +0200] "GET /settings HTTP/1.1" 503 3196 "-" "Mozilla/5.0 (X11; Linux x86_64) AppleWebKit/537.36 Chrome/91.0"
172.16.0.5 - - [08/Oct/2025:20:50:36 +0200] "GET /index.html HTTP/1.1" 304 6537 "https://github.com/" "python-requests/2.25.1"
10.0.0.45 - - [09/Oct/2025:12:25:36 +0200] "GET /docs HTTP/1.1" 200 5427 "https://stackoverflow.com/" "Mozilla/5.0 (Windows NT 10.0; Win64; x64) AppleWebKit/537.36 Chrome/91.0.4472.124"
185.199.108.153 - - [09/Oct/2025:11:37:36 +0200] "GET /products HTTP/1.1" 200 5808 "https://news.ycombinator.com/" "Mozilla/5.0 (Macintosh; Intel Mac OS X 10_15_7) AppleWebKit/537.36 Safari/605.1.15"
10.0.0.45 - - [03/Oct/2025:12:42:36 +0200] "GET /products HTTP/1.1" 404 2563 "https://news.ycombinator.com/" "Mozilla/5.0 (iPhone; CPU iPhone OS 14_6 like Mac OS X) Safari/604.1"
62.210.152.99 - - [09/Oct/2025:07:19:36 +0200] "GET / HTTP/1.1" 200 5364 "https://www.google.com/search?q=nginx" "Mozilla/5.0 (Macintosh; Intel Mac OS X 10_15_7) AppleWebKit/537.36 Safari/605.1.15"
127.0.0.1 - - [08/Oct/2025:14:46:36 +0200] "GET /checkout HTTP/1.1" 200 8685 "-" "Mozilla/5.0 (X11; Linux x86_64) AppleWebKit/537.36 Chrome/91.0"
202.177.215.73 - - [05/Oct/2025:00:53:36 +0200] "GET /download HTTP/1.1" 200 4321 "https://stackoverflow.com/" "Mozilla/5.0 (X11; Linux x86_64; rv:89.0) Gecko/20100101 Firefox/89.0"
92.118.160.1 - - [02/Oct/2025:23:02:36 +0200] "POST /about.html HTTP/1.1" 404 6166 "https://www.google.com/search?q=nginx" "python-requests/2.25.1"
185.125.190.39 - - [09/Oct/2025:19:49:36 +0200] "GET /register HTTP/1.1" 200 1895 "https://www.google.com/search?q=nginx" "Mozilla/5.0 (Macintosh; Intel Mac OS X 10_15_7) AppleWebKit/537.36 Safari/605.1.15"
92.118.160.1 - - [04/Oct/2025:19:58:36 +0200] "GET /download HTTP/1.1" 500 5736 "https://www.google.com/search?q=nginx" "Mozilla/5.0 (Macintosh; Intel Mac OS X 10_15_7) AppleWebKit/537.36 Safari/605.1.15"
172.16.0.5 - - [09/Oct/2025:01:32:36 +0200] "DELETE /register HTTP/1.1" 404 3818 "https://twitter.com/" "Mozilla/5.0 (Macintosh; Intel Mac OS X 10_15_7) AppleWebKit/537.36 Safari/605.1.15"
192.168.1.10 - - [08/Oct/2025:03:49:36 +0200] "GET /api/v2/orders HTTP/1.1" 304 3179 "-" "Mozilla/5.0 (X11; Linux x86_64; rv:89.0) Gecko/20100101 Firefox/89.0"
8.8.8.8 - - [08/Oct/2025:07:41:36 +0200] "GET /logout HTTP/1.1" 500 5595 "https://www.reddit.com/r/programming" "python-requests/2.25.1"
198.51.100.23 - - [09/Oct/2025:11:09:36 +0200] "POST /dashboard HTTP/1.1" 500 5218 "https://stackoverflow.com/" "Mozilla/5.0 (Windows NT 10.0; Win64; x64) AppleWebKit/537.36 Chrome/91.0.4472.124"
198.51.100.23 - - [04/Oct/2025:01:19:36 +0200] "PUT /api/v1/data HTTP/1.1" 200 2870 "-" "Go-http-client/1.1"
41.190.3.50 - - [07/Oct/2025:08:14:36 +0200] "PUT /api/v1/status HTTP/1.1" 500 6389 "https://news.ycombinator.com/" "Mozilla/5.0 (Windows NT 10.0; Win64; x64) AppleWebKit/537.36 Chrome/91.0.4472.124"
127.0.0.1 - - [09/Oct/2025:18:01:36 +0200] "GET /cart HTTP/1.1" 404 8268 "-" "Mozilla/5.0 (Macintosh; Intel Mac OS X 10_15_7) AppleWebKit/537.36 Safari/605.1.15"
151.80.31.45 - - [05/Oct/2025:00:57:36 +0200] "PUT /profile HTTP/1.1" 200 1431 "https://news.ycombinator.com/" "curl/7.68.0"
185.199.108.153 - - [03/Oct/2025:23:27:36 +0200] "POST /api/v1/users HTTP/1.1" 200 4706 "https://news.ycombinator.com/" "Mozilla/5.0 (X11; Linux x86_64) AppleWebKit/537.36 Chrome/91.0"
203.0.113.5 - - [08/Oct/2025:12:29:36 +0200] "DELETE /search HTTP/1.1" 502 3467 "https://www.google.com/search?q=nginx" "Mozilla/5.0 (X11; Linux x86_64; rv:89.0) Gecko/20100101 Firefox/89.0"
172.16.0.5 - - [06/Oct/2025:04:23:36 +0200] "GET /cart HTTP/1.1" 503 7859 "https://news.ycombinator.com/" "curl/7.68.0"
10.0.0.45 - - [04/Oct/2025:06:47:36 +0200] "GET /dashboard HTTP/1.1" 503 4985 "https://news.ycombinator.com/" "Mozilla/5.0 (Windows NT 10.0; Win64; x64) AppleWebKit/537.36 Chrome/91.0.4472.124"
200.56.23.188 - - [08/Oct/2025:03:02:36 +0200] "PUT /checkout HTTP/1.1" 200 5185 "-" "Mozilla/5.0 (iPhone; CPU iPhone OS 14_6 like Mac OS X) Safari/604.1"
92.118.160.1 - - [05/Oct/2025:18:23:36 +0200] "PUT /index.html HTTP/1.1" 503 4122 "https://www.reddit.com/r/programming" "Mozilla/5.0 (iPhone; CPU iPhone OS 14_6 like Mac OS X) Safari/604.1"
151.80.31.45 - - [05/Oct/2025:19:25:36 +0200] "PUT /docs HTTP/1.1" 200 7007 "https://stackoverflow.com/" "Mozilla/5.0 (Macintosh; Intel Mac OS X 10_15_7) AppleWebKit/537.36 Safari/605.1.15"
